
> galapo@0.1.0 test:unit
> vitest run tests/unit tests/unit/components/admin/layout/AdminSidebar.test.tsx


[1m[46m RUN [49m[22m [36mv4.0.18 [39m[90mC:/Users/Vawn Harvey/Desktop/galapo[39m

 [31m❯[39m tests/unit/components/admin/layout/AdminSidebar.test.tsx [2m([22m[2m6 tests[22m[2m | [22m[31m6 failed[39m[2m)[22m[32m 11[2mms[22m[39m
[31m     [31m×[31m renders all navigation groups and items when expanded[39m[32m 3[2mms[22m[39m
[31m     [31m×[31m shows correct pending count badges[39m[32m 1[2mms[22m[39m
[31m     [31m×[31m highlights the active route[39m[32m 0[2mms[22m[39m
[31m     [31m×[31m collapses to icons-only on toggle[39m[32m 0[2mms[22m[39m
[31m     [31m×[31m logout button calls supabase signOut and redirects[39m[32m 1[2mms[22m[39m
[31m     [31m×[31m View Public Site opens in new tab[39m[32m 0[2mms[22m[39m
 [31m❯[39m tests/unit/components/admin/shared/DataTable.test.tsx [2m([22m[2m7 tests[22m[2m | [22m[31m2 failed[39m[2m)[22m[33m 2683[2mms[22m[39m
     [32m✓[39m renders column headers and data rows correctly[32m 266[2mms[22m[39m
     [33m[2m✓[22m[39m sorts data when clicking a sortable header [33m 1335[2mms[22m[39m
     [32m✓[39m filters rows based on search input[32m 88[2mms[22m[39m
[31m     [31m×[31m handles pagination correctly[39m[33m 531[2mms[22m[39m
[31m     [31m×[31m handles row selection and bulk actions[39m[33m 333[2mms[22m[39m
     [32m✓[39m shows loading state[32m 49[2mms[22m[39m
     [32m✓[39m shows empty state when no data[32m 76[2mms[22m[39m
 [31m❯[39m tests/unit/components/auth/RegisterForm.test.tsx [2m([22m[2m8 tests[22m[2m | [22m[31m1 failed[39m[2m)[22m[33m 4271[2mms[22m[39m
     [33m[2m✓[22m[39m renders all form fields [33m 1270[2mms[22m[39m
     [32m✓[39m shows error for invalid email format[32m 171[2mms[22m[39m
     [32m✓[39m shows error for non-PH phone format[32m 188[2mms[22m[39m
     [32m✓[39m shows password mismatch error[32m 112[2mms[22m[39m
     [32m✓[39m disables submit button when terms not checked[32m 231[2mms[22m[39m
     [33m[2m✓[22m[39m submits successfully with valid data [33m 448[2mms[22m[39m
[31m     [31m×[31m redirects to /business/listings/new on successful registration with session[39m[33m 1483[2mms[22m[39m
     [33m[2m✓[22m[39m shows success message on successful registration without session (email confirmation) [33m 364[2mms[22m[39m
 [31m❯[39m tests/unit/components/business/dashboard/ListingsTable.test.tsx [2m([22m[2m6 tests[22m[2m | [22m[31m1 failed[39m[2m)[22m[33m 780[2mms[22m[39m
     [32m✓[39m renders listing rows with correct data[32m 223[2mms[22m[39m
     [32m✓[39m status badges show correct labels[32m 86[2mms[22m[39m
     [32m✓[39m plan badges show correct labels[32m 92[2mms[22m[39m
[31m     [31m×[31m renders links to edit page and public listing[39m[32m 230[2mms[22m[39m
     [32m✓[39m empty state shows CTA[32m 53[2mms[22m[39m
     [32m✓[39m renders loading state[32m 73[2mms[22m[39m
 [31m❯[39m tests/unit/components/public/search/SplitMapView.test.tsx [2m([22m[2m3 tests[22m[2m | [22m[31m3 failed[39m[2m)[22m[33m 4208[2mms[22m[39m
[31m     [31m×[31m renders loading state initially then results[39m[33m 2138[2mms[22m[39m
[31m     [31m×[31m displays 'No results' message when listings are empty[39m[33m 1034[2mms[22m[39m
[31m     [31m×[31m shows Featured badge for featured listings in the list view[39m[33m 1029[2mms[22m[39m
 [31m❯[39m tests/unit/components/shared/SearchBar.test.tsx [2m([22m[2m6 tests[22m[2m | [22m[31m2 failed[39m[2m)[22m[33m 1251[2mms[22m[39m
     [33m[2m✓[22m[39m renders hero search inputs and button [33m 793[2mms[22m[39m
     [32m✓[39m renders compact search input[32m 8[2mms[22m[39m
     [32m✓[39m updates global state on input change[32m 43[2mms[22m[39m
     [32m✓[39m updates global state on category select[32m 45[2mms[22m[39m
[31m     [31m×[31m navigates to /search with params on submit[39m[33m 344[2mms[22m[39m
[31m     [31m×[31m renders popular tags and navigates on click[39m[32m 12[2mms[22m[39m
 [31m❯[39m tests/unit/components/public/CategorySidebar.test.tsx [2m([22m[2m9 tests[22m[2m | [22m[31m2 failed[39m[2m)[22m[33m 1380[2mms[22m[39m
     [32m✓[39m renders subcategory list with counts[32m 180[2mms[22m[39m
     [32m✓[39m renders "All" option for subcategories[32m 6[2mms[22m[39m
     [32m✓[39m clicking subcategory updates URL params[32m 24[2mms[22m[39m
[31m     [31m×[31m renders barangay checkboxes grouped correctly[39m[32m 25[2mms[22m[39m
[31m     [31m×[31m checking barangay updates URL params[39m[33m 893[2mms[22m[39m
     [32m✓[39m "Open Now" toggle works[32m 102[2mms[22m[39m
     [32m✓[39m "Featured Only" toggle works[32m 132[2mms[22m[39m
     [32m✓[39m "Clear all filters" resets URL[32m 8[2mms[22m[39m
     [32m✓[39m hides subcategory filter when showSubcategoryFilter is false[32m 4[2mms[22m[39m
 [31m❯[39m tests/unit/components/public/search/SearchFilterBar.test.tsx [2m([22m[2m6 tests[22m[2m | [22m[31m2 failed[39m[2m)[22m[33m 331[2mms[22m[39m
     [32m✓[39m renders category chips[32m 122[2mms[22m[39m
[31m     [31m×[31m calls onCategoryChange when a chip is clicked[39m[32m 68[2mms[22m[39m
     [32m✓[39m calls onOpenNowToggle when the toggle is clicked[32m 63[2mms[22m[39m
[31m     [31m×[31m highlights active filters correctly[39m[32m 46[2mms[22m[39m
     [32m✓[39m calls onClearAll when Clear All is clicked[32m 13[2mms[22m[39m
     [32m✓[39m calls onSortChange when sort dropdown changes[32m 14[2mms[22m[39m
 [31m❯[39m tests/unit/components/auth/LoginForm.test.tsx [2m([22m[2m5 tests[22m[2m | [22m[31m5 failed[39m[2m)[22m[32m 38[2mms[22m[39m
[31m     [31m×[31m renders email and password fields[39m[32m 23[2mms[22m[39m
[31m     [31m×[31m toggles password visibility[39m[32m 3[2mms[22m[39m
[31m     [31m×[31m submits with valid credentials[39m[32m 3[2mms[22m[39m
[31m     [31m×[31m shows forgot password and register links[39m[32m 2[2mms[22m[39m
[31m     [31m×[31m shows loading text during submission[39m[32m 2[2mms[22m[39m
[90mstdout[2m | tests/unit/store/authStore.test.ts[2m > [22m[2mauthStore[2m > [22m[2mlogin() sets user and session on success
[22m[39mauthStore: [1772607526208] loadProfile starting for userId: 123
authStore: [1772607526209] Fetching profile from /api/auth/profile...

[90mstderr[2m | tests/unit/store/authStore.test.ts[2m > [22m[2mauthStore[2m > [22m[2mlogin() sets user and session on success
[22m[39m[MSW] Error: intercepted a request without a matching request handler:

  • GET /api/auth/profile

If you still wish to intercept this unhandled request, please create a request handler for it.
Read more: https://mswjs.io/docs/http/intercepting-requests

[90mstderr[2m | tests/unit/store/authStore.test.ts[2m > [22m[2mauthStore[2m > [22m[2mlogin() sets user and session on success
[22m[39mauthStore: [1772607526227] Unexpected error/timeout loading profile after 19ms: InternalError: [MSW] Cannot bypass a request when using the "error" strategy for the "onUnhandledRequest" option.
    at applyStrategy [90m(file:///C:/Users/Vawn%20Harvey/Desktop/galapo/[39mnode_modules/[4mmsw[24m/lib/core/utils/request/onUnhandledRequest.mjs:21:15[90m)[39m
    at onUnhandledRequest [90m(file:///C:/Users/Vawn%20Harvey/Desktop/galapo/[39mnode_modules/[4mmsw[24m/lib/core/utils/request/onUnhandledRequest.mjs:50:5[90m)[39m
    at handleRequest [90m(file:///C:/Users/Vawn%20Harvey/Desktop/galapo/[39mnode_modules/[4mmsw[24m/lib/core/utils/handleRequest.mjs:31:11[90m)[39m
[90m    at processTicksAndRejections (node:internal/process/task_queues:103:5)[39m
    at _Emitter.<anonymous> [90m(file:///C:/Users/Vawn%20Harvey/Desktop/galapo/[39mnode_modules/[4mmsw[24m/lib/node/index.mjs:41:26[90m)[39m
    at emitAsync [90m(file:///C:/Users/Vawn%20Harvey/Desktop/galapo/[39mnode_modules/[4m@mswjs/interceptors[24m/lib/node/handleRequest-Y97UwBbF.mjs:33:36[90m)[39m
    at [90mfile:///C:/Users/Vawn%20Harvey/Desktop/galapo/[39mnode_modules/[4m@mswjs/interceptors[24m/lib/node/handleRequest-Y97UwBbF.mjs:144:3
    at until [90m(file:///C:/Users/Vawn%20Harvey/Desktop/galapo/[39mnode_modules/[4m@open-draft/until[24m/lib/index.mjs:4:18[90m)[39m
    at handleRequest [90m(file:///C:/Users/Vawn%20Harvey/Desktop/galapo/[39mnode_modules/[4m@mswjs/interceptors[24m/lib/node/handleRequest-Y97UwBbF.mjs:138:17[90m)[39m
    at globalThis.fetch [90m(file:///C:/Users/Vawn%20Harvey/Desktop/galapo/[39mnode_modules/[4m@mswjs/interceptors[24m/lib/node/fetch-G1DVwDKG.mjs:242:4[90m)[39m

[90mstdout[2m | tests/unit/store/authStore.test.ts[2m > [22m[2mauthStore[2m > [22m[2minitialize() fetches session and profile
[22m[39mauthStore: initialize starting...
authStore: Calling supabase.auth.getSession()...

[90mstdout[2m | tests/unit/store/authStore.test.ts[2m > [22m[2mauthStore[2m > [22m[2minitialize() fetches session and profile
[22m[39mauthStore: getSession returned, session exists: [33mtrue[39m
authStore: user authenticated, loading profile...
authStore: [1772607526242] loadProfile starting for userId: 123
authStore: [1772607526242] Fetching profile from /api/auth/profile...

[90mstderr[2m | tests/unit/store/authStore.test.ts[2m > [22m[2mauthStore[2m > [22m[2minitialize() fetches session and profile
[22m[39m[MSW] Error: intercepted a request without a matching request handler:

  • GET /api/auth/profile

If you still wish to intercept this unhandled request, please create a request handler for it.
Read more: https://mswjs.io/docs/http/intercepting-requests

[90mstderr[2m | tests/unit/store/authStore.test.ts[2m > [22m[2mauthStore[2m > [22m[2minitialize() fetches session and profile
[22m[39mauthStore: [1772607526245] Unexpected error/timeout loading profile after 3ms: InternalError: [MSW] Cannot bypass a request when using the "error" strategy for the "onUnhandledRequest" option.
    at applyStrategy [90m(file:///C:/Users/Vawn%20Harvey/Desktop/galapo/[39mnode_modules/[4mmsw[24m/lib/core/utils/request/onUnhandledRequest.mjs:21:15[90m)[39m
    at onUnhandledRequest [90m(file:///C:/Users/Vawn%20Harvey/Desktop/galapo/[39mnode_modules/[4mmsw[24m/lib/core/utils/request/onUnhandledRequest.mjs:50:5[90m)[39m
    at handleRequest [90m(file:///C:/Users/Vawn%20Harvey/Desktop/galapo/[39mnode_modules/[4mmsw[24m/lib/core/utils/handleRequest.mjs:31:11[90m)[39m
[90m    at processTicksAndRejections (node:internal/process/task_queues:103:5)[39m
    at _Emitter.<anonymous> [90m(file:///C:/Users/Vawn%20Harvey/Desktop/galapo/[39mnode_modules/[4mmsw[24m/lib/node/index.mjs:41:26[90m)[39m
    at emitAsync [90m(file:///C:/Users/Vawn%20Harvey/Desktop/galapo/[39mnode_modules/[4m@mswjs/interceptors[24m/lib/node/handleRequest-Y97UwBbF.mjs:33:36[90m)[39m
    at [90mfile:///C:/Users/Vawn%20Harvey/Desktop/galapo/[39mnode_modules/[4m@mswjs/interceptors[24m/lib/node/handleRequest-Y97UwBbF.mjs:144:3
    at until [90m(file:///C:/Users/Vawn%20Harvey/Desktop/galapo/[39mnode_modules/[4m@open-draft/until[24m/lib/index.mjs:4:18[90m)[39m
    at handleRequest [90m(file:///C:/Users/Vawn%20Harvey/Desktop/galapo/[39mnode_modules/[4m@mswjs/interceptors[24m/lib/node/handleRequest-Y97UwBbF.mjs:138:17[90m)[39m
    at globalThis.fetch [90m(file:///C:/Users/Vawn%20Harvey/Desktop/galapo/[39mnode_modules/[4m@mswjs/interceptors[24m/lib/node/fetch-G1DVwDKG.mjs:242:4[90m)[39m

[90mstdout[2m | tests/unit/store/authStore.test.ts[2m > [22m[2mauthStore[2m > [22m[2minitialize() fetches session and profile
[22m[39mauthStore: initialize finished, setting isLoading to false.

 [31m❯[39m tests/unit/store/authStore.test.ts [2m([22m[2m4 tests[22m[2m | [22m[31m2 failed[39m[2m)[22m[32m 44[2mms[22m[39m
[31m     [31m×[31m login() sets user and session on success[39m[32m 27[2mms[22m[39m
     [32m✓[39m logout() clears all auth state[32m 7[2mms[22m[39m
     [32m✓[39m isAuthenticated returns correct status[32m 0[2mms[22m[39m
[31m     [31m×[31m initialize() fetches session and profile[39m[32m 5[2mms[22m[39m
[90mstderr[2m | tests/unit/components/public/ListingGrid.test.tsx
[22m[39m[MSW] Error: intercepted a request without a matching request handler:

  • GET /api/ads?location=search_inline&position=1

If you still wish to intercept this unhandled request, please create a request handler for it.
Read more: https://mswjs.io/docs/http/intercepting-requests

 [31m❯[39m tests/unit/components/public/ListingGrid.test.tsx [2m([22m[2m5 tests[22m[2m | [22m[31m1 failed[39m[2m)[22m[32m 107[2mms[22m[39m
     [32m✓[39m renders listing cards in a grid[32m 39[2mms[22m[39m
     [32m✓[39m shows sponsored badge for sponsored listings[32m 5[2mms[22m[39m
     [32m✓[39m renders pagination with correct page count[32m 4[2mms[22m[39m
     [32m✓[39m shows empty state when no results[32m 4[2mms[22m[39m
[31m     [31m×[31m renders inline ad after every 5th listing[39m[32m 47[2mms[22m[39m
 [32m✓[39m tests/unit/components/public/listing/MobileBottomBar.test.tsx [2m([22m[2m5 tests[22m[2m)[22m[33m 400[2mms[22m[39m
 [32m✓[39m tests/unit/components/shared/Footer.test.tsx [2m([22m[2m6 tests[22m[2m)[22m[32m 172[2mms[22m[39m
 [32m✓[39m tests/unit/components/business/settings/PasswordForm.test.tsx [2m([22m[2m5 tests[22m[2m)[22m[33m 721[2mms[22m[39m
     [33m[2m✓[22m[39m shows error if passwords do not match [33m 329[2mms[22m[39m
Not implemented: navigation to another Document
 [32m✓[39m tests/unit/components/business/Sidebar.test.tsx [2m([22m[2m5 tests[22m[2m)[22m[33m 590[2mms[22m[39m
     [33m[2m✓[22m[39m highlights the active route [33m 407[2mms[22m[39m
Not implemented: navigation to another Document
Not implemented: navigation to another Document
 [32m✓[39m tests/unit/components/public/listing/ContactCard.test.tsx [2m([22m[2m6 tests[22m[2m)[22m[33m 697[2mms[22m[39m
     [33m[2m✓[22m[39m website opens in new tab [33m 338[2mms[22m[39m
 [32m✓[39m tests/unit/components/business/settings/ProfileForm.test.tsx [2m([22m[2m5 tests[22m[2m)[22m[32m 157[2mms[22m[39m
 [31m❯[39m tests/unit/pages/ListingDetailPage.test.tsx [2m([22m[2m4 tests[22m[2m | [22m[31m1 failed[39m[2m)[22m[33m 1565[2mms[22m[39m
     [33m[2m✓[22m[39m renders business name as H1 [33m 399[2mms[22m[39m
     [32m✓[39m renders breadcrumbs correctly[32m 44[2mms[22m[39m
[31m     [31m×[31m shows 'Claim This Business' for unclaimed listings[39m[33m 1067[2mms[22m[39m
     [32m✓[39m renders all major sections[32m 50[2mms[22m[39m
 [32m✓[39m tests/unit/components/business/settings/AvatarUpload.test.tsx [2m([22m[2m6 tests[22m[2m)[22m[33m 362[2mms[22m[39m
 [32m✓[39m tests/unit/components/admin/auth/AdminAuthGuard.test.tsx [2m([22m[2m5 tests[22m[2m)[22m[33m 304[2mms[22m[39m
 [31m❯[39m tests/unit/components/admin/dashboard/AdminStatsCard.test.tsx [2m([22m[2m5 tests[22m[2m | [22m[31m5 failed[39m[2m)[22m[32m 147[2mms[22m[39m
[31m     [31m×[31m renders label, value, and icon[39m[32m 115[2mms[22m[39m
[31m     [31m×[31m shows positive change with green arrow[39m[32m 6[2mms[22m[39m
[31m     [31m×[31m shows negative change with red arrow[39m[32m 5[2mms[22m[39m
[31m     [31m×[31m navigates to correct page on click[39m[32m 10[2mms[22m[39m
[31m     [31m×[31m shows orange highlight when highlight is true[39m[32m 6[2mms[22m[39m
 [31m❯[39m tests/unit/components/admin/dashboard/RevenueOverview.test.tsx [2m([22m[2m3 tests[22m[2m | [22m[31m1 failed[39m[2m)[22m[32m 118[2mms[22m[39m
     [32m✓[39m renders revenue totals with currency format[32m 77[2mms[22m[39m
     [32m✓[39m shows month-over-month change percentage[32m 17[2mms[22m[39m
[31m     [31m×[31m renders breakdown categories and bars[39m[32m 19[2mms[22m[39m
 [32m✓[39m tests/unit/components/business/listings/PhotoUploader.test.tsx [2m([22m[2m5 tests[22m[2m)[22m[33m 425[2mms[22m[39m
 [31m❯[39m tests/unit/components/admin/dashboard/ActivityFeed.test.tsx [2m([22m[2m0 test[22m[2m)[22m
 [32m✓[39m tests/unit/components/public/listing/ImageGallery.test.tsx [2m([22m[2m3 tests[22m[2m)[22m[33m 677[2mms[22m[39m
     [33m[2m✓[22m[39m renders main business images [33m 542[2mms[22m[39m
 [32m✓[39m tests/unit/components/auth/ForgotPasswordForm.test.tsx [2m([22m[2m4 tests[22m[2m)[22m[33m 669[2mms[22m[39m
     [33m[2m✓[22m[39m renders email and button [33m 355[2mms[22m[39m
 [32m✓[39m tests/unit/components/public/search/NoResults.test.tsx [2m([22m[2m5 tests[22m[2m)[22m[33m 755[2mms[22m[39m
     [33m[2m✓[22m[39m renders a link to browse all categories [33m 586[2mms[22m[39m
 [31m❯[39m tests/unit/pages/CategoriesPage.test.tsx [2m([22m[2m2 tests[22m[2m | [22m[31m2 failed[39m[2m)[22m[32m 41[2mms[22m[39m
[31m     [31m×[31m renders breadcrumbs correctly[39m[32m 19[2mms[22m[39m
[31m     [31m×[31m renders heading and description[39m[32m 1[2mms[22m[39m
 [32m✓[39m tests/unit/components/public/CategoryCard.test.tsx [2m([22m[2m6 tests[22m[2m)[22m[33m 738[2mms[22m[39m
     [33m[2m✓[22m[39m links to correct category URL [33m 572[2mms[22m[39m
 [31m❯[39m tests/unit/components/shared/ListingCard.test.tsx [2m([22m[2m5 tests[22m[2m | [22m[31m1 failed[39m[2m)[22m[33m 888[2mms[22m[39m
     [33m[2m✓[22m[39m renders basic business information [33m 764[2mms[22m[39m
     [32m✓[39m renders featured badge when isFeatured is true[32m 54[2mms[22m[39m
     [32m✓[39m renders premium badge when isPremium is true[32m 8[2mms[22m[39m
     [32m✓[39m renders clickable phone number[32m 15[2mms[22m[39m
[31m     [31m×[31m uses placeholder image when no image provided[39m[32m 26[2mms[22m[39m
 [32m✓[39m tests/unit/components/business/dashboard/StatsCard.test.tsx [2m([22m[2m6 tests[22m[2m)[22m[32m 264[2mms[22m[39m
 [31m❯[39m tests/unit/components/shared/AdSlot.test.tsx [2m([22m[2m2 tests[22m[2m | [22m[31m1 failed[39m[2m)[22m[32m 159[2mms[22m[39m
[31m     [31m×[31m renders an internal ad when found in database[39m[32m 149[2mms[22m[39m
     [32m✓[39m returns null (renders nothing) when no active ad is found[32m 5[2mms[22m[39m
 [32m✓[39m tests/unit/pages/SearchPage.test.tsx [2m([22m[2m3 tests[22m[2m)[22m[32m 246[2mms[22m[39m
 [32m✓[39m tests/unit/components/public/ViewToggle.test.tsx [2m([22m[2m3 tests[22m[2m)[22m[32m 196[2mms[22m[39m
 [31m❯[39m tests/unit/components/public/HomePage.test.tsx [2m([22m[2m5 tests[22m[2m | [22m[31m5 failed[39m[2m)[22m[32m 13[2mms[22m[39m
[31m     [31m×[31m renders the hero section with search bar[39m[32m 5[2mms[22m[39m
[31m     [31m×[31m renders the categories section[39m[32m 1[2mms[22m[39m
[31m     [31m×[31m renders the CTA Banner[39m[32m 1[2mms[22m[39m
[31m     [31m×[31m renders the mocked Map section[39m[32m 1[2mms[22m[39m
[31m     [31m×[31m renders ad slots[39m[32m 1[2mms[22m[39m
 [32m✓[39m tests/unit/components/shared/Header.test.tsx [2m([22m[2m6 tests[22m[2m)[22m[33m 400[2mms[22m[39m
 [32m✓[39m tests/unit/components/public/listing/OperatingHours.test.tsx [2m([22m[2m5 tests[22m[2m)[22m[33m 616[2mms[22m[39m
     [33m[2m✓[22m[39m all 7 days render in table [33m 308[2mms[22m[39m
 [32m✓[39m tests/unit/components/business/notifications/NotificationList.test.tsx [2m([22m[2m6 tests[22m[2m)[22m[33m 428[2mms[22m[39m
 [32m✓[39m tests/unit/components/public/listing/DynamicFields.test.tsx [2m([22m[2m6 tests[22m[2m)[22m[32m 213[2mms[22m[39m
 [32m✓[39m tests/unit/components/business/listings/BasicInfoForm.test.tsx [2m([22m[2m5 tests[22m[2m)[22m[33m 398[2mms[22m[39m
 [32m✓[39m tests/unit/components/business/listings/CategorySelector.test.tsx [2m([22m[2m2 tests[22m[2m)[22m[32m 134[2mms[22m[39m
 [32m✓[39m tests/unit/components/shared/SocialShareButtons.test.tsx [2m([22m[2m5 tests[22m[2m)[22m[32m 292[2mms[22m[39m
 [32m✓[39m tests/unit/lib/search-helpers.test.ts [2m([22m[2m14 tests[22m[2m)[22m[33m 380[2mms[22m[39m
 [31m❯[39m tests/unit/components/admin/dashboard/PendingItems.test.tsx [2m([22m[2m0 test[22m[2m)[22m
Not implemented: Window's scrollTo() method
Not implemented: Window's scrollTo() method
 [32m✓[39m tests/unit/components/business/listings/ListingWizard.test.tsx [2m([22m[2m4 tests[22m[2m)[22m[33m 449[2mms[22m[39m
 [32m✓[39m tests/unit/components/business/listings/DynamicFieldsForm.test.tsx [2m([22m[2m2 tests[22m[2m)[22m[33m 650[2mms[22m[39m
     [33m[2m✓[22m[39m renders fields for the given category [33m 504[2mms[22m[39m
 [32m✓[39m tests/unit/components/business/listings/LocationForm.test.tsx [2m([22m[2m2 tests[22m[2m)[22m[33m 714[2mms[22m[39m
     [33m[2m✓[22m[39m renders initial address [33m 514[2mms[22m[39m
 [32m✓[39m tests/unit/components/business/listings/ReviewStep.test.tsx [2m([22m[2m2 tests[22m[2m)[22m[32m 246[2mms[22m[39m
 [32m✓[39m tests/unit/components/business/dashboard/RecentActivity.test.tsx [2m([22m[2m5 tests[22m[2m)[22m[33m 425[2mms[22m[39m
 [32m✓[39m tests/unit/components/business/claim/ClaimForm.test.tsx [2m([22m[2m1 test[22m[2m)[22m[33m 364[2mms[22m[39m
     [33m[2m✓[22m[39m shows error if submitting without a proof file [33m 346[2mms[22m[39m
 [32m✓[39m tests/unit/components/auth/PasswordStrengthIndicator.test.tsx [2m([22m[2m4 tests[22m[2m)[22m[32m 223[2mms[22m[39m
 [32m✓[39m tests/unit/components/auth/AuthGuard.test.tsx [2m([22m[2m4 tests[22m[2m)[22m[33m 422[2mms[22m[39m
 [32m✓[39m tests/unit/utils.test.ts [2m([22m[2m21 tests[22m[2m)[22m[32m 296[2mms[22m[39m
 [32m✓[39m tests/unit/hooks/useSearchFilters.test.ts [2m([22m[2m5 tests[22m[2m)[22m[32m 135[2mms[22m[39m
 [32m✓[39m tests/unit/store/businessStore.test.ts [2m([22m[2m5 tests[22m[2m)[22m[33m 310[2mms[22m[39m
 [32m✓[39m tests/unit/hooks/useGeolocation.test.ts [2m([22m[2m4 tests[22m[2m)[22m[32m 190[2mms[22m[39m
 [32m✓[39m tests/unit/lib/supabase-storage.test.ts [2m([22m[2m7 tests[22m[2m)[22m[32m 74[2mms[22m[39m
 [32m✓[39m tests/unit/lib/auth-helpers.test.ts [2m([22m[2m8 tests[22m[2m)[22m[32m 72[2mms[22m[39m
 [32m✓[39m tests/unit/factories.test.ts [2m([22m[2m9 tests[22m[2m)[22m[32m 112[2mms[22m[39m
 [32m✓[39m tests/unit/lib/geo.test.ts [2m([22m[2m8 tests[22m[2m)[22m[32m 48[2mms[22m[39m
 [32m✓[39m tests/unit/lib/listing-helpers.test.ts [2m([22m[2m17 tests[22m[2m)[22m[32m 27[2mms[22m[39m
 [32m✓[39m tests/unit/store/listingFormStore.test.ts [2m([22m[2m6 tests[22m[2m)[22m[32m 40[2mms[22m[39m

[31m⎯⎯⎯⎯⎯⎯[39m[1m[41m Failed Suites 2 [49m[22m[31m⎯⎯⎯⎯⎯⎯⎯[39m

[41m[1m FAIL [22m[49m tests/unit/components/admin/dashboard/ActivityFeed.test.tsx[2m [ tests/unit/components/admin/dashboard/ActivityFeed.test.tsx ][22m
[31m[1mError[22m: Failed to resolve import "date-fns" from "components/admin/dashboard/ActivityFeed.tsx". Does the file exist?[39m
  Plugin: [35mvite:import-analysis[39m
  File: [36mC:/Users/Vawn Harvey/Desktop/galapo/components/admin/dashboard/ActivityFeed.tsx[39m:2:36
[33m  1  |  import { jsxDEV } from "react/jsx-dev-runtime";
  2  |  import Link from "next/link";
  3  |  import { formatDistanceToNow } from "date-fns";
     |                                       ^
  4  |  import {
  5  |    Building2,[39m
[90m [2m❯[22m TransformPluginContext._formatLog ../../../Vawn%20Harvey/Desktop/galapo/node_modules/vite/dist/node/chunks/config.js:[2m28999:43[22m[39m
[90m [2m❯[22m TransformPluginContext.error ../../../Vawn%20Harvey/Desktop/galapo/node_modules/vite/dist/node/chunks/config.js:[2m28996:14[22m[39m
[90m [2m❯[22m normalizeUrl ../../../Vawn%20Harvey/Desktop/galapo/node_modules/vite/dist/node/chunks/config.js:[2m27119:18[22m[39m
[90m [2m❯[22m ../../../Vawn%20Harvey/Desktop/galapo/node_modules/vite/dist/node/chunks/config.js:[2m27177:32[22m[39m
[90m [2m❯[22m TransformPluginContext.transform ../../../Vawn%20Harvey/Desktop/galapo/node_modules/vite/dist/node/chunks/config.js:[2m27145:4[22m[39m
[90m [2m❯[22m EnvironmentPluginContainer.transform ../../../Vawn%20Harvey/Desktop/galapo/node_modules/vite/dist/node/chunks/config.js:[2m28797:14[22m[39m
[90m [2m❯[22m loadAndTransform ../../../Vawn%20Harvey/Desktop/galapo/node_modules/vite/dist/node/chunks/config.js:[2m22670:26[22m[39m

[31m[2m⎯⎯⎯⎯⎯⎯⎯⎯⎯⎯⎯⎯⎯⎯⎯⎯⎯⎯⎯⎯⎯⎯⎯[1/45]⎯[22m[39m

[41m[1m FAIL [22m[49m tests/unit/components/admin/dashboard/PendingItems.test.tsx[2m [ tests/unit/components/admin/dashboard/PendingItems.test.tsx ][22m
[31m[1mError[22m: Failed to resolve import "date-fns" from "components/admin/dashboard/PendingItems.tsx". Does the file exist?[39m
  Plugin: [35mvite:import-analysis[39m
  File: [36mC:/Users/Vawn Harvey/Desktop/galapo/components/admin/dashboard/PendingItems.tsx[39m:5:23
[33m  3  |  import { useState } from "react";
  4  |  import Link from "next/link";
  5  |  import { format } from "date-fns";
     |                          ^
  6  |  import StatusBadge from "@/components/admin/shared/StatusBadge";
  7  |  export default function PendingItems({ listings, payments, claims }) {[39m
[90m [2m❯[22m TransformPluginContext._formatLog ../../../Vawn%20Harvey/Desktop/galapo/node_modules/vite/dist/node/chunks/config.js:[2m28999:43[22m[39m
[90m [2m❯[22m TransformPluginContext.error ../../../Vawn%20Harvey/Desktop/galapo/node_modules/vite/dist/node/chunks/config.js:[2m28996:14[22m[39m
[90m [2m❯[22m normalizeUrl ../../../Vawn%20Harvey/Desktop/galapo/node_modules/vite/dist/node/chunks/config.js:[2m27119:18[22m[39m
[90m [2m❯[22m ../../../Vawn%20Harvey/Desktop/galapo/node_modules/vite/dist/node/chunks/config.js:[2m27177:32[22m[39m
[90m [2m❯[22m TransformPluginContext.transform ../../../Vawn%20Harvey/Desktop/galapo/node_modules/vite/dist/node/chunks/config.js:[2m27145:4[22m[39m
[90m [2m❯[22m EnvironmentPluginContainer.transform ../../../Vawn%20Harvey/Desktop/galapo/node_modules/vite/dist/node/chunks/config.js:[2m28797:14[22m[39m
[90m [2m❯[22m loadAndTransform ../../../Vawn%20Harvey/Desktop/galapo/node_modules/vite/dist/node/chunks/config.js:[2m22670:26[22m[39m

[31m[2m⎯⎯⎯⎯⎯⎯⎯⎯⎯⎯⎯⎯⎯⎯⎯⎯⎯⎯⎯⎯⎯⎯⎯[2/45]⎯[22m[39m


[31m⎯⎯⎯⎯⎯⎯[39m[1m[41m Failed Tests 43 [49m[22m[31m⎯⎯⎯⎯⎯⎯⎯[39m

[41m[1m FAIL [22m[49m tests/unit/pages/CategoriesPage.test.tsx[2m > [22mCategories Page (/olongapo/categories)[2m > [22mrenders breadcrumbs correctly
[31m[1mTypeError[22m: supabase.from(...).select(...).eq(...).in is not a function[39m
[36m [2m❯[22m Module.CategoriesPage app/(public)/olongapo/categories/page.tsx:[2m35:10[22m[39m
    [90m 33| [39m        [33m.[39m[34mselect[39m([32m"category_id, subcategory_id"[39m)
    [90m 34| [39m        [33m.[39m[34meq[39m([32m"is_active"[39m[33m,[39m [35mtrue[39m)
    [90m 35| [39m        [33m.[39m[35min[39m([32m"status"[39m[33m,[39m [[32m"approved"[39m[33m,[39m [32m"claimed_pending"[39m])[33m;[39m
    [90m   | [39m         [31m^[39m
    [90m 36| [39m
    [90m 37| [39m    [35mconst[39m listingData [33m=[39m listings [33m||[39m [][33m;[39m
[90m [2m❯[22m tests/unit/pages/CategoriesPage.test.tsx:[2m57:21[22m[39m

[31m[2m⎯⎯⎯⎯⎯⎯⎯⎯⎯⎯⎯⎯⎯⎯⎯⎯⎯⎯⎯⎯⎯⎯⎯[3/45]⎯[22m[39m

[41m[1m FAIL [22m[49m tests/unit/pages/CategoriesPage.test.tsx[2m > [22mCategories Page (/olongapo/categories)[2m > [22mrenders heading and description
[31m[1mTypeError[22m: supabase.from(...).select(...).eq(...).in is not a function[39m
[36m [2m❯[22m Module.CategoriesPage app/(public)/olongapo/categories/page.tsx:[2m35:10[22m[39m
    [90m 33| [39m        [33m.[39m[34mselect[39m([32m"category_id, subcategory_id"[39m)
    [90m 34| [39m        [33m.[39m[34meq[39m([32m"is_active"[39m[33m,[39m [35mtrue[39m)
    [90m 35| [39m        [33m.[39m[35min[39m([32m"status"[39m[33m,[39m [[32m"approved"[39m[33m,[39m [32m"claimed_pending"[39m])[33m;[39m
    [90m   | [39m         [31m^[39m
    [90m 36| [39m
    [90m 37| [39m    [35mconst[39m listingData [33m=[39m listings [33m||[39m [][33m;[39m
[90m [2m❯[22m tests/unit/pages/CategoriesPage.test.tsx:[2m67:21[22m[39m

[31m[2m⎯⎯⎯⎯⎯⎯⎯⎯⎯⎯⎯⎯⎯⎯⎯⎯⎯⎯⎯⎯⎯⎯⎯[4/45]⎯[22m[39m

[41m[1m FAIL [22m[49m tests/unit/pages/ListingDetailPage.test.tsx[2m > [22mListingDetailPage[2m > [22mshows 'Claim This Business' for unclaimed listings
[31m[1mTestingLibraryElementError[22m[39m: Unable to find an element with the text: /is this your business\?/i. This could be because the text is broken up by multiple elements. In this case, you can provide a function for your text matcher to make your matcher more flexible.

Ignored nodes: comments, script, style
[36m<body>[39m
  [36m<div>[39m
    [36m<main[39m
      [33mclass[39m=[32m"min-h-screen pb-24 lg:pb-8"[39m
    [36m>[39m
      [36m<div[39m
        [33mclass[39m=[32m"container mx-auto max-w-7xl px-4 py-6"[39m
      [36m>[39m
        [36m<nav[39m
          [33maria-label[39m=[32m"Breadcrumb"[39m
          [33mclass[39m=[32m"flex items-center text-sm mb-6"[39m
        [36m>[39m
          [36m<ol[39m
            [33mclass[39m=[32m"flex items-center gap-1.5"[39m
          [36m>[39m
            [36m<li>[39m
              [36m<a[39m
                [33maria-label[39m=[32m"Home"[39m
                [33mclass[39m=[32m"text-muted-foreground transition-colors hover:text-foreground"[39m
                [33mhref[39m=[32m"/"[39m
              [36m>[39m
                [36m<svg[39m
                  [33maria-hidden[39m=[32m"true"[39m
                  [33mclass[39m=[32m"lucide lucide-house h-4 w-4"[39m
                  [33mfill[39m=[32m"none"[39m
                  [33mheight[39m=[32m"24"[39m
                  [33mstroke[39m=[32m"currentColor"[39m
                  [33mstroke-linecap[39m=[32m"round"[39m
                  [33mstroke-linejoin[39m=[32m"round"[39m
                  [33mstroke-width[39m=[32m"2"[39m
                  [33mviewBox[39m=[32m"0 0 24 24"[39m
                  [33mwidth[39m=[32m"24"[39m
                  [33mxmlns[39m=[32m"http://www.w3.org/2000/svg"[39m
                [36m>[39m
                  [36m<path[39m
                    [33md[39m=[32m"M15 21v-8a1 1 0 0 0-1-1h-4a1 1 0 0 0-1 1v8"[39m
                  [36m/>[39m
                  [36m<path[39m
                    [33md[39m=[32m"M3 10a2 2 0 0 1 .709-1.528l7-6a2 2 0 0 1 2.582 0l7 6A2 2 0 0 1 21 10v9a2 2 0 0 1-2 2H5a2 2 0 0 1-2-2z"[39m
                  [36m/>[39m
                [36m</svg>[39m
              [36m</a>[39m
            [36m</li>[39m
            [36m<li[39m
              [33mclass[39m=[32m"flex items-center gap-1.5"[39m
            [36m>[39m
              [36m<svg[39m
                [33maria-hidden[39m=[32m"true"[39m
                [33mclass[39m=[32m"lucide lucide-chevron-right h-3.5 w-3.5 text-muted-foreground/50"[39m
                [33mfill[39m=[32m"none"[39m
                [33mheight[39m=[32m"24"[39m
                [33mstroke[39m=[32m"currentColor"[39m
                [33mstroke-linecap[39m=[32m"round"[39m
                [33mstroke-linejoin[39m=[32m"round"[39m
                [33mstroke-width[39m=[32m"2"[39m
                [33mviewBox[39m=[32m"0 0 24 24"[39m
                [33mwidth[39m=[32m"24"[39m
                [33mxmlns[39m=[32m"http://www.w3.org/2000/svg"[39m
              [36m>[39m
                [36m<path[39m
                  [33md[39m=[32m"m9 18 6-6-6-6"[39m
                [36m/>[39m
              [36m</svg>[39m
              [36m<a[39m
                [33mclass[39m=[32m"text-muted-foreground transition-colors hover:text-foreground"[39m
                [33mhref[39m=[32m"/olongapo/food"[39m
              [36m>[39m
                [0mFood[0m
              [36m</a>[39m
            [36m</li>[39m
            [36m<li[39m
              [33mclass[39m=[32m"flex items-center gap-1.5"[39m
            [36m>[39m
              [36m<svg[39m
                [33maria-hidden[39m=[32m"true"[39m
                [33mclass[39m=[32m"lucide lucide-chevron-right h-3.5 w-3.5 text-muted-foreground/50"[39m
                [33mfill[39m=[32m"none"[39m
                [33mheight[39m=[32m"24"[39m
                [33mstroke[39m=[32m"currentColor"[39m
                [33mstroke-linecap[39m=[32m"round"[39m
                [33mstroke-linejoin[39m=[32m"round"[39m
                [33mstroke-width[39m=[32m"2"[39m
                [33mviewBox[39m=[32m"0 0 24 24"[39m
                [33mwidth[39m=[32m"24"[39m
                [33mxmlns[39m=[32m"http://www.w3.org/2000/svg"[39m
              [36m>[39m
                [36m<path[39m
                  [33md[39m=[32m"m9 18 6-6-6-6"[39m
                [36m/>[39m
              [36m</svg>[39m
              [36m<a[39m
                [33mclass[39m=[32m"text-muted-foreground transition-colors hover:text-foreground"[39m
                [33mhref[39m=[32m"/olongapo/food/seafood"[39m
              [36m>[39m
                [0mSeafood[0m
              [36m</a>[39m
            [36m</li>[39m
            [36m<li[39m
              [33mclass[39m=[32m"flex items-center gap-1.5"[39m
            [36m>[39m
              [36m<svg[39m
                [33maria-hidden[39m=[32m"true"[39m
                [33mclass[39m=[32m"lucide lucide-chevron-right h-3.5 w-3.5 text-muted-foreground/50"[39m
                [33mfill[39m=[32m"none"[39m
                [33mheight[39m=[32m"24"[39m
                [33mstroke[39m=[32m"currentColor"[39m
                [33mstroke-linecap[39m=[32m"round"[39m
                [33mstroke-linejoin[39m=[32m"round"[39m
                [33mstroke-width[39m=[32m"2"[39m
                [33mviewBox[39m=[32m"0 0 24 24"[39m
                [33mwidth[39m=[32m"24"[39m
                [33mxmlns[39m=[32m"http://www.w3.org/2000/svg"[39m
              [36m>[39m
                [36m<path[39m
                  [33md[39m=[32m"m9 18 6-6-6-6"[39m
                [36m/>[39m
              [36m</svg>[39m
              [36m<span[39m
                [33mclass[39m=[32m"font-medium text-foreground"[39m
              [36m>[39m
                [0mBarretto Seafood Grill[0m
              [36m</span>[39m
            [36m</li>[39m
          [36m</ol>[39m
        [36m</nav>[39m
        [36m<div[39m
          [33mclass[39m=[32m"relative mb-8"[39m
        [36m>[39m
          [36m<div[39m
            [33mclass[39m=[32m"space-y-3"[39m
          [36m>[39m
            [36m<div[39m
              [33mclass[39m=[32m"relative"[39m
            [36m>[39m
              [36m<div[39m
                [33mclass[39m=[32m"group relative aspect-[16/9] w-full overflow-hidden rounded-2xl bg-muted cursor-pointer"[39m
              [36m>[39m
                [36m<img[39m
                  [33malt[39m=[32m"Sample listing image"[39m
                  [33mclass[39m=[32m"object-cover transition-transform duration-500 group-hover:scale-[1.02]"[39m
                  [33mdata-nimg[39m=[32m"fill"[39m
                  [33mdecoding[39m=[32m"async"[39m
                  [33msizes[39m=[32m"(max-width: 768px) 100vw, (max-width: 1200px) 80vw, 1200px"[39m
                  [33msrc[39m=[32m"/_next/image?url=https%3A%2F%2Fexample.com%2Fimg1.jpg&w=3840&q=75"[39m
                  [33msrcset[39m=[32m"/_next/image?url=https%3A%2F%2Fexample.com%2Fimg1.jpg&w=640&q=75 640w, /_next/image?url=https%3A%2F%2Fexample.co...

Ignored nodes: comments, script, style
[36m<body>[39m
  [36m<div>[39m
    [36m<main[39m
      [33mclass[39m=[32m"min-h-screen pb-24 lg:pb-8"[39m
    [36m>[39m
      [36m<div[39m
        [33mclass[39m=[32m"container mx-auto max-w-7xl px-4 py-6"[39m
      [36m>[39m
        [36m<nav[39m
          [33maria-label[39m=[32m"Breadcrumb"[39m
          [33mclass[39m=[32m"flex items-center text-sm mb-6"[39m
        [36m>[39m
          [36m<ol[39m
            [33mclass[39m=[32m"flex items-center gap-1.5"[39m
          [36m>[39m
            [36m<li>[39m
              [36m<a[39m
                [33maria-label[39m=[32m"Home"[39m
                [33mclass[39m=[32m"text-muted-foreground transition-colors hover:text-foreground"[39m
                [33mhref[39m=[32m"/"[39m
              [36m>[39m
                [36m<svg[39m
                  [33maria-hidden[39m=[32m"true"[39m
                  [33mclass[39m=[32m"lucide lucide-house h-4 w-4"[39m
                  [33mfill[39m=[32m"none"[39m
                  [33mheight[39m=[32m"24"[39m
                  [33mstroke[39m=[32m"currentColor"[39m
                  [33mstroke-linecap[39m=[32m"round"[39m
                  [33mstroke-linejoin[39m=[32m"round"[39m
                  [33mstroke-width[39m=[32m"2"[39m
                  [33mviewBox[39m=[32m"0 0 24 24"[39m
                  [33mwidth[39m=[32m"24"[39m
                  [33mxmlns[39m=[32m"http://www.w3.org/2000/svg"[39m
                [36m>[39m
                  [36m<path[39m
                    [33md[39m=[32m"M15 21v-8a1 1 0 0 0-1-1h-4a1 1 0 0 0-1 1v8"[39m
                  [36m/>[39m
                  [36m<path[39m
                    [33md[39m=[32m"M3 10a2 2 0 0 1 .709-1.528l7-6a2 2 0 0 1 2.582 0l7 6A2 2 0 0 1 21 10v9a2 2 0 0 1-2 2H5a2 2 0 0 1-2-2z"[39m
                  [36m/>[39m
                [36m</svg>[39m
              [36m</a>[39m
            [36m</li>[39m
            [36m<li[39m
              [33mclass[39m=[32m"flex items-center gap-1.5"[39m
            [36m>[39m
              [36m<svg[39m
                [33maria-hidden[39m=[32m"true"[39m
                [33mclass[39m=[32m"lucide lucide-chevron-right h-3.5 w-3.5 text-muted-foreground/50"[39m
                [33mfill[39m=[32m"none"[39m
                [33mheight[39m=[32m"24"[39m
                [33mstroke[39m=[32m"currentColor"[39m
                [33mstroke-linecap[39m=[32m"round"[39m
                [33mstroke-linejoin[39m=[32m"round"[39m
                [33mstroke-width[39m=[32m"2"[39m
                [33mviewBox[39m=[32m"0 0 24 24"[39m
                [33mwidth[39m=[32m"24"[39m
                [33mxmlns[39m=[32m"http://www.w3.org/2000/svg"[39m
              [36m>[39m
                [36m<path[39m
                  [33md[39m=[32m"m9 18 6-6-6-6"[39m
                [36m/>[39m
              [36m</svg>[39m
              [36m<a[39m
                [33mclass[39m=[32m"text-muted-foreground transition-colors hover:text-foreground"[39m
                [33mhref[39m=[32m"/olongapo/food"[39m
              [36m>[39m
                [0mFood[0m
              [36m</a>[39m
            [36m</li>[39m
            [36m<li[39m
              [33mclass[39m=[32m"flex items-center gap-1.5"[39m
            [36m>[39m
              [36m<svg[39m
                [33maria-hidden[39m=[32m"true"[39m
                [33mclass[39m=[32m"lucide lucide-chevron-right h-3.5 w-3.5 text-muted-foreground/50"[39m
                [33mfill[39m=[32m"none"[39m
                [33mheight[39m=[32m"24"[39m
                [33mstroke[39m=[32m"currentColor"[39m
                [33mstroke-linecap[39m=[32m"round"[39m
                [33mstroke-linejoin[39m=[32m"round"[39m
                [33mstroke-width[39m=[32m"2"[39m
                [33mviewBox[39m=[32m"0 0 24 24"[39m
                [33mwidth[39m=[32m"24"[39m
                [33mxmlns[39m=[32m"http://www.w3.org/2000/svg"[39m
              [36m>[39m
                [36m<path[39m
                  [33md[39m=[32m"m9 18 6-6-6-6"[39m
                [36m/>[39m
              [36m</svg>[39m
              [36m<a[39m
                [33mclass[39m=[32m"text-muted-foreground transition-colors hover:text-foreground"[39m
                [33mhref[39m=[32m"/olongapo/food/seafood"[39m
              [36m>[39m
                [0mSeafood[0m
              [36m</a>[39m
            [36m</li>[39m
            [36m<li[39m
              [33mclass[39m=[32m"flex items-center gap-1.5"[39m
            [36m>[39m
              [36m<svg[39m
                [33maria-hidden[39m=[32m"true"[39m
                [33mclass[39m=[32m"lucide lucide-chevron-right h-3.5 w-3.5 text-muted-foreground/50"[39m
                [33mfill[39m=[32m"none"[39m
                [33mheight[39m=[32m"24"[39m
                [33mstroke[39m=[32m"currentColor"[39m
                [33mstroke-linecap[39m=[32m"round"[39m
                [33mstroke-linejoin[39m=[32m"round"[39m
                [33mstroke-width[39m=[32m"2"[39m
                [33mviewBox[39m=[32m"0 0 24 24"[39m
                [33mwidth[39m=[32m"24"[39m
                [33mxmlns[39m=[32m"http://www.w3.org/2000/svg"[39m
              [36m>[39m
                [36m<path[39m
                  [33md[39m=[32m"m9 18 6-6-6-6"[39m
                [36m/>[39m
              [36m</svg>[39m
              [36m<span[39m
                [33mclass[39m=[32m"font-medium text-foreground"[39m
              [36m>[39m
                [0mBarretto Seafood Grill[0m
              [36m</span>[39m
            [36m</li>[39m
          [36m</ol>[39m
        [36m</nav>[39m
        [36m<div[39m
          [33mclass[39m=[32m"relative mb-8"[39m
        [36m>[39m
          [36m<div[39m
            [33mclass[39m=[32m"space-y-3"[39m
          [36m>[39m
            [36m<div[39m
              [33mclass[39m=[32m"relative"[39m
            [36m>[39m
              [36m<div[39m
                [33mclass[39m=[32m"group relative aspect-[16/9] w-full overflow-hidden rounded-2xl bg-muted cursor-pointer"[39m
              [36m>[39m
                [36m<img[39m
                  [33malt[39m=[32m"Sample listing image"[39m
                  [33mclass[39m=[32m"object-cover transition-transform duration-500 group-hover:scale-[1.02]"[39m
                  [33mdata-nimg[39m=[32m"fill"[39m
                  [33mdecoding[39m=[32m"async"[39m
                  [33msizes[39m=[32m"(max-width: 768px) 100vw, (max-width: 1200px) 80vw, 1200px"[39m
                  [33msrc[39m=[32m"/_next/image?url=https%3A%2F%2Fexample.com%2Fimg1.jpg&w=3840&q=75"[39m
                  [33msrcset[39m=[32m"/_next/image?url=https%3A%2F%2Fexample.com%2Fimg1.jpg&w=640&q=75 640w, /_next/image?url=https%3A%2F%2Fexample.co...
[90m [2m❯[22m waitForWrapper node_modules/@testing-library/dom/dist/wait-for.js:[2m163:27[22m[39m
[90m [2m❯[22m node_modules/@testing-library/dom/dist/query-helpers.js:[2m86:33[22m[39m
[36m [2m❯[22m tests/unit/pages/ListingDetailPage.test.tsx:[2m77:29[22m[39m
    [90m 75| [39m            [34mrender[39m([33mPage[39m)[33m;[39m
    [90m 76| [39m        })[33m;[39m
    [90m 77| [39m        expect(await screen.findByText(/is this your business\?/i)).to…
    [90m   | [39m                            [31m^[39m
    [90m 78| [39m    })[33m;[39m
    [90m 79| [39m

[31m[2m⎯⎯⎯⎯⎯⎯⎯⎯⎯⎯⎯⎯⎯⎯⎯⎯⎯⎯⎯⎯⎯⎯⎯[5/45]⎯[22m[39m

[41m[1m FAIL [22m[49m tests/unit/store/authStore.test.ts[2m > [22mauthStore[2m > [22mlogin() sets user and session on success
[31m[1mAssertionError[22m: expected null to deeply equal { id: '123', …(2) }[39m

[32m- Expected:[39m 
{
  "full_name": "Test User",
  "id": "123",
  "role": "business_owner",
}

[31m+ Received:[39m 
null

[36m [2m❯[22m tests/unit/store/authStore.test.ts:[2m50:31[22m[39m
    [90m 48| [39m        [34mexpect[39m(state[33m.[39msession)[33m.[39m[34mtoEqual[39m(mockSession)[33m;[39m
    [90m 49| [39m        [34mexpect[39m(state[33m.[39misAuthenticated)[33m.[39m[34mtoBe[39m([35mtrue[39m)[33m;[39m
    [90m 50| [39m        [34mexpect[39m(state[33m.[39mprofile)[33m.[39m[34mtoEqual[39m(mockProfile)[33m;[39m
    [90m   | [39m                              [31m^[39m
    [90m 51| [39m    })[33m;[39m
    [90m 52| [39m

[31m[2m⎯⎯⎯⎯⎯⎯⎯⎯⎯⎯⎯⎯⎯⎯⎯⎯⎯⎯⎯⎯⎯⎯⎯[6/45]⎯[22m[39m

[41m[1m FAIL [22m[49m tests/unit/store/authStore.test.ts[2m > [22mauthStore[2m > [22minitialize() fetches session and profile
[31m[1mAssertionError[22m: expected null to deeply equal { id: '123', role: 'business_owner' }[39m

[32m- Expected:[39m 
{
  "id": "123",
  "role": "business_owner",
}

[31m+ Received:[39m 
null

[36m [2m❯[22m tests/unit/store/authStore.test.ts:[2m100:31[22m[39m
    [90m 98| [39m        [34mexpect[39m(state[33m.[39muser)[33m.[39m[34mtoEqual[39m(mockUser)[33m;[39m
    [90m 99| [39m        [34mexpect[39m(state[33m.[39msession)[33m.[39m[34mtoEqual[39m(mockSession)[33m;[39m
    [90m100| [39m        [34mexpect[39m(state[33m.[39mprofile)[33m.[39m[34mtoEqual[39m(mockProfile)[33m;[39m
    [90m   | [39m                              [31m^[39m
    [90m101| [39m        [34mexpect[39m(state[33m.[39misLoading)[33m.[39m[34mtoBe[39m([35mfalse[39m)[33m;[39m
    [90m102| [39m    })[33m;[39m

[31m[2m⎯⎯⎯⎯⎯⎯⎯⎯⎯⎯⎯⎯⎯⎯⎯⎯⎯⎯⎯⎯⎯⎯⎯[7/45]⎯[22m[39m

[41m[1m FAIL [22m[49m tests/unit/components/auth/LoginForm.test.tsx[2m > [22mLoginForm[2m > [22mrenders email and password fields
[41m[1m FAIL [22m[49m tests/unit/components/auth/LoginForm.test.tsx[2m > [22mLoginForm[2m > [22mtoggles password visibility
[41m[1m FAIL [22m[49m tests/unit/components/auth/LoginForm.test.tsx[2m > [22mLoginForm[2m > [22msubmits with valid credentials
[41m[1m FAIL [22m[49m tests/unit/components/auth/LoginForm.test.tsx[2m > [22mLoginForm[2m > [22mshows forgot password and register links
[41m[1m FAIL [22m[49m tests/unit/components/auth/LoginForm.test.tsx[2m > [22mLoginForm[2m > [22mshows loading text during submission
[31m[1mError[22m: [vitest] No "useSearchParams" export is defined on the "next/navigation" mock. Did you forget to return it from "vi.mock"?
If you need to partially mock a module, you can use "importOriginal" helper inside:
[39m
vi.mock(import("next/navigation"), async (importOriginal) => {
  const actual = await importOriginal()
  return {
    ...actual,
    // your mocked methods
  }
})

[36m [2m❯[22m LoginForm components/auth/LoginForm.tsx:[2m15:26[22m[39m
    [90m 13| [39m[35mexport[39m [35mdefault[39m [35mfunction[39m [33mLoginForm[39m() {
    [90m 14| [39m    [35mconst[39m router [33m=[39m [34museRouter[39m()[33m;[39m
    [90m 15| [39m    [35mconst[39m searchParams [33m=[39m [34museSearchParams[39m()[33m;[39m
    [90m   | [39m                         [31m^[39m
    [90m 16| [39m    const { login, session, isLoading: isAuthLoading } = useAuthStore(…
    [90m 17| [39m
[90m [2m❯[22m Object.react_stack_bottom_frame node_modules/react-dom/cjs/react-dom-client.development.js:[2m25904:20[22m[39m
[90m [2m❯[22m renderWithHooks node_modules/react-dom/cjs/react-dom-client.development.js:[2m7662:22[22m[39m
[90m [2m❯[22m updateFunctionComponent node_modules/react-dom/cjs/react-dom-client.development.js:[2m10166:19[22m[39m
[90m [2m❯[22m beginWork node_modules/react-dom/cjs/react-dom-client.development.js:[2m11778:18[22m[39m
[90m [2m❯[22m runWithFiberInDEV node_modules/react-dom/cjs/react-dom-client.development.js:[2m874:13[22m[39m
[90m [2m❯[22m performUnitOfWork node_modules/react-dom/cjs/react-dom-client.development.js:[2m17641:22[22m[39m
[90m [2m❯[22m workLoopSync node_modules/react-dom/cjs/react-dom-client.development.js:[2m17469:41[22m[39m

[31m[2m⎯⎯⎯⎯⎯⎯⎯⎯⎯⎯⎯⎯⎯⎯⎯⎯⎯⎯⎯⎯⎯⎯⎯[8/45]⎯[22m[39m

[41m[1m FAIL [22m[49m tests/unit/components/auth/RegisterForm.test.tsx[2m > [22mRegisterForm[2m > [22mredirects to /business/listings/new on successful registration with session
[31m[1mAssertionError[22m[39m: expected "vi.fn()" to be called with arguments: [ '/business/listings/new' ][90m

Received: 

[1m  1st vi.fn() call:

[22m[2m  [[22m
[32m-   "/business/listings/new",[90m
[31m+   "/business/dashboard",[90m
[2m  ][22m
[39m[90m

Number of calls: [1m1[22m
[39m

Ignored nodes: comments, script, style
[36m<html>[39m
  [36m<head />[39m
  [36m<body>[39m
    [36m<div>[39m
      [36m<form[39m
        [33mclass[39m=[32m"space-y-5"[39m
        [33mnovalidate[39m=[32m""[39m
      [36m>[39m
        [36m<div>[39m
          [36m<label[39m
            [33mclass[39m=[32m"mb-1.5 block text-sm font-medium text-gray-700"[39m
            [33mfor[39m=[32m"fullName"[39m
          [36m>[39m
            [0mFull Name [0m
            [36m<span[39m
              [33mclass[39m=[32m"text-red-500"[39m
            [36m>[39m
              [0m*[0m
            [36m</span>[39m
          [36m</label>[39m
          [36m<input[39m
            [33mautocomplete[39m=[32m"name"[39m
            [33mclass[39m=[32m"w-full rounded-lg border px-4 py-2.5 text-sm outline-none transition focus:ring-2 focus:ring-[#1B2A4A]/30 border-gray-300 bg-white focus:border-[#1B2A4A]"[39m
            [33mid[39m=[32m"fullName"[39m
            [33mname[39m=[32m"fullName"[39m
            [33mplaceholder[39m=[32m"Juan dela Cruz"[39m
            [33mtype[39m=[32m"text"[39m
            [33mvalue[39m=[32m"Juan Dela Cruz"[39m
          [36m/>[39m
        [36m</div>[39m
        [36m<div>[39m
          [36m<label[39m
            [33mclass[39m=[32m"mb-1.5 block text-sm font-medium text-gray-700"[39m
            [33mfor[39m=[32m"email"[39m
          [36m>[39m
            [0mEmail Address [0m
            [36m<span[39m
              [33mclass[39m=[32m"text-red-500"[39m
            [36m>[39m
              [0m*[0m
            [36m</span>[39m
          [36m</label>[39m
          [36m<input[39m
            [33mautocomplete[39m=[32m"email"[39m
            [33mclass[39m=[32m"w-full rounded-lg border px-4 py-2.5 text-sm outline-none transition focus:ring-2 focus:ring-[#1B2A4A]/30 border-gray-300 bg-white focus:border-[#1B2A4A]"[39m
            [33mid[39m=[32m"email"[39m
            [33mname[39m=[32m"email"[39m
            [33mplaceholder[39m=[32m"juan@example.com"[39m
            [33mtype[39m=[32m"email"[39m
            [33mvalue[39m=[32m"juan@example.com"[39m
          [36m/>[39m
        [36m</div>[39m
        [36m<div>[39m
          [36m<label[39m
            [33mclass[39m=[32m"mb-1.5 block text-sm font-medium text-gray-700"[39m
            [33mfor[39m=[32m"phone"[39m
          [36m>[39m
            [0mPhone Number [0m
            [36m<span[39m
              [33mclass[39m=[32m"text-red-500"[39m
            [36m>[39m
              [0m*[0m
            [36m</span>[39m
          [36m</label>[39m
          [36m<input[39m
            [33mautocomplete[39m=[32m"tel"[39m
            [33mclass[39m=[32m"w-full rounded-lg border px-4 py-2.5 text-sm outline-none transition focus:ring-2 focus:ring-[#1B2A4A]/30 border-gray-300 bg-white focus:border-[#1B2A4A]"[39m
            [33mid[39m=[32m"phone"[39m
            [33mname[39m=[32m"phone"[39m
            [33mplaceholder[39m=[32m"09XX-XXX-XXXX"[39m
            [33mtype[39m=[32m"tel"[39m
            [33mvalue[39m=[32m"09171234567"[39m
          [36m/>[39m
        [36m</div>[39m
        [36m<div>[39m
          [36m<label[39m
            [33mclass[39m=[32m"mb-1.5 block text-sm font-medium text-gray-700"[39m
            [33mfor[39m=[32m"password"[39m
          [36m>[39m
            [0mPassword [0m
            [36m<span[39m
              [33mclass[39m=[32m"text-red-500"[39m
            [36m>[39m
              [0m*[0m
            [36m</span>[39m
          [36m</label>[39m
          [36m<div[39m
            [33mclass[39m=[32m"relative"[39m
          [36m>[39m
            [36m<input[39m
              [33mautocomplete[39m=[32m"new-password"[39m
              [33mclass[39m=[32m"w-full rounded-lg border px-4 py-2.5 pr-11 text-sm outline-none transition focus:ring-2 focus:ring-[#1B2A4A]/30 border-gray-300 bg-white focus:border-[#1B2A4A]"[39m
              [33mid[39m=[32m"password"[39m
              [33mname[39m=[32m"password"[39m
              [33mplaceholder[39m=[32m"Min. 8 characters"[39m
              [33mtype[39m=[32m"password"[39m
              [33mvalue[39m=[32m"StrongPass123!"[39m
            [36m/>[39m
            [36m<button[39m
              [33maria-label[39m=[32m"Show password"[39m
              [33mclass[39m=[32m"absolute right-3 top-1/2 -translate-y-1/2 text-gray-400 hover:text-gray-600"[39m
              [33mtype[39m=[32m"button"[39m
            [36m>[39m
              [36m<svg[39m
                [33maria-hidden[39m=[32m"true"[39m
                [33mclass[39m=[32m"lucide lucide-eye"[39m
                [33mfill[39m=[32m"none"[39m
                [33mheight[39m=[32m"16"[39m
                [33mstroke[39m=[32m"currentColor"[39m
                [33mstroke-linecap[39m=[32m"round"[39m
                [33mstroke-linejoin[39m=[32m"round"[39m
                [33mstroke-width[39m=[32m"2"[39m
                [33mviewBox[39m=[32m"0 0 24 24"[39m
                [33mwidth[39m=[32m"16"[39m
                [33mxmlns[39m=[32m"http://www.w3.org/2000/svg"[39m
              [36m>[39m
                [36m<path[39m
                  [33md[39m=[32m"M2.062 12.348a1 1 0 0 1 0-.696 10.75 10.75 0 0 1 19.876 0 1 1 0 0 1 0 .696 10.75 10.75 0 0 1-19.876 0"[39m
                [36m/>[39m
                [36m<circle[39m
                  [33mcx[39m=[32m"12"[39m
                  [33mcy[39m=[32m"12"[39m
                  [33mr[39m=[32m"3"[39m
                [36m/>[39m
              [36m</svg>[39m
            [36m</button>[39m
          [36m</div>[39m
          [36m<div[39m
            [33mclass[39m=[32m"mt-2 space-y-1.5"[39m
          [36m>[39m
            [36m<div[39m
              [33mclass[39m=[32m"flex gap-1.5"[39m
            [36m>[39m
              [36m<div[39m
                [33mclass[39m=[32m"h-1.5 flex-1 rounded-full transition-all duration-300 bg-green-500"[39m
                [33mdata-testid[39m=[32m"strength-bar"[39m
              [36m/>[39m
              [36m<div[39m
                [33mclass[39m=[32m"h-1.5 flex-1 rounded-full transition-all duration-300 bg-green-500"[39m
                [33mdata-testid[39m=[32m"strength-bar"[39m
              [36m/>[39m
              [36m<div[39m
                [33mclass[39m=[32m"h-1.5 flex-1 rounded-full transition-all duration-300 bg-green-500"[39m
                [33mdata-testid[39m=[32m"strength-bar"[39m
              [36m/>[39m
            [36m</div>[39m
            [36m<p[39m
              [33mclass[39m=[32m"text-xs font-medium text-green-600"[39m
            [36m>[39m
              [0mStrong[0m
              [0m password[0m
              [0m — great choice![0m
            [36m</p>[39m
          [36m</div>[39m
        [36m</div>[39m
        [36m<div>[39m
          [36m<label[39m
            [33mclass[39m=[32m"mb-1.5 block text-sm font-medium text-gray-700"[39m
            [33mfor[39m=[32m"confirmPassword"[39m
          [36m>[39m
            [0mConfirm Password [0m
            [36m<span[39m
              [33mclass[39m=[32m"text-red-500"[39m
            [36m>[39m
              [0m*[0m
            [36m</span>[39m
          [36m</label>[39m
          [36m<div[39m
            [33mclass[39m=[32m"relative"[39m
          [36m>[39m
            [36m<input[39m
              [33mautocomplete[39m=[32m"new-password"[39m
              [33mclass[39m=[32m"w-full rounded-lg border px-4 py-2.5 pr-11 text-sm outline-none transition focus:ring-2 focus:ring-[#1B2A4A]/30 border-gray-300 bg-white focus:border-[#1B2A4A]"[39m
              [33mid[39m=[32m"confirmPassword"[39m
              [33mname[39m=[32m"confirmPassword"[39m
              [33mplaceholder[39m=[32m"Re-enter password"[39m
              [33mtype[39m=[32m"password"[39m
              [33mvalue[39m=[32m"StrongPass123!"[39m
            [36m/>[39m
            [36m<button[39m
              [33maria-label[39m=[32m"Show password"[39m
              [33mclass[39m=[32m"absolute right-3 top-1/2 -translate-y-1/2 text-gray-400 hover:text-gray-600"[39m
              [33mtype[39m=[32m"button"[39m
            [36m>[39m
              [36m<svg[39m
                [33maria-hidden[39m=[32m"true"[39m
                [33mclass[39m=[32m"lucide lucide-eye"[39m
                [33mfill[39m=[32m"none"[39m
                [33mheight[39m=[32m"16"[39m
                [33mstroke[39m=[32m"currentColor"[39m
                [33mstroke-linecap[39m=[32m"round"[39m
                [33mstroke-linejoin[39m=[32m"round"[39m
                [33mstroke-width[39m=[32m"2"[39m
                [33mviewBox[39m=[32m"0 0 24 24"[39m
                [33mwidth[39m=[32m"16"[39m
                [33mxmlns[39m=[32m"http://www.w3.org/2000/svg"[39m
              [36m>[39m
                [36m<path[39m
                  [33md[39m=[32m"M2.062 12.348a1 1 0 0 1 0-.696 10.75 10.75 0 0 1 19.876 0 1 1 0 0 1 0 .696 10.75 10.75 0 0 1-19.876 0"[39m
                [36m/>[39m
                [36m<circle[39m
                  [33mcx[39m=[32m"12"[39m
                  [33mcy[39m=[32m"12"[39m
                  [33mr[39m=[32m"3"[39m
                [36m/>[39m
              [36m</svg>[39m
            [36m</button>[39m
          [36m</div>[39m
          [36m<p[39m
            [33mclass[39m=[32m"mt-1 flex items-center gap-1 text-xs text-green-600"[39m
          [36m>[39m
            [36m<svg[39m
              [33maria-hidden[39m=[32m"true"[39m
              [33mclass[39m=[32m"lucide lucide-circle-check-big"[39m
              [33mfill[39m=[32m"none"[39m
              [33mheight[39m=[32m"12"[39m
              [33mstroke[39m=[32m"currentColor"[39m
              [33mstroke-linecap[39m=[32m"round"[39m
              [33mstroke-linejoin[39m=[32m"round"[39m
              [33mstroke-width[39m=[32m"2"[39m
              [33mviewBox[39m=[32m"0 0 24 24"[39m
              [33mwidth[39m=[32m"12"[39m
              [33mxmlns[39m=[32m"http://www.w3.org/2000/svg"[39m
            [36m>[39m
              [36m<path[39m
                [33md[39m=[32m"M21.801 10A10 10 0 1 1 17 3.335"[39m
              [36m/>[39m
              [36m<path[39m
                [33md[39m=[32m"m9 11 3 3L22 4"[39m
              [36m/>[39m
            [36m</svg>[39m
            [0m Passwords match[0m
          [36m</p>[39m
        [36m</div>[39m
        [36m<div[39m
          [33mclass[39m=[32m"flex items-start gap-3"[39m
        [36m>[39m
          [36m<input[39m
            [33mclass[39m=[32m"mt-0.5 h-4 w-4 rounded border-gray-300 text-[#FF6B35] focus:ring-[#FF6B35]"[39m
            [33mid[39m=[32m"agreed"[39m
            [33mtype[39m=[32m"checkbox"[39m
          [36m/>[39m
          [36m<label[39m
            [33mclass[39m=[32m"text-sm text-gray-600"[39m
            [33mfor[39m=[32m"agreed"[39m
          [36m>[39m
            [0mI agree to the[0m
            [0m [0m
            [36m<a[39m
              [33mclass[39m=[32m"text-[#FF6B35] underline hover:text-[#e55a25]"[39m
              [33mhref[39m=[32m"/terms"[39m
              [33mtarget[39m=[32m"_blank"[39m
            [36m>[39m
              [0mTerms & Conditions[0m
            [36m</a>[39m
            [0m [0m
            [0mand[0m
            [0m [0m
            [36m<a[39m
              [33mclass[39m=[32m"text-[#FF6B35] underline hover:text-[#e55a25]"[39m
              [33mhref[39m=[32m"/privacy"[39m
              [33mtarget[39m=[32m"_blank"[39m
            [36m>[39m
              [0mPrivacy Policy[0m
            [36m</a>[39m
          [36m</label>[39m
        [36m</div>[39m
        [36m<button[39m
          [33mclass[39m=[32m"flex w-full items-center justify-center gap-2 rounded-lg bg-[#FF6B35] px-6 py-3 text-sm font-semibold text-white transition hover:bg-[#e55a25] active:scale-[0.98] disabled:cursor-not-allowed disabled:opacity-50"[39m
          [33mtype[39m=[32m"submit"[39m
        [36m>[39m
          [0mCreate Account[0m
        [36m</button>[39m
        [36m<p[39m
          [33mclass[39m=[32m"text-center text-sm text-gray-500"[39m
        [36m>[39m
          [0mAlready have an account?[0m
          [0m [0m
          [36m<a[39m
            [33mclass[39m=[32m"font-medium text-[#1B2A4A] hover:text-[#FF6B35]"[39m
            [33mhref[39m=[32m"/login"[39m
          [36m>[39m
            [0mLogin here[0m
          [36m</a>[39m
        [36m</p>[39m
      [36m</form>[39m
    [36m</div>[39m
  [36m</body>[39m
[36m</html>[39m
[36m [2m❯[22m tests/unit/components/auth/RegisterForm.test.tsx:[2m123:30[22m[39m
    [90m121| [39m
    [90m122| [39m        [35mawait[39m [34mwaitFor[39m(() [33m=>[39m {
    [90m123| [39m            expect(mockPush).toHaveBeenCalledWith("/business/listings/…
    [90m   | [39m                             [31m^[39m
    [90m124| [39m        })[33m;[39m
    [90m125| [39m    })[33m;[39m
[90m [2m❯[22m runWithExpensiveErrorDiagnosticsDisabled node_modules/@testing-library/dom/dist/config.js:[2m47:12[22m[39m
[90m [2m❯[22m checkCallback node_modules/@testing-library/dom/dist/wait-for.js:[2m124:77[22m[39m
[90m [2m❯[22m Timeout.checkRealTimersCallback node_modules/@testing-library/dom/dist/wait-for.js:[2m118:16[22m[39m

[31m[2m⎯⎯⎯⎯⎯⎯⎯⎯⎯⎯⎯⎯⎯⎯⎯⎯⎯⎯⎯⎯⎯⎯⎯[9/45]⎯[22m[39m

[41m[1m FAIL [22m[49m tests/unit/components/public/CategorySidebar.test.tsx[2m > [22mCategorySidebar Component[2m > [22mrenders barangay checkboxes grouped correctly
[31m[1mTestingLibraryElementError[22m: Unable to find an element with the text: Olongapo City. This could be because the text is broken up by multiple elements. In this case, you can provide a function for your text matcher to make your matcher more flexible.

Ignored nodes: comments, script, style
[36m<body>[31m
  [36m<div>[31m
    [36m<aside[31m
      [33mclass[31m=[32m"space-y-6"[31m
    [36m>[31m
      [36m<div>[31m
        [36m<h4[31m
          [33mclass[31m=[32m"mb-3 text-sm font-semibold text-foreground uppercase tracking-wider"[31m
        [36m>[31m
          [0mSubcategories[0m
        [36m</h4>[31m
        [36m<ul[31m
          [33mclass[31m=[32m"space-y-1"[31m
        [36m>[31m
          [36m<li>[31m
            [36m<button[31m
              [33mclass[31m=[32m"w-full rounded-lg px-3 py-2 text-left text-sm transition-colors bg-primary/10 font-medium text-primary"[31m
            [36m>[31m
              [0mAll [0m
              [0mRestaurants[0m
            [36m</button>[31m
          [36m</li>[31m
          [36m<li>[31m
            [36m<button[31m
              [33mclass[31m=[32m"w-full flex items-center justify-between rounded-lg px-3 py-2 text-left text-sm transition-colors text-muted-foreground hover:bg-accent hover:text-accent-foreground"[31m
            [36m>[31m
              [36m<span>[31m
                [0mFast Food[0m
              [36m</span>[31m
              [36m<span[31m
                [33mclass[31m=[32m"text-xs text-muted-foreground/70"[31m
              [36m>[31m
                [0m15[0m
              [36m</span>[31m
            [36m</button>[31m
          [36m</li>[31m
          [36m<li>[31m
            [36m<button[31m
              [33mclass[31m=[32m"w-full flex items-center justify-between rounded-lg px-3 py-2 text-left text-sm transition-colors text-muted-foreground hover:bg-accent hover:text-accent-foreground"[31m
            [36m>[31m
              [36m<span>[31m
                [0mFine Dining[0m
              [36m</span>[31m
              [36m<span[31m
                [33mclass[31m=[32m"text-xs text-muted-foreground/70"[31m
              [36m>[31m
                [0m8[0m
              [36m</span>[31m
            [36m</button>[31m
          [36m</li>[31m
        [36m</ul>[31m
      [36m</div>[31m
      [36m<div>[31m
        [36m<h4[31m
          [33mclass[31m=[32m"mb-3 text-sm font-semibold text-foreground uppercase tracking-wider"[31m
        [36m>[31m
          [0mLocation[0m
        [36m</h4>[31m
      [36m</div>[31m
      [36m<div[31m
        [33mclass[31m=[32m"space-y-3"[31m
      [36m>[31m
        [36m<label[31m
          [33mclass[31m=[32m"flex cursor-pointer items-center justify-between rounded-lg border border-border px-3 py-2.5"[31m
        [36m>[31m
          [36m<span[31m
            [33mclass[31m=[32m"text-sm text-foreground"[31m
          [36m>[31m
            [0mOpen Now[0m
          [36m</span>[31m
          [36m<input[31m
            [33mclass[31m=[32m"h-4 w-4 rounded border-border text-primary accent-primary"[31m
            [33mtype[31m=[32m"checkbox"[31m
          [36m/>[31m
        [36m</label>[31m
        [36m<label[31m
          [33mclass[31m=[32m"flex cursor-pointer items-center justify-between rounded-lg border border-border px-3 py-2.5"[31m
        [36m>[31m
          [36m<span[31m
            [33mclass[31m=[32m"text-sm text-foreground"[31m
          [36m>[31m
            [0mFeatured Only[0m
          [36m</span>[31m
          [36m<input[31m
            [33mclass[31m=[32m"h-4 w-4 rounded border-border text-primary accent-primary"[31m
            [33mtype[31m=[32m"checkbox"[31m
          [36m/>[31m
        [36m</label>[31m
      [36m</div>[31m
      [36m<button[31m
        [33mclass[31m=[32m"w-full rounded-lg border border-border px-4 py-2 text-sm font-medium text-muted-foreground transition-colors hover:bg-accent hover:text-accent-foreground"[31m
      [36m>[31m
        [0mClear all filters[0m
      [36m</button>[31m
    [36m</aside>[31m
  [36m</div>[31m
[36m</body>[31m[39m
[90m [2m❯[22m Object.getElementError node_modules/@testing-library/dom/dist/config.js:[2m37:19[22m[39m
[90m [2m❯[22m node_modules/@testing-library/dom/dist/query-helpers.js:[2m76:38[22m[39m
[90m [2m❯[22m node_modules/@testing-library/dom/dist/query-helpers.js:[2m52:17[22m[39m
[90m [2m❯[22m node_modules/@testing-library/dom/dist/query-helpers.js:[2m95:19[22m[39m
[36m [2m❯[22m tests/unit/components/public/CategorySidebar.test.tsx:[2m64:23[22m[39m
    [90m 62| [39m        [34mrender[39m([33m<[39m[33mCategorySidebar[39m [33m{[39m[33m...[39mdefaultProps[33m}[39m [33m/[39m[33m>[39m)[33m;[39m
    [90m 63| [39m
    [90m 64| [39m        [34mexpect[39m(screen[33m.[39m[34mgetByText[39m([32m"Olongapo City"[39m))[33m.[39m[34mtoBeInTheDocument[39m()[33m;[39m
    [90m   | [39m                      [31m^[39m
    [90m 65| [39m        [34mexpect[39m(screen[33m.[39m[34mgetByText[39m([32m"Kalaklan"[39m))[33m.[39m[34mtoBeInTheDocument[39m()[33m;[39m
    [90m 66| [39m        [34mexpect[39m(screen[33m.[39m[34mgetByText[39m([32m"New Kalalake"[39m))[33m.[39m[34mtoBeInTheDocument[39m()[33m;[39m

[31m[2m⎯⎯⎯⎯⎯⎯⎯⎯⎯⎯⎯⎯⎯⎯⎯⎯⎯⎯⎯⎯⎯⎯[10/45]⎯[22m[39m

[41m[1m FAIL [22m[49m tests/unit/components/public/CategorySidebar.test.tsx[2m > [22mCategorySidebar Component[2m > [22mchecking barangay updates URL params
[31m[1mTestingLibraryElementError[22m[39m: Unable to find an accessible element with the role "checkbox" and name `/Kalaklan/i`

Here are the accessible roles:

  complementary:

  Name "":
  [36m<aside[39m
    [33mclass[39m=[32m"space-y-6"[39m
  [36m/>[39m

  --------------------------------------------------
  heading:

  Name "Subcategories":
  [36m<h4[39m
    [33mclass[39m=[32m"mb-3 text-sm font-semibold text-foreground uppercase tracking-wider"[39m
  [36m/>[39m

  Name "Location":
  [36m<h4[39m
    [33mclass[39m=[32m"mb-3 text-sm font-semibold text-foreground uppercase tracking-wider"[39m
  [36m/>[39m

  --------------------------------------------------
  list:

  Name "":
  [36m<ul[39m
    [33mclass[39m=[32m"space-y-1"[39m
  [36m/>[39m

  --------------------------------------------------
  listitem:

  Name "":
  [36m<li />[39m

  Name "":
  [36m<li />[39m

  Name "":
  [36m<li />[39m

  --------------------------------------------------
  button:

  Name "All Restaurants":
  [36m<button[39m
    [33mclass[39m=[32m"w-full rounded-lg px-3 py-2 text-left text-sm transition-colors bg-primary/10 font-medium text-primary"[39m
  [36m/>[39m

  Name "Fast Food15":
  [36m<button[39m
    [33mclass[39m=[32m"w-full flex items-center justify-between rounded-lg px-3 py-2 text-left text-sm transition-colors text-muted-foreground hover:bg-accent hover:text-accent-foreground"[39m
  [36m/>[39m

  Name "Fine Dining8":
  [36m<button[39m
    [33mclass[39m=[32m"w-full flex items-center justify-between rounded-lg px-3 py-2 text-left text-sm transition-colors text-muted-foreground hover:bg-accent hover:text-accent-foreground"[39m
  [36m/>[39m

  Name "Clear all filters":
  [36m<button[39m
    [33mclass[39m=[32m"w-full rounded-lg border border-border px-4 py-2 text-sm font-medium text-muted-foreground transition-colors hover:bg-accent hover:text-accent-foreground"[39m
  [36m/>[39m

  --------------------------------------------------
  checkbox:

  Name "Open Now":
  [36m<input[39m
    [33mclass[39m=[32m"h-4 w-4 rounded border-border text-primary accent-primary"[39m
    [33mtype[39m=[32m"checkbox"[39m
  [36m/>[39m

  Name "Featured Only":
  [36m<input[39m
    [33mclass[39m=[32m"h-4 w-4 rounded border-border text-primary accent-primary"[39m
    [33mtype[39m=[32m"checkbox"[39m
  [36m/>[39m

  --------------------------------------------------

Ignored nodes: comments, script, style
[36m<body>[39m
  [36m<div>[39m
    [36m<aside[39m
      [33mclass[39m=[32m"space-y-6"[39m
    [36m>[39m
      [36m<div>[39m
        [36m<h4[39m
          [33mclass[39m=[32m"mb-3 text-sm font-semibold text-foreground uppercase tracking-wider"[39m
        [36m>[39m
          [0mSubcategories[0m
        [36m</h4>[39m
        [36m<ul[39m
          [33mclass[39m=[32m"space-y-1"[39m
        [36m>[39m
          [36m<li>[39m
            [36m<button[39m
              [33mclass[39m=[32m"w-full rounded-lg px-3 py-2 text-left text-sm transition-colors bg-primary/10 font-medium text-primary"[39m
            [36m>[39m
              [0mAll [0m
              [0mRestaurants[0m
            [36m</button>[39m
          [36m</li>[39m
          [36m<li>[39m
            [36m<button[39m
              [33mclass[39m=[32m"w-full flex items-center justify-between rounded-lg px-3 py-2 text-left text-sm transition-colors text-muted-foreground hover:bg-accent hover:text-accent-foreground"[39m
            [36m>[39m
              [36m<span>[39m
                [0mFast Food[0m
              [36m</span>[39m
              [36m<span[39m
                [33mclass[39m=[32m"text-xs text-muted-foreground/70"[39m
              [36m>[39m
                [0m15[0m
              [36m</span>[39m
            [36m</button>[39m
          [36m</li>[39m
          [36m<li>[39m
            [36m<button[39m
              [33mclass[39m=[32m"w-full flex items-center justify-between rounded-lg px-3 py-2 text-left text-sm transition-colors text-muted-foreground hover:bg-accent hover:text-accent-foreground"[39m
            [36m>[39m
              [36m<span>[39m
                [0mFine Dining[0m
              [36m</span>[39m
              [36m<span[39m
                [33mclass[39m=[32m"text-xs text-muted-foreground/70"[39m
              [36m>[39m
                [0m8[0m
              [36m</span>[39m
            [36m</button>[39m
          [36m</li>[39m
        [36m</ul>[39m
      [36m</div>[39m
      [36m<div>[39m
        [36m<h4[39m
          [33mclass[39m=[32m"mb-3 text-sm font-semibold text-foreground uppercase tracking-wider"[39m
        [36m>[39m
          [0mLocation[0m
        [36m</h4>[39m
      [36m</div>[39m
      [36m<div[39m
        [33mclass[39m=[32m"space-y-3"[39m
      [36m>[39m
        [36m<label[39m
          [33mclass[39m=[32m"flex cursor-pointer items-center justify-between rounded-lg border border-border px-3 py-2.5"[39m
        [36m>[39m
          [36m<span[39m
            [33mclass[39m=[32m"text-sm text-foreground"[39m
          [36m>[39m
            [0mOpen Now[0m
          [36m</span>[39m
          [36m<input[39m
            [33mclass[39m=[32m"h-4 w-4 rounded border-border text-primary accent-primary"[39m
            [33mtype[39m=[32m"checkbox"[39m
          [36m/>[39m
        [36m</label>[39m
        [36m<label[39m
          [33mclass[39m=[32m"flex cursor-pointer items-center justify-between rounded-lg border border-border px-3 py-2.5"[39m
        [36m>[39m
          [36m<span[39m
            [33mclass[39m=[32m"text-sm text-foreground"[39m
          [36m>[39m
            [0mFeatured Only[0m
          [36m</span>[39m
          [36m<input[39m
            [33mclass[39m=[32m"h-4 w-4 rounded border-border text-primary accent-primary"[39m
            [33mtype[39m=[32m"checkbox"[39m
          [36m/>[39m
        [36m</label>[39m
      [36m</div>[39m
      [36m<button[39m
        [33mclass[39m=[32m"w-full rounded-lg border border-border px-4 py-2 text-sm font-medium text-muted-foreground transition-colors hover:bg-accent hover:text-accent-foreground"[39m
      [36m>[39m
        [0mClear all filters[0m
      [36m</button>[39m
    [36m</aside>[39m
  [36m</div>[39m
[36m</body>[39m
[90m [2m❯[22m Object.getElementError node_modules/@testing-library/dom/dist/config.js:[2m37:19[22m[39m
[90m [2m❯[22m node_modules/@testing-library/dom/dist/query-helpers.js:[2m76:38[22m[39m
[90m [2m❯[22m node_modules/@testing-library/dom/dist/query-helpers.js:[2m52:17[22m[39m
[90m [2m❯[22m node_modules/@testing-library/dom/dist/query-helpers.js:[2m95:19[22m[39m
[36m [2m❯[22m tests/unit/components/public/CategorySidebar.test.tsx:[2m72:33[22m[39m
    [90m 70| [39m        [34mrender[39m([33m<[39m[33mCategorySidebar[39m [33m{[39m[33m...[39mdefaultProps[33m}[39m [33m/[39m[33m>[39m)[33m;[39m
    [90m 71| [39m
    [90m 72| [39m        const checkbox = screen.getByRole("checkbox", { name: /Kalakla…
    [90m   | [39m                                [31m^[39m
    [90m 73| [39m        fireEvent[33m.[39m[34mclick[39m(checkbox)[33m;[39m
    [90m 74| [39m

[31m[2m⎯⎯⎯⎯⎯⎯⎯⎯⎯⎯⎯⎯⎯⎯⎯⎯⎯⎯⎯⎯⎯⎯[11/45]⎯[22m[39m

[41m[1m FAIL [22m[49m tests/unit/components/public/HomePage.test.tsx[2m > [22mHomePage Component[2m > [22mrenders the hero section with search bar
[31m[1mError[22m: [vitest] No "createAdminSupabaseClient" export is defined on the "@/lib/supabase" mock. Did you forget to return it from "vi.mock"?
If you need to partially mock a module, you can use "importOriginal" helper inside:
[39m
vi.mock(import("@/lib/supabase"), async (importOriginal) => {
  const actual = await importOriginal()
  return {
    ...actual,
    // your mocked methods
  }
})

[36m [2m❯[22m Module.HomePage app/(public)/page.tsx:[2m36:27[22m[39m
    [90m 34| [39m[35mexport[39m [35mdefault[39m [35masync[39m [35mfunction[39m [33mHomePage[39m() {
    [90m 35| [39m    [35mconst[39m supabase [33m=[39m [35mawait[39m [34mcreateServerSupabaseClient[39m()[33m;[39m
    [90m 36| [39m    [35mconst[39m adminSupabase [33m=[39m [34mcreateAdminSupabaseClient[39m()[33m;[39m
    [90m   | [39m                          [31m^[39m
    [90m 37| [39m
    [90m 38| [39m    [90m// Parallelize all data fetching to reduce TTFB and LCP[39m
[90m [2m❯[22m tests/unit/components/public/HomePage.test.tsx:[2m62:21[22m[39m

[31m[2m⎯⎯⎯⎯⎯⎯⎯⎯⎯⎯⎯⎯⎯⎯⎯⎯⎯⎯⎯⎯⎯⎯[12/45]⎯[22m[39m

[41m[1m FAIL [22m[49m tests/unit/components/public/HomePage.test.tsx[2m > [22mHomePage Component[2m > [22mrenders the categories section
[31m[1mError[22m: [vitest] No "createAdminSupabaseClient" export is defined on the "@/lib/supabase" mock. Did you forget to return it from "vi.mock"?
If you need to partially mock a module, you can use "importOriginal" helper inside:
[39m
vi.mock(import("@/lib/supabase"), async (importOriginal) => {
  const actual = await importOriginal()
  return {
    ...actual,
    // your mocked methods
  }
})

[36m [2m❯[22m Module.HomePage app/(public)/page.tsx:[2m36:27[22m[39m
    [90m 34| [39m[35mexport[39m [35mdefault[39m [35masync[39m [35mfunction[39m [33mHomePage[39m() {
    [90m 35| [39m    [35mconst[39m supabase [33m=[39m [35mawait[39m [34mcreateServerSupabaseClient[39m()[33m;[39m
    [90m 36| [39m    [35mconst[39m adminSupabase [33m=[39m [34mcreateAdminSupabaseClient[39m()[33m;[39m
    [90m   | [39m                          [31m^[39m
    [90m 37| [39m
    [90m 38| [39m    [90m// Parallelize all data fetching to reduce TTFB and LCP[39m
[90m [2m❯[22m tests/unit/components/public/HomePage.test.tsx:[2m70:21[22m[39m

[31m[2m⎯⎯⎯⎯⎯⎯⎯⎯⎯⎯⎯⎯⎯⎯⎯⎯⎯⎯⎯⎯⎯⎯[13/45]⎯[22m[39m

[41m[1m FAIL [22m[49m tests/unit/components/public/HomePage.test.tsx[2m > [22mHomePage Component[2m > [22mrenders the CTA Banner
[31m[1mError[22m: [vitest] No "createAdminSupabaseClient" export is defined on the "@/lib/supabase" mock. Did you forget to return it from "vi.mock"?
If you need to partially mock a module, you can use "importOriginal" helper inside:
[39m
vi.mock(import("@/lib/supabase"), async (importOriginal) => {
  const actual = await importOriginal()
  return {
    ...actual,
    // your mocked methods
  }
})

[36m [2m❯[22m Module.HomePage app/(public)/page.tsx:[2m36:27[22m[39m
    [90m 34| [39m[35mexport[39m [35mdefault[39m [35masync[39m [35mfunction[39m [33mHomePage[39m() {
    [90m 35| [39m    [35mconst[39m supabase [33m=[39m [35mawait[39m [34mcreateServerSupabaseClient[39m()[33m;[39m
    [90m 36| [39m    [35mconst[39m adminSupabase [33m=[39m [34mcreateAdminSupabaseClient[39m()[33m;[39m
    [90m   | [39m                          [31m^[39m
    [90m 37| [39m
    [90m 38| [39m    [90m// Parallelize all data fetching to reduce TTFB and LCP[39m
[90m [2m❯[22m tests/unit/components/public/HomePage.test.tsx:[2m77:21[22m[39m

[31m[2m⎯⎯⎯⎯⎯⎯⎯⎯⎯⎯⎯⎯⎯⎯⎯⎯⎯⎯⎯⎯⎯⎯[14/45]⎯[22m[39m

[41m[1m FAIL [22m[49m tests/unit/components/public/HomePage.test.tsx[2m > [22mHomePage Component[2m > [22mrenders the mocked Map section
[31m[1mError[22m: [vitest] No "createAdminSupabaseClient" export is defined on the "@/lib/supabase" mock. Did you forget to return it from "vi.mock"?
If you need to partially mock a module, you can use "importOriginal" helper inside:
[39m
vi.mock(import("@/lib/supabase"), async (importOriginal) => {
  const actual = await importOriginal()
  return {
    ...actual,
    // your mocked methods
  }
})

[36m [2m❯[22m Module.HomePage app/(public)/page.tsx:[2m36:27[22m[39m
    [90m 34| [39m[35mexport[39m [35mdefault[39m [35masync[39m [35mfunction[39m [33mHomePage[39m() {
    [90m 35| [39m    [35mconst[39m supabase [33m=[39m [35mawait[39m [34mcreateServerSupabaseClient[39m()[33m;[39m
    [90m 36| [39m    [35mconst[39m adminSupabase [33m=[39m [34mcreateAdminSupabaseClient[39m()[33m;[39m
    [90m   | [39m                          [31m^[39m
    [90m 37| [39m
    [90m 38| [39m    [90m// Parallelize all data fetching to reduce TTFB and LCP[39m
[90m [2m❯[22m tests/unit/components/public/HomePage.test.tsx:[2m87:21[22m[39m

[31m[2m⎯⎯⎯⎯⎯⎯⎯⎯⎯⎯⎯⎯⎯⎯⎯⎯⎯⎯⎯⎯⎯⎯[15/45]⎯[22m[39m

[41m[1m FAIL [22m[49m tests/unit/components/public/HomePage.test.tsx[2m > [22mHomePage Component[2m > [22mrenders ad slots
[31m[1mError[22m: [vitest] No "createAdminSupabaseClient" export is defined on the "@/lib/supabase" mock. Did you forget to return it from "vi.mock"?
If you need to partially mock a module, you can use "importOriginal" helper inside:
[39m
vi.mock(import("@/lib/supabase"), async (importOriginal) => {
  const actual = await importOriginal()
  return {
    ...actual,
    // your mocked methods
  }
})

[36m [2m❯[22m Module.HomePage app/(public)/page.tsx:[2m36:27[22m[39m
    [90m 34| [39m[35mexport[39m [35mdefault[39m [35masync[39m [35mfunction[39m [33mHomePage[39m() {
    [90m 35| [39m    [35mconst[39m supabase [33m=[39m [35mawait[39m [34mcreateServerSupabaseClient[39m()[33m;[39m
    [90m 36| [39m    [35mconst[39m adminSupabase [33m=[39m [34mcreateAdminSupabaseClient[39m()[33m;[39m
    [90m   | [39m                          [31m^[39m
    [90m 37| [39m
    [90m 38| [39m    [90m// Parallelize all data fetching to reduce TTFB and LCP[39m
[90m [2m❯[22m tests/unit/components/public/HomePage.test.tsx:[2m95:21[22m[39m

[31m[2m⎯⎯⎯⎯⎯⎯⎯⎯⎯⎯⎯⎯⎯⎯⎯⎯⎯⎯⎯⎯⎯⎯[16/45]⎯[22m[39m

[41m[1m FAIL [22m[49m tests/unit/components/public/ListingGrid.test.tsx[2m > [22mListingGrid Component[2m > [22mrenders inline ad after every 5th listing
[31m[1mTestingLibraryElementError[22m: Unable to find an element by: [data-testid="ad-slot-1"]

Ignored nodes: comments, script, style
[36m<body>[31m
  [36m<div>[31m
    [36m<div>[31m
      [36m<div[31m
        [33mclass[31m=[32m"grid grid-cols-1 gap-5 sm:grid-cols-2 lg:grid-cols-3"[31m
      [36m>[31m
        [36m<div>[31m
          [36m<div[31m
            [33mdata-testid[31m=[32m"listing-card-1"[31m
          [36m>[31m
            [36m<span>[31m
              [0mBiz 1[0m
            [36m</span>[31m
          [36m</div>[31m
        [36m</div>[31m
        [36m<div>[31m
          [36m<div[31m
            [33mdata-testid[31m=[32m"listing-card-2"[31m
          [36m>[31m
            [36m<span>[31m
              [0mBiz 2[0m
            [36m</span>[31m
          [36m</div>[31m
        [36m</div>[31m
        [36m<div>[31m
          [36m<div[31m
            [33mdata-testid[31m=[32m"listing-card-3"[31m
          [36m>[31m
            [36m<span>[31m
              [0mBiz 3[0m
            [36m</span>[31m
          [36m</div>[31m
        [36m</div>[31m
        [36m<div>[31m
          [36m<div[31m
            [33mdata-testid[31m=[32m"listing-card-4"[31m
          [36m>[31m
            [36m<span>[31m
              [0mBiz 4[0m
            [36m</span>[31m
          [36m</div>[31m
        [36m</div>[31m
        [36m<div>[31m
          [36m<div[31m
            [33mdata-testid[31m=[32m"listing-card-5"[31m
          [36m>[31m
            [36m<span>[31m
              [0mBiz 5[0m
            [36m</span>[31m
          [36m</div>[31m
          [36m<div[31m
            [33mclass[31m=[32m"col-span-full my-4"[31m
          [36m>[31m
            [36m<div[31m
              [33mclass[31m=[32m"animate-pulse bg-muted rounded-xl h-[90px] w-full max-w-3xl mx-auto undefined"[31m
            [36m/>[31m
          [36m</div>[31m
        [36m</div>[31m
        [36m<div>[31m
          [36m<div[31m
            [33mdata-testid[31m=[32m"listing-card-6"[31m
          [36m>[31m
            [36m<span>[31m
              [0mBiz 6[0m
            [36m</span>[31m
          [36m</div>[31m
        [36m</div>[31m
      [36m</div>[31m
      [36m<nav[31m
        [33mdata-testid[31m=[32m"pagination"[31m
      [36m>[31m
        [0mPage [0m
        [0m1[0m
        [0m of [0m
        [0m1[0m
      [36m</nav>[31m
    [36m</div>[31m
  [36m</div>[31m
[36m</body>[31m[39m
[90m [2m❯[22m Object.getElementError node_modules/@testing-library/dom/dist/config.js:[2m37:19[22m[39m
[90m [2m❯[22m node_modules/@testing-library/dom/dist/query-helpers.js:[2m76:38[22m[39m
[90m [2m❯[22m node_modules/@testing-library/dom/dist/query-helpers.js:[2m52:17[22m[39m
[90m [2m❯[22m node_modules/@testing-library/dom/dist/query-helpers.js:[2m95:19[22m[39m
[36m [2m❯[22m tests/unit/components/public/ListingGrid.test.tsx:[2m104:23[22m[39m
    [90m102| [39m        )[33m;[39m
    [90m103| [39m
    [90m104| [39m        [34mexpect[39m(screen[33m.[39m[34mgetByTestId[39m([32m"ad-slot-1"[39m))[33m.[39m[34mtoBeInTheDocument[39m()[33m;[39m
    [90m   | [39m                      [31m^[39m
    [90m105| [39m    })[33m;[39m
    [90m106| [39m})[33m;[39m

[31m[2m⎯⎯⎯⎯⎯⎯⎯⎯⎯⎯⎯⎯⎯⎯⎯⎯⎯⎯⎯⎯⎯⎯[17/45]⎯[22m[39m

[41m[1m FAIL [22m[49m tests/unit/components/shared/AdSlot.test.tsx[2m > [22mAdSlot Server Component[2m > [22mrenders an internal ad when found in database
[31m[1mTestingLibraryElementError[22m: Unable to find an element with the alt text: Test Ad

Ignored nodes: comments, script, style
[36m<body>[31m
  [36m<div>[31m
    [36m<div>[31m
      [36m<div>[31m
        [36m<a[31m
          [33mclass[31m=[32m"block overflow-hidden rounded-xl"[31m
          [33mhref[31m=[32m"https://example.com/promo"[31m
          [33mrel[31m=[32m"noopener noreferrer sponsored"[31m
          [33mtarget[31m=[32m"_blank"[31m
        [36m>[31m
          [36m<div[31m
            [33mclass[31m=[32m"relative w-full h-full mx-auto w-full max-w-3xl aspect-[728/90] bg-[#f3f4f6]"[31m
            [33mdata-has-error[31m=[32m"false"[31m
            [33mdata-priority[31m=[32m"false"[31m
            [33mstyle[31m=[32m"overflow: hidden;"[31m
          [36m>[31m
            [36m<div[31m
              [33mclass[31m=[32m"absolute inset-0 flex flex-col items-center justify-center p-4 text-center"[31m
            [36m>[31m
              [36m<img[31m
                [33malt[31m=[32m"Placeholder"[31m
                [33mclass[31m=[32m"w-12 h-12 mb-2 opacity-20"[31m
                [33msrc[31m=[32m"/placeholder-business.svg"[31m
              [36m/>[31m
            [36m</div>[31m
          [36m</div>[31m
        [36m</a>[31m
      [36m</div>[31m
    [36m</div>[31m
  [36m</div>[31m
[36m</body>[31m[39m
[90m [2m❯[22m Object.getElementError node_modules/@testing-library/dom/dist/config.js:[2m37:19[22m[39m
[90m [2m❯[22m node_modules/@testing-library/dom/dist/query-helpers.js:[2m76:38[22m[39m
[90m [2m❯[22m node_modules/@testing-library/dom/dist/query-helpers.js:[2m52:17[22m[39m
[90m [2m❯[22m node_modules/@testing-library/dom/dist/query-helpers.js:[2m95:19[22m[39m
[36m [2m❯[22m tests/unit/components/shared/AdSlot.test.tsx:[2m50:28[22m[39m
    [90m 48| [39m        [34mrender[39m([33mComponent[39m [35mas[39m [33mReact[39m[33m.[39m[33mReactElement[39m)[33m;[39m
    [90m 49| [39m
    [90m 50| [39m        [35mconst[39m img [33m=[39m screen[33m.[39m[34mgetByAltText[39m([32m"Test Ad"[39m)[33m;[39m
    [90m   | [39m                           [31m^[39m
    [90m 51| [39m        [34mexpect[39m(img)[33m.[39m[34mtoBeInTheDocument[39m()[33m;[39m
    [90m 52| [39m

[31m[2m⎯⎯⎯⎯⎯⎯⎯⎯⎯⎯⎯⎯⎯⎯⎯⎯⎯⎯⎯⎯⎯⎯[18/45]⎯[22m[39m

[41m[1m FAIL [22m[49m tests/unit/components/shared/ListingCard.test.tsx[2m > [22mListingCard Component[2m > [22muses placeholder image when no image provided
[31m[1mTestingLibraryElementError[22m: Unable to find an element with the alt text: Test Bakery

Ignored nodes: comments, script, style
[36m<body>[31m
  [36m<div>[31m
    [36m<a[31m
      [33mclass[31m=[32m"group flex flex-col overflow-hidden rounded-xl border border-border bg-card transition-all hover:shadow-lg hover:-translate-y-1"[31m
      [33mhref[31m=[32m"/listing/test-business"[31m
    [36m>[31m
      [36m<div[31m
        [33mclass[31m=[32m"relative aspect-[16/10] w-full overflow-hidden bg-muted"[31m
      [36m>[31m
        [36m<div[31m
          [33mclass[31m=[32m"relative w-full h-full object-cover transition-transform duration-300 group-hover:scale-105 bg-[#f3f4f6]"[31m
          [33mdata-has-error[31m=[32m"false"[31m
          [33mdata-priority[31m=[32m"false"[31m
          [33mstyle[31m=[32m"overflow: hidden;"[31m
        [36m>[31m
          [36m<div[31m
            [33mclass[31m=[32m"absolute inset-0 flex flex-col items-center justify-center p-4 text-center"[31m
          [36m>[31m
            [36m<img[31m
              [33malt[31m=[32m"Placeholder"[31m
              [33mclass[31m=[32m"w-12 h-12 mb-2 opacity-20"[31m
              [33msrc[31m=[32m"/placeholder-business.svg"[31m
            [36m/>[31m
          [36m</div>[31m
        [36m</div>[31m
        [36m<div[31m
          [33mclass[31m=[32m"absolute left-3 top-3 flex flex-col gap-1.5"[31m
        [36m/>[31m
      [36m</div>[31m
      [36m<div[31m
        [33mclass[31m=[32m"flex flex-1 flex-col p-4"[31m
      [36m>[31m
        [36m<h3[31m
          [33mclass[31m=[32m"text-base font-semibold text-foreground line-clamp-1 group-hover:text-secondary transition-colors"[31m
        [36m>[31m
          [0mTest Bakery[0m
        [36m</h3>[31m
        [36m<span[31m
          [33mclass[31m=[32m"mt-1 text-xs font-medium text-secondary"[31m
        [36m>[31m
          [0mBakeries[0m
        [36m</span>[31m
        [36m<div[31m
          [33mclass[31m=[32m"mt-1.5 flex items-center gap-1 text-xs text-muted-foreground"[31m
        [36m>[31m
          [36m<svg[31m
            [33maria-hidden[31m=[32m"true"[31m
            [33mclass[31m=[32m"lucide lucide-map-pin h-3 w-3 shrink-0"[31m
            [33mfill[31m=[32m"none"[31m
            [33mheight[31m=[32m"24"[31m
            [33mstroke[31m=[32m"currentColor"[31m
            [33mstroke-linecap[31m=[32m"round"[31m
            [33mstroke-linejoin[31m=[32m"round"[31m
            [33mstroke-width[31m=[32m"2"[31m
            [33mviewBox[31m=[32m"0 0 24 24"[31m
            [33mwidth[31m=[32m"24"[31m
            [33mxmlns[31m=[32m"http://www.w3.org/2000/svg"[31m
          [36m>[31m
            [36m<path[31m
              [33md[31m=[32m"M20 10c0 4.993-5.539 10.193-7.399 11.799a1 1 0 0 1-1.202 0C9.539 20.193 4 14.993 4 10a8 8 0 0 1 16 0"[31m
            [36m/>[31m
            [36m<circle[31m
              [33mcx[31m=[32m"12"[31m
              [33mcy[31m=[32m"10"[31m
              [33mr[31m=[32m"3"[31m
            [36m/>[31m
          [36m</svg>[31m
          [36m<span>[31m
            [0mKalaklan[0m
          [36m</span>[31m
        [36m</div>[31m
        [36m<p[31m
          [33mclass[31m=[32m"mt-2 text-sm text-muted-foreground line-clamp-2"[31m
        [36m>[31m
          [0mThe best bread in town.[0m
        [36m</p>[31m
        [36m<div[31m
          [33mclass[31m=[32m"mt-auto pt-3 border-t border-border/50"[31m
        [36m>[31m
          [36m<span[31m
            [33mclass[31m=[32m"inline-flex items-center gap-1.5 text-sm font-medium text-primary hover:text-secondary transition-colors"[31m
          [36m>[31m
            [36m<svg[31m
              [33maria-hidden[31m=[32m"true"[31m
              [33mclass[31m=[32m"lucide lucide-phone h-3.5 w-3.5"[31m
              [33mfill[31m=[32m"none"[31m
              [33mheight[31m=[32m"24"[31m
              [33mstroke[31m=[32m"currentColor"[31m
              [33mstroke-linecap[31m=[32m"round"[31m
              [33mstroke-linejoin[31m=[32m"round"[31m
              [33mstroke-width[31m=[32m"2"[31m
              [33mviewBox[31m=[32m"0 0 24 24"[31m
              [33mwidth[31m=[32m"24"[31m
              [33mxmlns[31m=[32m"http://www.w3.org/2000/svg"[31m
            [36m>[31m
              [36m<path[31m
                [33md[31m=[32m"M13.832 16.568a1 1 0 0 0 1.213-.303l.355-.465A2 2 0 0 1 17 15h3a2 2 0 0 1 2 2v3a2 2 0 0 1-2 2A18 18 0 0 1 2 4a2 2 0 0 1 2-2h3a2 2 0 0 1 2 2v3a2 2 0 0 1-.8 1.6l-.468.351a1 1 0 0 0-.292 1.233 14 14 0 0 0 6.392 6.384"[31m
              [36m/>[31m
            [36m</svg>[31m
            [0m+639123456789[0m
          [36m</span>[31m
        [36m</div>[31m
      [36m</div>[31m
    [36m</a>[31m
  [36m</div>[31m
[36m</body>[31m[39m
[90m [2m❯[22m Object.getElementError node_modules/@testing-library/dom/dist/config.js:[2m37:19[22m[39m
[90m [2m❯[22m node_modules/@testing-library/dom/dist/query-helpers.js:[2m76:38[22m[39m
[90m [2m❯[22m node_modules/@testing-library/dom/dist/query-helpers.js:[2m52:17[22m[39m
[90m [2m❯[22m node_modules/@testing-library/dom/dist/query-helpers.js:[2m95:19[22m[39m
[36m [2m❯[22m tests/unit/components/shared/ListingCard.test.tsx:[2m52:28[22m[39m
    [90m 50| [39m        [34mrender[39m([33m<[39m[33mListingCard[39m [33m{[39m[33m...[39mdefaultProps[33m}[39m [33m/[39m[33m>[39m)[33m;[39m
    [90m 51| [39m        [90m// Next/Image renders an img tag[39m
    [90m 52| [39m        [35mconst[39m img [33m=[39m screen[33m.[39m[34mgetByAltText[39m([32m"Test Bakery"[39m)[33m;[39m
    [90m   | [39m                           [31m^[39m
    [90m 53| [39m        [34mexpect[39m(img)[33m.[39m[34mtoBeInTheDocument[39m()[33m;[39m
    [90m 54| [39m        // Since we didn't mock next/image heavily, it might encode th…

[31m[2m⎯⎯⎯⎯⎯⎯⎯⎯⎯⎯⎯⎯⎯⎯⎯⎯⎯⎯⎯⎯⎯⎯[19/45]⎯[22m[39m

[41m[1m FAIL [22m[49m tests/unit/components/shared/SearchBar.test.tsx[2m > [22mSearchBar Component[2m > [22mnavigates to /search with params on submit
[31m[1mAssertionError[22m: expected "vi.fn()" to be called with arguments: [ '/search?q=Burger&category=food' ][90m

Received: 

[1m  1st vi.fn() call:

[22m[2m  [[22m
[32m-   "/search?q=Burger&category=food",[90m
[31m+   "/olongapo/search?q=Burger&category=food",[90m
[2m  ][22m
[31m[90m

Number of calls: [1m1[22m
[31m[39m
[36m [2m❯[22m tests/unit/components/shared/SearchBar.test.tsx:[2m89:26[22m[39m
    [90m 87| [39m        fireEvent[33m.[39m[34msubmit[39m(form[33m![39m)[33m;[39m
    [90m 88| [39m
    [90m 89| [39m        expect(mockPush).toHaveBeenCalledWith("/search?q=Burger&catego…
    [90m   | [39m                         [31m^[39m
    [90m 90| [39m    })[33m;[39m
    [90m 91| [39m

[31m[2m⎯⎯⎯⎯⎯⎯⎯⎯⎯⎯⎯⎯⎯⎯⎯⎯⎯⎯⎯⎯⎯⎯[20/45]⎯[22m[39m

[41m[1m FAIL [22m[49m tests/unit/components/shared/SearchBar.test.tsx[2m > [22mSearchBar Component[2m > [22mrenders popular tags and navigates on click
[31m[1mAssertionError[22m: expected "vi.fn()" to be called with arguments: [ '/search?q=Restaurants' ][90m

Received: 

[1m  1st vi.fn() call:

[22m[2m  [[22m
[32m-   "/search?q=Restaurants",[90m
[31m+   "/olongapo/search?q=Restaurants",[90m
[2m  ][22m
[31m[90m

Number of calls: [1m1[22m
[31m[39m
[36m [2m❯[22m tests/unit/components/shared/SearchBar.test.tsx:[2m100:26[22m[39m
    [90m 98| [39m        fireEvent[33m.[39m[34mclick[39m(tag)[33m;[39m
    [90m 99| [39m        [34mexpect[39m(mockStore[33m.[39msetQuery)[33m.[39m[34mtoHaveBeenCalledWith[39m([32m"Restaurants"[39m)[33m;[39m
    [90m100| [39m        [34mexpect[39m(mockPush)[33m.[39m[34mtoHaveBeenCalledWith[39m([32m"/search?q=Restaurants"[39m)[33m;[39m
    [90m   | [39m                         [31m^[39m
    [90m101| [39m    })[33m;[39m
    [90m102| [39m})[33m;[39m

[31m[2m⎯⎯⎯⎯⎯⎯⎯⎯⎯⎯⎯⎯⎯⎯⎯⎯⎯⎯⎯⎯⎯⎯[21/45]⎯[22m[39m

[41m[1m FAIL [22m[49m tests/unit/components/admin/dashboard/AdminStatsCard.test.tsx[2m > [22mAdminStatsCard[2m > [22mrenders label, value, and icon
[31m[1mTestingLibraryElementError[22m: Unable to find an element by: [data-testid="icon-activity"]

Ignored nodes: comments, script, style
[36m<body>[31m
  [36m<div>[31m
    [36m<div[31m
      [33mclass[31m=[32m"flex items-center gap-4 rounded-2xl border border-border bg-background p-5 shadow-sm transition"[31m
    [36m>[31m
      [36m<div[31m
        [33mclass[31m=[32m"flex h-12 w-12 shrink-0 items-center justify-center rounded-2xl bg-[#FF6B35]/10"[31m
      [36m>[31m
        [36m<svg[31m
          [33maria-hidden[31m=[32m"true"[31m
          [33mclass[31m=[32m"lucide lucide-activity h-6 w-6 text-[#FF6B35]"[31m
          [33mfill[31m=[32m"none"[31m
          [33mheight[31m=[32m"24"[31m
          [33mstroke[31m=[32m"currentColor"[31m
          [33mstroke-linecap[31m=[32m"round"[31m
          [33mstroke-linejoin[31m=[32m"round"[31m
          [33mstroke-width[31m=[32m"2"[31m
          [33mviewBox[31m=[32m"0 0 24 24"[31m
          [33mwidth[31m=[32m"24"[31m
          [33mxmlns[31m=[32m"http://www.w3.org/2000/svg"[31m
        [36m>[31m
          [36m<path[31m
            [33md[31m=[32m"M22 12h-2.48a2 2 0 0 0-1.93 1.46l-2.35 8.36a.25.25 0 0 1-.48 0L9.24 2.18a.25.25 0 0 0-.48 0l-2.35 8.36A2 2 0 0 1 4.49 12H2"[31m
          [36m/>[31m
        [36m</svg>[31m
      [36m</div>[31m
      [36m<div[31m
        [33mclass[31m=[32m"flex-1 min-w-0"[31m
      [36m>[31m
        [36m<p[31m
          [33mclass[31m=[32m"text-xs font-medium text-muted-foreground"[31m
        [36m>[31m
          [0mTotal Users[0m
        [36m</p>[31m
        [36m<p[31m
          [33mclass[31m=[32m"text-2xl font-extrabold tracking-tight text-foreground"[31m
        [36m>[31m
          [0m1,234[0m
        [36m</p>[31m
      [36m</div>[31m
    [36m</div>[31m
  [36m</div>[31m
[36m</body>[31m[39m
[90m [2m❯[22m Object.getElementError node_modules/@testing-library/dom/dist/config.js:[2m37:19[22m[39m
[90m [2m❯[22m node_modules/@testing-library/dom/dist/query-helpers.js:[2m76:38[22m[39m
[90m [2m❯[22m node_modules/@testing-library/dom/dist/query-helpers.js:[2m52:17[22m[39m
[90m [2m❯[22m node_modules/@testing-library/dom/dist/query-helpers.js:[2m95:19[22m[39m
[36m [2m❯[22m tests/unit/components/admin/dashboard/AdminStatsCard.test.tsx:[2m33:23[22m[39m
    [90m 31| [39m        [34mexpect[39m(screen[33m.[39m[34mgetByText[39m([32m"Total Users"[39m))[33m.[39m[34mtoBeInTheDocument[39m()[33m;[39m
    [90m 32| [39m        [34mexpect[39m(screen[33m.[39m[34mgetByText[39m([32m"1,234"[39m))[33m.[39m[34mtoBeInTheDocument[39m()[33m;[39m
    [90m 33| [39m        expect(screen.getByTestId("icon-activity")).toBeInTheDocument(…
    [90m   | [39m                      [31m^[39m
    [90m 34| [39m    })[33m;[39m
    [90m 35| [39m

[31m[2m⎯⎯⎯⎯⎯⎯⎯⎯⎯⎯⎯⎯⎯⎯⎯⎯⎯⎯⎯⎯⎯⎯[22/45]⎯[22m[39m

[41m[1m FAIL [22m[49m tests/unit/components/admin/dashboard/AdminStatsCard.test.tsx[2m > [22mAdminStatsCard[2m > [22mshows positive change with green arrow
[31m[1mTestingLibraryElementError[22m: Unable to find an element with the text: +15%. This could be because the text is broken up by multiple elements. In this case, you can provide a function for your text matcher to make your matcher more flexible.

Ignored nodes: comments, script, style
[36m<body>[31m
  [36m<div>[31m
    [36m<div[31m
      [33mclass[31m=[32m"flex items-center gap-4 rounded-2xl border border-border bg-background p-5 shadow-sm transition"[31m
    [36m>[31m
      [36m<div[31m
        [33mclass[31m=[32m"flex h-12 w-12 shrink-0 items-center justify-center rounded-2xl bg-[#FF6B35]/10"[31m
      [36m>[31m
        [36m<svg[31m
          [33maria-hidden[31m=[32m"true"[31m
          [33mclass[31m=[32m"lucide lucide-activity h-6 w-6 text-[#FF6B35]"[31m
          [33mfill[31m=[32m"none"[31m
          [33mheight[31m=[32m"24"[31m
          [33mstroke[31m=[32m"currentColor"[31m
          [33mstroke-linecap[31m=[32m"round"[31m
          [33mstroke-linejoin[31m=[32m"round"[31m
          [33mstroke-width[31m=[32m"2"[31m
          [33mviewBox[31m=[32m"0 0 24 24"[31m
          [33mwidth[31m=[32m"24"[31m
          [33mxmlns[31m=[32m"http://www.w3.org/2000/svg"[31m
        [36m>[31m
          [36m<path[31m
            [33md[31m=[32m"M22 12h-2.48a2 2 0 0 0-1.93 1.46l-2.35 8.36a.25.25 0 0 1-.48 0L9.24 2.18a.25.25 0 0 0-.48 0l-2.35 8.36A2 2 0 0 1 4.49 12H2"[31m
          [36m/>[31m
        [36m</svg>[31m
      [36m</div>[31m
      [36m<div[31m
        [33mclass[31m=[32m"flex-1 min-w-0"[31m
      [36m>[31m
        [36m<p[31m
          [33mclass[31m=[32m"text-xs font-medium text-muted-foreground"[31m
        [36m>[31m
          [0mStats[0m
        [36m</p>[31m
        [36m<p[31m
          [33mclass[31m=[32m"text-2xl font-extrabold tracking-tight text-foreground"[31m
        [36m>[31m
          [0m100[0m
        [36m</p>[31m
      [36m</div>[31m
    [36m</div>[31m
  [36m</div>[31m
[36m</body>[31m[39m
[90m [2m❯[22m Object.getElementError node_modules/@testing-library/dom/dist/config.js:[2m37:19[22m[39m
[90m [2m❯[22m node_modules/@testing-library/dom/dist/query-helpers.js:[2m76:38[22m[39m
[90m [2m❯[22m node_modules/@testing-library/dom/dist/query-helpers.js:[2m52:17[22m[39m
[90m [2m❯[22m node_modules/@testing-library/dom/dist/query-helpers.js:[2m95:19[22m[39m
[36m [2m❯[22m tests/unit/components/admin/dashboard/AdminStatsCard.test.tsx:[2m47:23[22m[39m
    [90m 45| [39m        )[33m;[39m
    [90m 46| [39m
    [90m 47| [39m        [34mexpect[39m(screen[33m.[39m[34mgetByText[39m([32m"+15%"[39m))[33m.[39m[34mtoBeInTheDocument[39m()[33m;[39m
    [90m   | [39m                      [31m^[39m
    [90m 48| [39m        [34mexpect[39m(screen[33m.[39m[34mgetByTestId[39m([32m"arrow-up"[39m))[33m.[39m[34mtoBeInTheDocument[39m()[33m;[39m
    [90m 49| [39m        [35mconst[39m changeContainer [33m=[39m screen[33m.[39m[34mgetByText[39m([32m"+15%"[39m)[33m.[39mparentElement[33m;[39m

[31m[2m⎯⎯⎯⎯⎯⎯⎯⎯⎯⎯⎯⎯⎯⎯⎯⎯⎯⎯⎯⎯⎯⎯[23/45]⎯[22m[39m

[41m[1m FAIL [22m[49m tests/unit/components/admin/dashboard/AdminStatsCard.test.tsx[2m > [22mAdminStatsCard[2m > [22mshows negative change with red arrow
[31m[1mTestingLibraryElementError[22m: Unable to find an element with the text: -5%. This could be because the text is broken up by multiple elements. In this case, you can provide a function for your text matcher to make your matcher more flexible.

Ignored nodes: comments, script, style
[36m<body>[31m
  [36m<div>[31m
    [36m<div[31m
      [33mclass[31m=[32m"flex items-center gap-4 rounded-2xl border border-border bg-background p-5 shadow-sm transition"[31m
    [36m>[31m
      [36m<div[31m
        [33mclass[31m=[32m"flex h-12 w-12 shrink-0 items-center justify-center rounded-2xl bg-[#FF6B35]/10"[31m
      [36m>[31m
        [36m<svg[31m
          [33maria-hidden[31m=[32m"true"[31m
          [33mclass[31m=[32m"lucide lucide-activity h-6 w-6 text-[#FF6B35]"[31m
          [33mfill[31m=[32m"none"[31m
          [33mheight[31m=[32m"24"[31m
          [33mstroke[31m=[32m"currentColor"[31m
          [33mstroke-linecap[31m=[32m"round"[31m
          [33mstroke-linejoin[31m=[32m"round"[31m
          [33mstroke-width[31m=[32m"2"[31m
          [33mviewBox[31m=[32m"0 0 24 24"[31m
          [33mwidth[31m=[32m"24"[31m
          [33mxmlns[31m=[32m"http://www.w3.org/2000/svg"[31m
        [36m>[31m
          [36m<path[31m
            [33md[31m=[32m"M22 12h-2.48a2 2 0 0 0-1.93 1.46l-2.35 8.36a.25.25 0 0 1-.48 0L9.24 2.18a.25.25 0 0 0-.48 0l-2.35 8.36A2 2 0 0 1 4.49 12H2"[31m
          [36m/>[31m
        [36m</svg>[31m
      [36m</div>[31m
      [36m<div[31m
        [33mclass[31m=[32m"flex-1 min-w-0"[31m
      [36m>[31m
        [36m<p[31m
          [33mclass[31m=[32m"text-xs font-medium text-muted-foreground"[31m
        [36m>[31m
          [0mStats[0m
        [36m</p>[31m
        [36m<p[31m
          [33mclass[31m=[32m"text-2xl font-extrabold tracking-tight text-foreground"[31m
        [36m>[31m
          [0m100[0m
        [36m</p>[31m
      [36m</div>[31m
    [36m</div>[31m
  [36m</div>[31m
[36m</body>[31m[39m
[90m [2m❯[22m Object.getElementError node_modules/@testing-library/dom/dist/config.js:[2m37:19[22m[39m
[90m [2m❯[22m node_modules/@testing-library/dom/dist/query-helpers.js:[2m76:38[22m[39m
[90m [2m❯[22m node_modules/@testing-library/dom/dist/query-helpers.js:[2m52:17[22m[39m
[90m [2m❯[22m node_modules/@testing-library/dom/dist/query-helpers.js:[2m95:19[22m[39m
[36m [2m❯[22m tests/unit/components/admin/dashboard/AdminStatsCard.test.tsx:[2m64:23[22m[39m
    [90m 62| [39m        )[33m;[39m
    [90m 63| [39m
    [90m 64| [39m        [34mexpect[39m(screen[33m.[39m[34mgetByText[39m([32m"-5%"[39m))[33m.[39m[34mtoBeInTheDocument[39m()[33m;[39m
    [90m   | [39m                      [31m^[39m
    [90m 65| [39m        [34mexpect[39m(screen[33m.[39m[34mgetByTestId[39m([32m"arrow-down"[39m))[33m.[39m[34mtoBeInTheDocument[39m()[33m;[39m
    [90m 66| [39m        [35mconst[39m changeContainer [33m=[39m screen[33m.[39m[34mgetByText[39m([32m"-5%"[39m)[33m.[39mparentElement[33m;[39m

[31m[2m⎯⎯⎯⎯⎯⎯⎯⎯⎯⎯⎯⎯⎯⎯⎯⎯⎯⎯⎯⎯⎯⎯[24/45]⎯[22m[39m

[41m[1m FAIL [22m[49m tests/unit/components/admin/dashboard/AdminStatsCard.test.tsx[2m > [22mAdminStatsCard[2m > [22mnavigates to correct page on click
[31m[1mError[22m: [2mexpect([22m[31mreceived[31m[2m).toBeInTheDocument()[22m

[31mreceived[31m value must be an HTMLElement or an SVGElement.
Received has type:  Null
Received has value: [31mnull[31m[39m
[36m [2m❯[22m tests/unit/components/admin/dashboard/AdminStatsCard.test.tsx:[2m82:22[22m[39m
    [90m 80| [39m
    [90m 81| [39m        [35mconst[39m card [33m=[39m screen[33m.[39m[34mgetByText[39m([32m"Listings"[39m)[33m.[39m[34mclosest[39m([32m"button"[39m)[33m;[39m
    [90m 82| [39m        [34mexpect[39m(card)[33m.[39m[34mtoBeInTheDocument[39m()[33m;[39m
    [90m   | [39m                     [31m^[39m
    [90m 83| [39m        fireEvent[33m.[39m[34mclick[39m(card[33m![39m)[33m;[39m
    [90m 84| [39m

[31m[2m⎯⎯⎯⎯⎯⎯⎯⎯⎯⎯⎯⎯⎯⎯⎯⎯⎯⎯⎯⎯⎯⎯[25/45]⎯[22m[39m

[41m[1m FAIL [22m[49m tests/unit/components/admin/dashboard/AdminStatsCard.test.tsx[2m > [22mAdminStatsCard[2m > [22mshows orange highlight when highlight is true
[31m[1mError[22m: [2mexpect([22m[31melement[31m[2m).toHaveClass([22m[32m[32m"hover:bg-[#FF6B35]/10"[32m[31m[2m)[22m

Expected the element to have class:
[32m  hover:bg-[#FF6B35]/10[31m
Received:
[31m  flex-1 min-w-0[31m[39m
[36m [2m❯[22m tests/unit/components/admin/dashboard/AdminStatsCard.test.tsx:[2m101:22[22m[39m
    [90m 99| [39m        const card = screen.getByText("Pending").closest("button") || …
    [90m100| [39m        [90m// The implementation uses bg-[#FF6B35]/10 when highlighted[39m
    [90m101| [39m        [34mexpect[39m(card)[33m.[39m[34mtoHaveClass[39m([32m"hover:bg-[#FF6B35]/10"[39m)[33m;[39m
    [90m   | [39m                     [31m^[39m
    [90m102| [39m        const iconContainer = screen.getByTestId("icon-activity").pare…
    [90m103| [39m        [34mexpect[39m(iconContainer)[33m.[39m[34mtoHaveClass[39m([32m"bg-[#FF6B35]"[39m)[33m;[39m

[31m[2m⎯⎯⎯⎯⎯⎯⎯⎯⎯⎯⎯⎯⎯⎯⎯⎯⎯⎯⎯⎯⎯⎯[26/45]⎯[22m[39m

[41m[1m FAIL [22m[49m tests/unit/components/admin/dashboard/RevenueOverview.test.tsx[2m > [22mRevenueOverview[2m > [22mrenders breakdown categories and bars
[31m[1mTestingLibraryElementError[22m[39m: Found multiple elements with the text: /5,000/

Here are the matching elements:

Ignored nodes: comments, script, style
[36m<span[39m
  [33mclass[39m=[32m"font-semibold text-foreground"[39m
[36m>[39m
  [0m₱15,000[0m
[36m</span>[39m

Ignored nodes: comments, script, style
[36m<span[39m
  [33mclass[39m=[32m"font-semibold text-foreground"[39m
[36m>[39m
  [0m₱5,000[0m
[36m</span>[39m

(If this is intentional, then use the `*AllBy*` variant of the query (like `queryAllByText`, `getAllByText`, or `findAllByText`)).

Ignored nodes: comments, script, style
[36m<body>[39m
  [36m<div>[39m
    [36m<div[39m
      [33mclass[39m=[32m"rounded-2xl border border-border bg-background p-5 shadow-sm"[39m
    [36m>[39m
      [36m<h3[39m
        [33mclass[39m=[32m"mb-4 font-semibold text-foreground"[39m
      [36m>[39m
        [0mRevenue Overview[0m
      [36m</h3>[39m
      [36m<div[39m
        [33mclass[39m=[32m"mb-6 grid grid-cols-3 gap-3"[39m
      [36m>[39m
        [36m<div[39m
          [33mclass[39m=[32m"rounded-xl bg-muted/40 p-3 text-center"[39m
        [36m>[39m
          [36m<p[39m
            [33mclass[39m=[32m"text-[10px] text-muted-foreground font-medium"[39m
          [36m>[39m
            [0mThis Month[0m
          [36m</p>[39m
          [36m<p[39m
            [33mclass[39m=[32m"mt-1 text-base font-bold text-foreground"[39m
          [36m>[39m
            [0m₱22,000[0m
          [36m</p>[39m
          [36m<span[39m
            [33mclass[39m=[32m"mt-0.5 inline-block text-[10px] font-semibold text-green-600"[39m
          [36m>[39m
            [0m+10.0%[0m
            [0m vs last month[0m
          [36m</span>[39m
        [36m</div>[39m
        [36m<div[39m
          [33mclass[39m=[32m"rounded-xl bg-muted/40 p-3 text-center"[39m
        [36m>[39m
          [36m<p[39m
            [33mclass[39m=[32m"text-[10px] text-muted-foreground font-medium"[39m
          [36m>[39m
            [0mLast Month[0m
          [36m</p>[39m
          [36m<p[39m
            [33mclass[39m=[32m"mt-1 text-base font-bold text-foreground"[39m
          [36m>[39m
            [0m₱20,000[0m
          [36m</p>[39m
        [36m</div>[39m
        [36m<div[39m
          [33mclass[39m=[32m"rounded-xl bg-muted/40 p-3 text-center"[39m
        [36m>[39m
          [36m<p[39m
            [33mclass[39m=[32m"text-[10px] text-muted-foreground font-medium"[39m
          [36m>[39m
            [0mAll Time[0m
          [36m</p>[39m
          [36m<p[39m
            [33mclass[39m=[32m"mt-1 text-base font-bold text-foreground"[39m
          [36m>[39m
            [0m₱150,000[0m
          [36m</p>[39m
        [36m</div>[39m
      [36m</div>[39m
      [36m<div[39m
        [33mclass[39m=[32m"space-y-3"[39m
      [36m>[39m
        [36m<p[39m
          [33mclass[39m=[32m"text-xs font-semibold text-muted-foreground uppercase tracking-wide"[39m
        [36m>[39m
          [0mRevenue Breakdown[0m
        [36m</p>[39m
        [36m<div>[39m
          [36m<div[39m
            [33mclass[39m=[32m"mb-1 flex items-center justify-between text-xs"[39m
          [36m>[39m
            [36m<span[39m
              [33mclass[39m=[32m"text-muted-foreground"[39m
            [36m>[39m
              [0mSubscriptions[0m
            [36m</span>[39m
            [36m<span[39m
              [33mclass[39m=[32m"font-semibold text-foreground"[39m
            [36m>[39m
              [0m₱15,000[0m
            [36m</span>[39m
          [36m</div>[39m
          [36m<div[39m
            [33mclass[39m=[32m"h-2 w-full overflow-hidden rounded-full bg-muted"[39m
          [36m>[39m
            [36m<div[39m
              [33mclass[39m=[32m"h-full rounded-full transition-all duration-500 bg-blue-500"[39m
              [33mstyle[39m=[32m"width: 100%;"[39m
            [36m/>[39m
          [36m</div>[39m
        [36m</div>[39m
        [36m<div>[39m
          [36m<div[39m
            [33mclass[39m=[32m"mb-1 flex items-center justify-between text-xs"[39m
          [36m>[39m
            [36m<span[39m
              [33mclass[39m=[32m"text-muted-foreground"[39m
            [36m>[39m
              [0mAds[0m
            [36m</span>[39m
            [36m<span[39m
              [33mclass[39m=[32m"font-semibold text-foreground"[39m
            [36m>[39m
              [0m₱5,000[0m
            [36m</span>[39m
          [36m</div>[39m
          [36m<div[39m
            [33mclass[39m=[32m"h-2 w-full overflow-hidden rounded-full bg-muted"[39m
          [36m>[39m
            [36m<div[39m
              [33mclass[39m=[32m"h-full rounded-full transition-all duration-500 bg-purple-500"[39m
              [33mstyle[39m=[32m"width: 33.33333333333333%;"[39m
            [36m/>[39m
          [36m</div>[39m
        [36m</div>[39m
        [36m<div>[39m
          [36m<div[39m
            [33mclass[39m=[32m"mb-1 flex items-center justify-between text-xs"[39m
          [36m>[39m
            [36m<span[39m
              [33mclass[39m=[32m"text-muted-foreground"[39m
            [36m>[39m
              [0mFees[0m
            [36m</span>[39m
            [36m<span[39m
              [33mclass[39m=[32m"font-semibold text-foreground"[39m
            [36m>[39m
              [0m₱2,000[0m
            [36m</span>[39m
          [36m</div>[39m
          [36m<div[39m
            [33mclass[39m=[32m"h-2 w-full overflow-hidden rounded-full bg-muted"[39m
          [36m>[39m
            [36m<div[39m
              [33mclass[39m=[32m"h-full rounded-full transition-all duration-500 bg-emerald-500"[39m
              [33mstyle[39m=[32m"width: 13.333333333333334%;"[39m
            [36m/>[39m
          [36m</div>[39m
        [36m</div>[39m
      [36m</div>[39m
    [36m</div>[39m
  [36m</div>[39m
[36m</body>[39m
[90m [2m❯[22m Object.getElementError node_modules/@testing-library/dom/dist/config.js:[2m37:19[22m[39m
[90m [2m❯[22m getElementError node_modules/@testing-library/dom/dist/query-helpers.js:[2m20:35[22m[39m
[90m [2m❯[22m getMultipleElementsFoundError node_modules/@testing-library/dom/dist/query-helpers.js:[2m23:10[22m[39m
[90m [2m❯[22m node_modules/@testing-library/dom/dist/query-helpers.js:[2m55:13[22m[39m
[90m [2m❯[22m node_modules/@testing-library/dom/dist/query-helpers.js:[2m95:19[22m[39m
[36m [2m❯[22m tests/unit/components/admin/dashboard/RevenueOverview.test.tsx:[2m74:23[22m[39m
    [90m 72| [39m
    [90m 73| [39m        [34mexpect[39m(screen[33m.[39m[34mgetByText[39m([32m"Ads"[39m))[33m.[39m[34mtoBeInTheDocument[39m()[33m;[39m
    [90m 74| [39m        [34mexpect[39m(screen[33m.[39m[34mgetByText[39m([36m/5,000/[39m))[33m.[39m[34mtoBeInTheDocument[39m()[33m;[39m
    [90m   | [39m                      [31m^[39m
    [90m 75| [39m
    [90m 76| [39m        [90m// Check for bar width (max breakdown is 15000)[39m

[31m[2m⎯⎯⎯⎯⎯⎯⎯⎯⎯⎯⎯⎯⎯⎯⎯⎯⎯⎯⎯⎯⎯⎯[27/45]⎯[22m[39m

[41m[1m FAIL [22m[49m tests/unit/components/admin/layout/AdminSidebar.test.tsx[2m > [22mAdminSidebar[2m > [22mrenders all navigation groups and items when expanded
[41m[1m FAIL [22m[49m tests/unit/components/admin/layout/AdminSidebar.test.tsx[2m > [22mAdminSidebar[2m > [22mshows correct pending count badges
[41m[1m FAIL [22m[49m tests/unit/components/admin/layout/AdminSidebar.test.tsx[2m > [22mAdminSidebar[2m > [22mhighlights the active route
[41m[1m FAIL [22m[49m tests/unit/components/admin/layout/AdminSidebar.test.tsx[2m > [22mAdminSidebar[2m > [22mcollapses to icons-only on toggle
[41m[1m FAIL [22m[49m tests/unit/components/admin/layout/AdminSidebar.test.tsx[2m > [22mAdminSidebar[2m > [22mlogout button calls supabase signOut and redirects
[41m[1m FAIL [22m[49m tests/unit/components/admin/layout/AdminSidebar.test.tsx[2m > [22mAdminSidebar[2m > [22mView Public Site opens in new tab
[31m[1mTypeError[22m: __vi_import_3__.usePathname.mockReturnValue is not a function[39m
[36m [2m❯[22m tests/unit/components/admin/layout/AdminSidebar.test.tsx:[2m35:30[22m[39m
    [90m 33| [39m        vi[33m.[39m[34mclearAllMocks[39m()[33m;[39m
    [90m 34| [39m        (useRouter [35mas[39m any)[33m.[39m[34mmockReturnValue[39m({ push[33m:[39m mockRouterPush })[33m;[39m
    [90m 35| [39m        (usePathname [35mas[39m any)[33m.[39m[34mmockReturnValue[39m([32m"/admin/dashboard"[39m)[33m;[39m
    [90m   | [39m                             [31m^[39m
    [90m 36| [39m    })[33m;[39m
    [90m 37| [39m

[31m[2m⎯⎯⎯⎯⎯⎯⎯⎯⎯⎯⎯⎯⎯⎯⎯⎯⎯⎯⎯⎯⎯⎯[28/45]⎯[22m[39m

[41m[1m FAIL [22m[49m tests/unit/components/admin/shared/DataTable.test.tsx[2m > [22mDataTable[2m > [22mhandles pagination correctly
[31m[1mTestingLibraryElementError[22m[39m: Found multiple elements with the role "button" and name ""

Here are the matching elements:

Ignored nodes: comments, script, style
[36m<button[39m
  [33mclass[39m=[32m"rounded p-1 hover:bg-muted disabled:opacity-30"[39m
  [33mdisabled[39m=[32m""[39m
[36m>[39m
  [36m<svg[39m
    [33maria-hidden[39m=[32m"true"[39m
    [33mclass[39m=[32m"lucide lucide-chevrons-left h-4 w-4"[39m
    [33mfill[39m=[32m"none"[39m
    [33mheight[39m=[32m"24"[39m
    [33mstroke[39m=[32m"currentColor"[39m
    [33mstroke-linecap[39m=[32m"round"[39m
    [33mstroke-linejoin[39m=[32m"round"[39m
    [33mstroke-width[39m=[32m"2"[39m
    [33mviewBox[39m=[32m"0 0 24 24"[39m
    [33mwidth[39m=[32m"24"[39m
    [33mxmlns[39m=[32m"http://www.w3.org/2000/svg"[39m
  [36m>[39m
    [36m<path[39m
      [33md[39m=[32m"m11 17-5-5 5-5"[39m
    [36m/>[39m
    [36m<path[39m
      [33md[39m=[32m"m18 17-5-5 5-5"[39m
    [36m/>[39m
  [36m</svg>[39m
[36m</button>[39m

Ignored nodes: comments, script, style
[36m<button[39m
  [33mclass[39m=[32m"rounded p-1 hover:bg-muted disabled:opacity-30"[39m
  [33mdisabled[39m=[32m""[39m
[36m>[39m
  [36m<svg[39m
    [33maria-hidden[39m=[32m"true"[39m
    [33mclass[39m=[32m"lucide lucide-chevron-left h-4 w-4"[39m
    [33mfill[39m=[32m"none"[39m
    [33mheight[39m=[32m"24"[39m
    [33mstroke[39m=[32m"currentColor"[39m
    [33mstroke-linecap[39m=[32m"round"[39m
    [33mstroke-linejoin[39m=[32m"round"[39m
    [33mstroke-width[39m=[32m"2"[39m
    [33mviewBox[39m=[32m"0 0 24 24"[39m
    [33mwidth[39m=[32m"24"[39m
    [33mxmlns[39m=[32m"http://www.w3.org/2000/svg"[39m
  [36m>[39m
    [36m<path[39m
      [33md[39m=[32m"m15 18-6-6 6-6"[39m
    [36m/>[39m
  [36m</svg>[39m
[36m</button>[39m

Ignored nodes: comments, script, style
[36m<button[39m
  [33mclass[39m=[32m"rounded p-1 hover:bg-muted disabled:opacity-30"[39m
[36m>[39m
  [36m<svg[39m
    [33maria-hidden[39m=[32m"true"[39m
    [33mclass[39m=[32m"lucide lucide-chevron-right h-4 w-4"[39m
    [33mfill[39m=[32m"none"[39m
    [33mheight[39m=[32m"24"[39m
    [33mstroke[39m=[32m"currentColor"[39m
    [33mstroke-linecap[39m=[32m"round"[39m
    [33mstroke-linejoin[39m=[32m"round"[39m
    [33mstroke-width[39m=[32m"2"[39m
    [33mviewBox[39m=[32m"0 0 24 24"[39m
    [33mwidth[39m=[32m"24"[39m
    [33mxmlns[39m=[32m"http://www.w3.org/2000/svg"[39m
  [36m>[39m
    [36m<path[39m
      [33md[39m=[32m"m9 18 6-6-6-6"[39m
    [36m/>[39m
  [36m</svg>[39m
[36m</button>[39m

Ignored nodes: comments, script, style
[36m<button[39m
  [33mclass[39m=[32m"rounded p-1 hover:bg-muted disabled:opacity-30"[39m
[36m>[39m
  [36m<svg[39m
    [33maria-hidden[39m=[32m"true"[39m
    [33mclass[39m=[32m"lucide lucide-chevrons-right h-4 w-4"[39m
    [33mfill[39m=[32m"none"[39m
    [33mheight[39m=[32m"24"[39m
    [33mstroke[39m=[32m"currentColor"[39m
    [33mstroke-linecap[39m=[32m"round"[39m
    [33mstroke-linejoin[39m=[32m"round"[39m
    [33mstroke-width[39m=[32m"2"[39m
    [33mviewBox[39m=[32m"0 0 24 24"[39m
    [33mwidth[39m=[32m"24"[39m
    [33mxmlns[39m=[32m"http://www.w3.org/2000/svg"[39m
  [36m>[39m
    [36m<path[39m
      [33md[39m=[32m"m6 17 5-5-5-5"[39m
    [36m/>[39m
    [36m<path[39m
      [33md[39m=[32m"m13 17 5-5-5-5"[39m
    [36m/>[39m
  [36m</svg>[39m
[36m</button>[39m

(If this is intentional, then use the `*AllBy*` variant of the query (like `queryAllByText`, `getAllByText`, or `findAllByText`)).

Ignored nodes: comments, script, style
[36m<body>[39m
  [36m<div>[39m
    [36m<div[39m
      [33mclass[39m=[32m"flex flex-col gap-3"[39m
    [36m>[39m
      [36m<div[39m
        [33mclass[39m=[32m"flex flex-wrap items-center justify-between gap-2"[39m
      [36m>[39m
        [36m<div[39m
          [33mclass[39m=[32m"flex flex-wrap items-center gap-2"[39m
        [36m>[39m
          [36m<div[39m
            [33mclass[39m=[32m"relative flex items-center"[39m
          [36m>[39m
            [36m<svg[39m
              [33maria-hidden[39m=[32m"true"[39m
              [33mclass[39m=[32m"lucide lucide-search absolute left-3 h-3.5 w-3.5 text-muted-foreground"[39m
              [33mfill[39m=[32m"none"[39m
              [33mheight[39m=[32m"24"[39m
              [33mstroke[39m=[32m"currentColor"[39m
              [33mstroke-linecap[39m=[32m"round"[39m
              [33mstroke-linejoin[39m=[32m"round"[39m
              [33mstroke-width[39m=[32m"2"[39m
              [33mviewBox[39m=[32m"0 0 24 24"[39m
              [33mwidth[39m=[32m"24"[39m
              [33mxmlns[39m=[32m"http://www.w3.org/2000/svg"[39m
            [36m>[39m
              [36m<path[39m
                [33md[39m=[32m"m21 21-4.34-4.34"[39m
              [36m/>[39m
              [36m<circle[39m
                [33mcx[39m=[32m"11"[39m
                [33mcy[39m=[32m"11"[39m
                [33mr[39m=[32m"8"[39m
              [36m/>[39m
            [36m</svg>[39m
            [36m<input[39m
              [33mclass[39m=[32m"h-8 rounded-lg border border-border bg-background pl-8 pr-7 text-sm outline-none focus:border-[#FF6B35] focus:ring-1 focus:ring-[#FF6B35]/20 w-52"[39m
              [33mplaceholder[39m=[32m"Search..."[39m
              [33mvalue[39m=[32m""[39m
            [36m/>[39m
          [36m</div>[39m
        [36m</div>[39m
        [36m<div[39m
          [33mclass[39m=[32m"flex items-center gap-2"[39m
        [36m>[39m
          [36m<div[39m
            [33mclass[39m=[32m"relative"[39m
          [36m>[39m
            [36m<button[39m
              [33mclass[39m=[32m"flex items-center gap-1.5 rounded-lg border border-border bg-background px-3 py-1.5 text-xs text-muted-foreground transition hover:bg-muted"[39m
            [36m>[39m
              [36m<svg[39m
                [33maria-hidden[39m=[32m"true"[39m
                [33mclass[39m=[32m"lucide lucide-sliders-horizontal h-3.5 w-3.5"[39m
                [33mfill[39m=[32m"none"[39m
                [33mheight[39m=[32m"24"[39m
                [33mstroke[39m=[32m"currentColor"[39m
                [33mstroke-linecap[39m=[32m"round"[39m
                [33mstroke-linejoin[39m=[32m"round"[39m
                [33mstroke-width[39m=[32m"2"[39m
                [33mviewBox[39m=[32m"0 0 24 24"[39m
                [33mwidth[39m=[32m"24"[39m
                [33mxmlns[39m=[32m"http://www.w3.org/2000/svg"[39m
              [36m>[39m
                [36m<path[39m
                  [33md[39m=[32m"M10 5H3"[39m
                [36m/>[39m
                [36m<path[39m
                  [33md[39m=[32m"M12 19H3"[39m
                [36m/>[39m
                [36m<path[39m
                  [33md[39m=[32m"M14 3v4"[39m
                [36m/>[39m
                [36m<path[39m
                  [33md[39m=[32m"M16 17v4"[39m
                [36m/>[39m
                [36m<path[39m
                  [33md[39m=[32m"M21 12h-9"[39m
                [36m/>[39m
                [36m<path[39m
                  [33md[39m=[32m"M21 19h-5"[39m
                [36m/>[39m
                [36m<path[39m
                  [33md[39m=[32m"M21 5h-7"[39m
                [36m/>[39m
                [36m<path[39m
                  [33md[39m=[32m"M8 10v4"[39m
                [36m/>[39m
                [36m<path[39m
                  [33md[39m=[32m"M8 12H3"[39m
                [36m/>[39m
              [36m</svg>[39m
              [0mColumns[0m
            [36m</button>[39m
          [36m</div>[39m
          [36m<button[39m
            [33mclass[39m=[32m"flex items-center gap-1.5 rounded-lg border border-border bg-background px-3 py-1.5 text-xs text-muted-foreground transition hover:bg-muted"[39m
          [36m>[39m
            [36m<svg[39m
              [33maria-hidden[39m=[32m"true"[39m
              [33mclass[39m=[32m"lucide lucide-download h-3.5 w-3.5"[39m
              [33mfill[39m=[32m"none"[39m
              [33mheight[39m=[32m"24"[39m
              [33mstroke[39m=[32m"currentColor"[39m
              [33mstroke-linecap[39m=[32m"round"[39m
              [33mstroke-linejoin[39m=[32m"round"[39m
              [33mstroke-width[39m=[32m"2"[39m
              [33mviewBox[39m=[32m"0 0 24 24"[39m
              [33mwidth[39m=[32m"24"[39m
              [33mxmlns[39m=[32m"http://www.w3.org/2000/svg"[39m
            [36m>[39m
              [36m<path[39m
                [33md[39m=[32m"M12 15V3"[39m
              [36m/>[39m
              [36m<path[39m
                [33md[39m=[32m"M21 15v4a2 2 0 0 1-2 2H5a2 2 0 0 1-2-2v-4"[39m
              [36m/>[39m
              [36m<path[39m
                [33md[39m=[32m"m7 10 5 5 5-5"[39m
              [36m/>[39m
            [36m</svg>[39m
            [0mExport[0m
          [36m</button>[39m
        [36m</div>[39m
      [36m</div>[39m
      [36m<div[39m
        [33mclass[39m=[32m"overflow-x-auto rounded-xl border border-border bg-background"[39m
      [36m>[39m
        [36m<table[39m
          [33mclass[39m=[32m"w-full min-w-[600px] text-sm"[39m
        [36m>[39m
          [36m<thead[39m
            [33mclass[39m=[32m"border-b border-border bg-muted/40"[39m
          [36m>[39m
            [36m<tr>[39m
              [36m<th[39m
                [33mclass[39m=[32m"whitespace-nowrap px-4 py-3 text-left text-xs font-semibold uppercase tracking-wide text-muted-foreground"[39m
              [36m>[39m
                [36m<span[39m
                  [33mclass[39m=[32m"flex items-center gap-1"[39m
                [36m>[39m
                  [0mID[0m
                [36m</span>[39m
              [36m</th>[39m
              [36m<th[39m
                [33mclass[39m=[32m"whitespace-nowrap px-4 py-3 text-left text-xs font-semibold uppercase tracking-wide text-muted-foreground cursor-pointer select-none hover:text-foreground"[39m
              [36m>[39m
                [36m<span[39m
                  [33mclass[39m=[32m"flex items-center gap-1"[39m
                [36m>[39m
                  [0mName[0m
                  [36m<svg[39m
                    [33maria-hidden[39m=[32m"true"[39m
                    [33mclass[39m=[32m"lucide lucide-chevrons-up-down h-3 w-3 opacity-40"[39m
                    ...
[90m [2m❯[22m Object.getElementError node_modules/@testing-library/dom/dist/config.js:[2m37:19[22m[39m
[90m [2m❯[22m getElementError node_modules/@testing-library/dom/dist/query-helpers.js:[2m20:35[22m[39m
[90m [2m❯[22m getMultipleElementsFoundError node_modules/@testing-library/dom/dist/query-helpers.js:[2m23:10[22m[39m
[90m [2m❯[22m node_modules/@testing-library/dom/dist/query-helpers.js:[2m55:13[22m[39m
[90m [2m❯[22m node_modules/@testing-library/dom/dist/query-helpers.js:[2m95:19[22m[39m
[36m [2m❯[22m tests/unit/components/admin/shared/DataTable.test.tsx:[2m77:32[22m[39m
    [90m 75| [39m
    [90m 76| [39m        [90m// Next page[39m
    [90m 77| [39m        const nextBtn = screen.getByRole("button", { name: "" }).paren…
    [90m   | [39m                               [31m^[39m
    [90m 78| [39m        // In my implementation, buttons are identified by icon. Let's…
    [90m 79| [39m        [35mconst[39m nextButtons [33m=[39m screen[33m.[39m[34mgetAllByRole[39m([32m"button"[39m)[33m;[39m

[31m[2m⎯⎯⎯⎯⎯⎯⎯⎯⎯⎯⎯⎯⎯⎯⎯⎯⎯⎯⎯⎯⎯⎯[29/45]⎯[22m[39m

[41m[1m FAIL [22m[49m tests/unit/components/admin/shared/DataTable.test.tsx[2m > [22mDataTable[2m > [22mhandles row selection and bulk actions
[31m[1mTestingLibraryElementError[22m[39m: Unable to find an element with the text: 1 selected. This could be because the text is broken up by multiple elements. In this case, you can provide a function for your text matcher to make your matcher more flexible.

Ignored nodes: comments, script, style
[36m<body>[39m
  [36m<div>[39m
    [36m<div[39m
      [33mclass[39m=[32m"flex flex-col gap-3"[39m
    [36m>[39m
      [36m<div[39m
        [33mclass[39m=[32m"flex flex-wrap items-center justify-between gap-2"[39m
      [36m>[39m
        [36m<div[39m
          [33mclass[39m=[32m"flex flex-wrap items-center gap-2"[39m
        [36m>[39m
          [36m<div[39m
            [33mclass[39m=[32m"relative flex items-center"[39m
          [36m>[39m
            [36m<svg[39m
              [33maria-hidden[39m=[32m"true"[39m
              [33mclass[39m=[32m"lucide lucide-search absolute left-3 h-3.5 w-3.5 text-muted-foreground"[39m
              [33mfill[39m=[32m"none"[39m
              [33mheight[39m=[32m"24"[39m
              [33mstroke[39m=[32m"currentColor"[39m
              [33mstroke-linecap[39m=[32m"round"[39m
              [33mstroke-linejoin[39m=[32m"round"[39m
              [33mstroke-width[39m=[32m"2"[39m
              [33mviewBox[39m=[32m"0 0 24 24"[39m
              [33mwidth[39m=[32m"24"[39m
              [33mxmlns[39m=[32m"http://www.w3.org/2000/svg"[39m
            [36m>[39m
              [36m<path[39m
                [33md[39m=[32m"m21 21-4.34-4.34"[39m
              [36m/>[39m
              [36m<circle[39m
                [33mcx[39m=[32m"11"[39m
                [33mcy[39m=[32m"11"[39m
                [33mr[39m=[32m"8"[39m
              [36m/>[39m
            [36m</svg>[39m
            [36m<input[39m
              [33mclass[39m=[32m"h-8 rounded-lg border border-border bg-background pl-8 pr-7 text-sm outline-none focus:border-[#FF6B35] focus:ring-1 focus:ring-[#FF6B35]/20 w-52"[39m
              [33mplaceholder[39m=[32m"Search..."[39m
              [33mvalue[39m=[32m""[39m
            [36m/>[39m
          [36m</div>[39m
        [36m</div>[39m
        [36m<div[39m
          [33mclass[39m=[32m"flex items-center gap-2"[39m
        [36m>[39m
          [36m<div[39m
            [33mclass[39m=[32m"relative"[39m
          [36m>[39m
            [36m<button[39m
              [33mclass[39m=[32m"flex items-center gap-1.5 rounded-lg border border-border bg-background px-3 py-1.5 text-xs text-muted-foreground transition hover:bg-muted"[39m
            [36m>[39m
              [36m<svg[39m
                [33maria-hidden[39m=[32m"true"[39m
                [33mclass[39m=[32m"lucide lucide-sliders-horizontal h-3.5 w-3.5"[39m
                [33mfill[39m=[32m"none"[39m
                [33mheight[39m=[32m"24"[39m
                [33mstroke[39m=[32m"currentColor"[39m
                [33mstroke-linecap[39m=[32m"round"[39m
                [33mstroke-linejoin[39m=[32m"round"[39m
                [33mstroke-width[39m=[32m"2"[39m
                [33mviewBox[39m=[32m"0 0 24 24"[39m
                [33mwidth[39m=[32m"24"[39m
                [33mxmlns[39m=[32m"http://www.w3.org/2000/svg"[39m
              [36m>[39m
                [36m<path[39m
                  [33md[39m=[32m"M10 5H3"[39m
                [36m/>[39m
                [36m<path[39m
                  [33md[39m=[32m"M12 19H3"[39m
                [36m/>[39m
                [36m<path[39m
                  [33md[39m=[32m"M14 3v4"[39m
                [36m/>[39m
                [36m<path[39m
                  [33md[39m=[32m"M16 17v4"[39m
                [36m/>[39m
                [36m<path[39m
                  [33md[39m=[32m"M21 12h-9"[39m
                [36m/>[39m
                [36m<path[39m
                  [33md[39m=[32m"M21 19h-5"[39m
                [36m/>[39m
                [36m<path[39m
                  [33md[39m=[32m"M21 5h-7"[39m
                [36m/>[39m
                [36m<path[39m
                  [33md[39m=[32m"M8 10v4"[39m
                [36m/>[39m
                [36m<path[39m
                  [33md[39m=[32m"M8 12H3"[39m
                [36m/>[39m
              [36m</svg>[39m
              [0mColumns[0m
            [36m</button>[39m
          [36m</div>[39m
          [36m<button[39m
            [33mclass[39m=[32m"flex items-center gap-1.5 rounded-lg border border-border bg-background px-3 py-1.5 text-xs text-muted-foreground transition hover:bg-muted"[39m
          [36m>[39m
            [36m<svg[39m
              [33maria-hidden[39m=[32m"true"[39m
              [33mclass[39m=[32m"lucide lucide-download h-3.5 w-3.5"[39m
              [33mfill[39m=[32m"none"[39m
              [33mheight[39m=[32m"24"[39m
              [33mstroke[39m=[32m"currentColor"[39m
              [33mstroke-linecap[39m=[32m"round"[39m
              [33mstroke-linejoin[39m=[32m"round"[39m
              [33mstroke-width[39m=[32m"2"[39m
              [33mviewBox[39m=[32m"0 0 24 24"[39m
              [33mwidth[39m=[32m"24"[39m
              [33mxmlns[39m=[32m"http://www.w3.org/2000/svg"[39m
            [36m>[39m
              [36m<path[39m
                [33md[39m=[32m"M12 15V3"[39m
              [36m/>[39m
              [36m<path[39m
                [33md[39m=[32m"M21 15v4a2 2 0 0 1-2 2H5a2 2 0 0 1-2-2v-4"[39m
              [36m/>[39m
              [36m<path[39m
                [33md[39m=[32m"m7 10 5 5 5-5"[39m
              [36m/>[39m
            [36m</svg>[39m
            [0mExport[0m
          [36m</button>[39m
        [36m</div>[39m
      [36m</div>[39m
      [36m<div[39m
        [33mclass[39m=[32m"overflow-x-auto rounded-xl border border-border bg-background"[39m
      [36m>[39m
        [36m<table[39m
          [33mclass[39m=[32m"w-full min-w-[600px] text-sm"[39m
        [36m>[39m
          [36m<thead[39m
            [33mclass[39m=[32m"border-b border-border bg-muted/40"[39m
          [36m>[39m
            [36m<tr>[39m
              [36m<th[39m
                [33mclass[39m=[32m"w-10 px-3 py-3"[39m
              [36m>[39m
                [36m<input[39m
                  [33mclass[39m=[32m"accent-[#FF6B35]"[39m
                  [33mtype[39m=[32m"checkbox"[39m
                [36m/>[39m
              [36m</th>[39m
              [36m<th[39m
                [33mclass[39m=[32m"whitespace-nowrap px-4 py-3 text-left text-xs font-semibold uppercase tracking-wide text-muted-foreground"[39m
              [36m>[39m
                [36m<span[39m
                  [33mclass[39m=[32m"flex items-center gap-1"[39m
                [36m>[39m
                  [0mID[0m
                [36m</span>[39m
              [36m</th>[39m
              [36m<th[39m
                [33mclass[39m=[32m"whitespace-nowrap px-4 py-3 text-left text-xs font-semibold uppercase tracking-wide text-muted-foreground cursor-pointer select-none hover:text-foreground"[39m
              [36m>[39m
                [36m<span[39m
                  [33mclass[39m=[32m"flex items-center gap-1"[39m
                [36m>[39m
                  [0mName[0m
                  [36m<svg[39m
                    [33maria-hidden[39m=[32m"true"[39m
                    [33mclass[39m=[32m"lucide lucide-chevrons-up-down h-3 w-3 opacity-40"[39m
                    [33mfill[39m=[32m"none"[39m
                    [33mheight[39m=[32m"24"[39m
                    [33mstroke[39m=[32m"currentColor"[39m
                    [33mstroke-linecap[39m=[32m"round"[39m
                    [33mstroke-linejoin[39m=[32m"round"[39m
                    [33mstroke-width[39m=[32m"2"[39m
                    [33mviewBox[39m=[32m"0 0 24 24"[39m
                    [33mwidth[39m=[32m"24"[39m
                    [33mxmlns[39m=[32m"http://www.w3.org/2000/svg"[39m
                  [36m>[39m
                    [36m<path[39m
                      [33md[39m=[32m"m7 15 5 5 5-5"[39m
                    [36m/>[39m
                    [36m<path[39m
                      [33md[39m=[32m"m7 9 5-5 5 5"[39m
                    [36m/>[39m
                  [36m</svg>[39m
                [36m</span>[39m
              [36m</th>[39m
              [36m<th[39m
                [33mclass[39m=[32m"whitespace-nowrap px-4 py-3 text-left text-xs font-semibold uppercase tracking-wide text-muted-foreground"[39m
              [36m>[39m
                [36m<span[39m
                  [33mclass[39m=[32m"flex items-center gap-1"[39m
                [36m>[39m
                  [0mEmail[0m
                [36m</span>[39m
              [36m</th>[39m
            [36m</tr>[39m
          [36m</thead>[39m
          [36m<tbody[39m
            [33mclass[39m=[32m"divide-y divide-border"[39m
          [36m>[39m
            [36m<tr[39m
              [33mclass[39m=[32m"transition-colors hover:bg-muted/30"[39m
            [36m>[39m
              [36m<td[39m
                [33mclass[39m=[32m"px-3 py-3"[39m
              [36m>[39m
                [36m<input[39m
                  [33mclass[39m=[32m"accent-[#FF6B35]"[39m
                  [33mtype[39m=[32m"checkbox"[39m
                [36m/>[39m
              [36m</td>[39m
              [36m<td[39m
                [33mclass[39m=[32m"px-4 py-3 text-sm text-foreground"[39m
              [36m>[39m
                [0m1[0m
              [36m</td>[39m
              [36m<td[39m
                [33mclass[39m=[32m"px-4 py-3 text-sm text-foreground"[39m
              [36m>[39m
                [0mAlice[0m
              [36m</td>[39m
              [36m<td[39m
                [33mclass[39m=[32m"px-4 py-3 text-sm text-foreground"[39m
              [36m>[39m
                [0malice@example.com[0m
              [36m</td>[39m
            [36m</tr>[39m
            [36m<tr[39m
              [33mclass[39m=[32m"transition-colors hover:bg-muted/30"[39m
            [36m>[39m
              [36m<td[39m
                [33mclass[39m=[32m"px-3 py-3"[39m
              [36m>[39m
                [36m<input[39m
                  [33mclass[39m=[32m"accent-[#FF6B35]"[39m
                  [33mtype[39m=[32m"checkbox"[39m
                [36m/>[39m
              [36m</td>[39m
              [36m<td[39m
                [33mclass[39m=[32m"px-4 py-3 text-sm text-foreground"[39m
              [36m>[39m
                [0m2[0m
              [36m</td>[39m
              [36m<td[39m
                [33mclass[39m=[32m"px-4 py-3 text-sm text-foreground"[39m
              [36m>[39m
                [0mBob[0m
              [36m</td>[39m
              [36m<td[39m
                [33mclass[39m=[32m"px-4 py-3 text-sm text-foreground"[39m
              [36m>[39m
                [0mbob@example.com[0m
              [36m</td>[39m
            [36m</tr>[39m
            [36m<tr[39m
              [33mclass[39m=[32m"transition-colors hover:bg-muted/30"[39m
            [36m>[39m
              [36m<td[39m
                [33mclass[39m=[32m"px-3 py-3"[39m
              [36m>[39m
                [36m<input[39m
                  [33mclass[39m=[32m"accent-[#FF6B35]"[39m
                  [33mtype[39m=[32m"checkbox"[39m
                [36m/>[39m
              [36m</td>[39m
              [36m<td[39m
                [33mclass[39m=[32m"px-4 py-3 text-sm text-foreground"[39m
              [36m>[39m
                [0m3[0m
              [36m</td>[39m
              [36m<td[39m
                [33mclass[39m=[32m"px-4 py-3 text-sm text-foreground"[39m
              [36m>[39m
                [0mCharlie[0m
              [36m</td>[39m
              [36m<td[39m
                [33mclass[39m=[32m"px-4 py-3 text-sm text-foreground"[39m
              [36m>[39m
                [0mcharlie@example.com[0m
              [36m</td>[39m
            [36m</tr>[39m
          [36m</tbody>[39m
        [36m</table>[39m
      [36m</div>[39m
      [36m<div[39m
        [33mclass[39m=[32m"flex flex-wrap items-center justify-between gap-3 text-xs text-muted-foreground"[39m
      [36m>[39m
        [36m<div[39m
          [33mclass[39m=[32m"flex items-center gap-2"[39m
        [36m>[39m
          [36m<span>[39m
            [0mRows per page:[0m
          [36m</span>[39m
          [36m<select[39m
            [33mclass[39m=[32m"rounded border border-border bg-background px-2 py-1 text-xs focus:outline-none"[39m
          [36m>[39m
            [36m<option[39m
              [33mvalue[39m=[32m"10"[39m
            [36m>[39m
              [0m10[0m
            [36m</option>[39m
            [36m<option[39m
              [33mvalue[39m=[32m"20"[39m
            [36m>[39m
              [0m20[0m
            [36m</option>[39m
            [36m<option[39m
              [33mvalue[39m=[32m"50"[39m
            [36m>[39m
              [0m50[0m
            [36m</option>[39m
          [36m</select>[39m
          [36m<span>[39m
            [0m1[0m
            [0m–[0m
            [0m3[0m
            [0m of [0m
            [0m3[0m
          [36m</span>[39m
        [36m</div>[39m
        [36m<div[39m
          [33mclass[39m=[32m"flex items-center gap-1"[39m
        [36m>[39m
          [36m<button[39m
            [33mclass[39m=[32m"rounded p-1 hover:bg-muted disabled:opacity-30"[39m
            [33mdisabled[39m=[32m""[39m
          [36m>[39m
            [36m<svg[39m
              [33maria-hidden[39m=[32m"true"[39m
              [33mclass[39m=[32m"lucide lucide-chevrons-left h-4 w-4"[39m
              [33mfill[39m=[32m"none"[39m
              [33mheight[39m=[32m"24"[39m
              [33mstroke[39m=[32m"currentColor"[39m
              [33mstroke-linecap[39m=[32m"round"[39m
              [33mstroke-linejoin[39m=[32m"round"[39m
              [33mstroke-width[39m=[32m"2"[39m
              [33mviewBox[39m=[32m"0 0 24 24"[39m
              [33mwidth[39m=[32m"24"[39m
              [33mxmlns[39m=[32m"http://www.w3.org/2000/svg"[39m
            [36m>[39m
              [36m<path[39m
                [33md[39m=[32m"m11 17-5-5 5-5"[39m
              [36m/>[39m
              [36m<path[39m
                [33md[39m=[32m"m18 17-5-5 5-5"[39m
              [36m/>[39m
            [36m</svg>[39m
          [36m</button>[39m
          [36m<button[39m
            [33mclass[39m=[32m"rounded p-1 hover:bg-muted disabled:opacity-30"[39m
            [33mdisabled[39m=[32m""[39m
          [36m>[39m
            [36m<svg[39m
              [33maria-hidden[39m=[32m"true"[39m
              [33mclass[39m=[32m"lucide lucide-chevron-left h-4 w-4"[39m
              [33mfill[39m=[32m"none"[39m
              [33mheight[39m=[32m"24"[39m
              [33mstroke[39m=[32m"currentColor"[39m
              [33mstroke-linecap[39m=[32m"round"[39m
              [33mstroke-linejoin[39m=[32m"round"[39m
              [33mstroke-width[39m=[32m"2"[39m
              [33mviewBox[39m=[32m"0 0 24 24"[39m
              [33mwidth[39m=[32m"24"[39m
              [33mxmlns[39m=[32m"http://www.w3.org/2000/svg"[39m
            [36m>[39m
              [36m<path[39m
                [33md[39m=[32m"m15 18-6-6 6-6"[39m
              [36m/>[39m
            [36m</svg>[39m
          [36m</button>[39m
          [36m<span[39m
            [33mclass[39m=[32m"px-2"[39m
          [36m>[39m
            [0mPage [0m
            [0m1[0m
            [0m of [0m
            [0m1[0m
          [36m</span>[39m
          [36m<button[39m
            [33mclass[39m=[32m"rounded p-1 hover:bg-muted disabled:opacity-30"[39m
            [33mdisabled[39m=[32m""[39m
          [36m>[39m
            [36m<svg[39m
              [33maria-hidden[39m=[32m"true"[39m
              [33mclass[39m=[32m"lucide lucide-chevron-right h-4 w-4"[39m
              [33mfill[39m=[32m"none"[39m
              [33mheight[39m=[32m"24"[39m
              [33mstroke[39m=[32m"currentColor"[39m
              [33mstroke-linecap[39m=[32m"round"[39m
              [33mstroke-linejoin[39m=[32m"round"[39m
              [33mstroke-width[39m=[32m"2"[39m
              [33mviewBox[39m=[32m"0 0 24 24"[39m
              [33mwidth[39m=[32m"24"[39m
              [33mxmlns[39m=[32m"http://www.w3.org/2000/svg"[39m
            [36m>[39m
              [36m<path[39m
                [33md[39m=[32m"m9 18 6-6-6-6"[39m
              [36m/>[39m
            [36m</svg>[39m
          [36m</button>[39m
          [36m<button[39m
            [33mclass[39m=[32m"rounded p-1 hover:bg-muted disabled:opacity-30"[39m
            [33mdisabled[39m=[32m""[39m
          [36m>[39m
            [36m<svg[39m
              [33maria-hidden[39m=[32m"true"[39m
              [33mclass[39m=[32m"lucide lucide-chevrons-right h-4 w-4"[39m
              [33mfill[39m=[32m"none"[39m
              [33mheight[39m=[32m"24"[39m
              [33mstroke[39m=[32m"currentColor"[39m
              [33mstroke-linecap[39m=[32m"round"[39m
              [33mstroke-linejoin[39m=[32m"round"[39m
              [33mstroke-width[39m=[32m"2"[39m
              [33mviewBox[39m=[32m"0 0 24 24"[39m
              [33mwidth[39m=[32m"24"[39m
              [33mxmlns[39m=[32m"http://www.w3.org/2000/svg"[39m
            [36m>[39m
              [36m<path[39m
                [33md[39m=[32m"m6 17 5-5-5-5"[39m
              [36m/>[39m
              [36m<path[39m
                [33md[39m=[32m"m13 17 5-5-5-5"[39m
              [36m/>[39m
            [36m</svg>[39m
          [36m</button>[39m
        [36m</div>[39m
      [36m</div>[39m
    [36m</div>[39m
  [36m</div>[39m
[36m</body>[39m
[90m [2m❯[22m Object.getElementError node_modules/@testing-library/dom/dist/config.js:[2m37:19[22m[39m
[90m [2m❯[22m node_modules/@testing-library/dom/dist/query-helpers.js:[2m76:38[22m[39m
[90m [2m❯[22m node_modules/@testing-library/dom/dist/query-helpers.js:[2m52:17[22m[39m
[90m [2m❯[22m node_modules/@testing-library/dom/dist/query-helpers.js:[2m95:19[22m[39m
[36m [2m❯[22m tests/unit/components/admin/shared/DataTable.test.tsx:[2m100:23[22m[39m
    [90m 98| [39m        fireEvent[33m.[39m[34mclick[39m(checkboxes[[34m1[39m])[33m;[39m [90m// Select Alice[39m
    [90m 99| [39m
    [90m100| [39m        [34mexpect[39m(screen[33m.[39m[34mgetByText[39m([32m"1 selected"[39m))[33m.[39m[34mtoBeInTheDocument[39m()[33m;[39m
    [90m   | [39m                      [31m^[39m
    [90m101| [39m        [35mconst[39m deleteBtn [33m=[39m screen[33m.[39m[34mgetByText[39m([32m"Delete"[39m)[33m;[39m
    [90m102| [39m        fireEvent[33m.[39m[34mclick[39m(deleteBtn)[33m;[39m

[31m[2m⎯⎯⎯⎯⎯⎯⎯⎯⎯⎯⎯⎯⎯⎯⎯⎯⎯⎯⎯⎯⎯⎯[30/45]⎯[22m[39m

[41m[1m FAIL [22m[49m tests/unit/components/business/dashboard/ListingsTable.test.tsx[2m > [22mListingsTable[2m > [22mrenders links to edit page and public listing
[31m[1mError[22m: [2mexpect([22m[31melement[31m[2m).toHaveAttribute([22m[32m[32m"href"[32m[31m[2m, [22m[32m[32m"/listings/coffee-shop"[32m[31m[2m) // element.getAttribute("href") === "/listings/coffee-shop"[22m

Expected the element to have attribute:
[32m  href="/listings/coffee-shop"[31m
Received:
[31m  href="/listing/coffee-shop"[31m[39m
[36m [2m❯[22m tests/unit/components/business/dashboard/ListingsTable.test.tsx:[2m68:28[22m[39m
    [90m 66| [39m
    [90m 67| [39m        [35mconst[39m publicLink [33m=[39m screen[33m.[39m[34mgetByText[39m([32m"Coffee Shop"[39m)[33m;[39m
    [90m 68| [39m        expect(publicLink).toHaveAttribute('href', '/listings/coffee-s…
    [90m   | [39m                           [31m^[39m
    [90m 69| [39m    })[33m;[39m
    [90m 70| [39m

[31m[2m⎯⎯⎯⎯⎯⎯⎯⎯⎯⎯⎯⎯⎯⎯⎯⎯⎯⎯⎯⎯⎯⎯[31/45]⎯[22m[39m

[41m[1m FAIL [22m[49m tests/unit/components/public/search/SearchFilterBar.test.tsx[2m > [22mSearchFilterBar Component[2m > [22mcalls onCategoryChange when a chip is clicked
[31m[1mAssertionError[22m: expected "vi.fn()" to be called with arguments: [ 'food' ][90m

Number of calls: [1m0[22m
[31m[39m
[36m [2m❯[22m tests/unit/components/public/search/SearchFilterBar.test.tsx:[2m67:36[22m[39m
    [90m 65| [39m        [34mrenderBar[39m()[33m;[39m
    [90m 66| [39m        fireEvent[33m.[39m[34mclick[39m(screen[33m.[39m[34mgetByText[39m([32m"Food"[39m))[33m;[39m
    [90m 67| [39m        [34mexpect[39m(mockCategoryChange)[33m.[39m[34mtoHaveBeenCalledWith[39m([32m"food"[39m)[33m;[39m
    [90m   | [39m                                   [31m^[39m
    [90m 68| [39m    })[33m;[39m
    [90m 69| [39m

[31m[2m⎯⎯⎯⎯⎯⎯⎯⎯⎯⎯⎯⎯⎯⎯⎯⎯⎯⎯⎯⎯⎯⎯[32/45]⎯[22m[39m

[41m[1m FAIL [22m[49m tests/unit/components/public/search/SearchFilterBar.test.tsx[2m > [22mSearchFilterBar Component[2m > [22mhighlights active filters correctly
[31m[1mError[22m: [2mexpect([22m[31mreceived[31m[2m).toHaveClass()[22m

[31mreceived[31m value must be an HTMLElement or an SVGElement.
Received has type:  Null
Received has value: [31mnull[31m[39m
[36m [2m❯[22m tests/unit/components/public/search/SearchFilterBar.test.tsx:[2m83:26[22m[39m
    [90m 81| [39m
    [90m 82| [39m        [35mconst[39m foodChip [33m=[39m screen[33m.[39m[34mgetByText[39m([32m"Food"[39m)[33m.[39m[34mclosest[39m([32m'button'[39m)[33m;[39m
    [90m 83| [39m        [34mexpect[39m(foodChip)[33m.[39m[34mtoHaveClass[39m([32m"bg-secondary"[39m)[33m;[39m
    [90m   | [39m                         [31m^[39m
    [90m 84| [39m    })[33m;[39m
    [90m 85| [39m

[31m[2m⎯⎯⎯⎯⎯⎯⎯⎯⎯⎯⎯⎯⎯⎯⎯⎯⎯⎯⎯⎯⎯⎯[33/45]⎯[22m[39m

[41m[1m FAIL [22m[49m tests/unit/components/public/search/SplitMapView.test.tsx[2m > [22mSplitMapView Component[2m > [22mrenders loading state initially then results
[31m[1mError[22m[39m: [2mexpect([22m[31melement[39m[2m).not.toBeInTheDocument()[22m

[31mexpected document not to contain element, found <p
  class="text-sm text-muted-foreground"
>
  Loading map…
</p> instead[39m

Ignored nodes: comments, script, style
[36m<html>[39m
  [36m<head />[39m
  [36m<body>[39m
    [36m<div>[39m
      [36m<div[39m
        [33mclass[39m=[32m"flex flex-col"[39m
      [36m>[39m
        [36m<div[39m
          [33mclass[39m=[32m"flex border-b border-border lg:hidden"[39m
        [36m>[39m
          [36m<button[39m
            [33mclass[39m=[32m"flex flex-1 items-center justify-center gap-2 py-2.5 text-sm font-medium capitalize transition-colors border-b-2 border-secondary text-secondary"[39m
          [36m>[39m
            [36m<svg[39m
              [33maria-hidden[39m=[32m"true"[39m
              [33mclass[39m=[32m"lucide lucide-map-pin h-4 w-4"[39m
              [33mfill[39m=[32m"none"[39m
              [33mheight[39m=[32m"24"[39m
              [33mstroke[39m=[32m"currentColor"[39m
              [33mstroke-linecap[39m=[32m"round"[39m
              [33mstroke-linejoin[39m=[32m"round"[39m
              [33mstroke-width[39m=[32m"2"[39m
              [33mviewBox[39m=[32m"0 0 24 24"[39m
              [33mwidth[39m=[32m"24"[39m
              [33mxmlns[39m=[32m"http://www.w3.org/2000/svg"[39m
            [36m>[39m
              [36m<path[39m
                [33md[39m=[32m"M20 10c0 4.993-5.539 10.193-7.399 11.799a1 1 0 0 1-1.202 0C9.539 20.193 4 14.993 4 10a8 8 0 0 1 16 0"[39m
              [36m/>[39m
              [36m<circle[39m
                [33mcx[39m=[32m"12"[39m
                [33mcy[39m=[32m"10"[39m
                [33mr[39m=[32m"3"[39m
              [36m/>[39m
            [36m</svg>[39m
            [0mmap[0m
          [36m</button>[39m
          [36m<button[39m
            [33mclass[39m=[32m"flex flex-1 items-center justify-center gap-2 py-2.5 text-sm font-medium capitalize transition-colors text-muted-foreground hover:text-foreground"[39m
          [36m>[39m
            [36m<svg[39m
              [33maria-hidden[39m=[32m"true"[39m
              [33mclass[39m=[32m"lucide lucide-list h-4 w-4"[39m
              [33mfill[39m=[32m"none"[39m
              [33mheight[39m=[32m"24"[39m
              [33mstroke[39m=[32m"currentColor"[39m
              [33mstroke-linecap[39m=[32m"round"[39m
              [33mstroke-linejoin[39m=[32m"round"[39m
              [33mstroke-width[39m=[32m"2"[39m
              [33mviewBox[39m=[32m"0 0 24 24"[39m
              [33mwidth[39m=[32m"24"[39m
              [33mxmlns[39m=[32m"http://www.w3.org/2000/svg"[39m
            [36m>[39m
              [36m<path[39m
                [33md[39m=[32m"M3 5h.01"[39m
              [36m/>[39m
              [36m<path[39m
                [33md[39m=[32m"M3 12h.01"[39m
              [36m/>[39m
              [36m<path[39m
                [33md[39m=[32m"M3 19h.01"[39m
              [36m/>[39m
              [36m<path[39m
                [33md[39m=[32m"M8 5h13"[39m
              [36m/>[39m
              [36m<path[39m
                [33md[39m=[32m"M8 12h13"[39m
              [36m/>[39m
              [36m<path[39m
                [33md[39m=[32m"M8 19h13"[39m
              [36m/>[39m
            [36m</svg>[39m
            [0mlist[0m
          [36m</button>[39m
        [36m</div>[39m
        [36m<div[39m
          [33mclass[39m=[32m"flex h-[600px] gap-0 overflow-hidden rounded-xl border border-border lg:h-[680px]"[39m
        [36m>[39m
          [36m<div[39m
            [33mclass[39m=[32m"relative shrink-0 overflow-hidden w-full lg:w-[60%]"[39m
          [36m>[39m
            [36m<div[39m
              [33mclass[39m=[32m"flex h-full items-center justify-center bg-muted"[39m
            [36m>[39m
              [36m<p[39m
                [33mclass[39m=[32m"text-sm text-muted-foreground"[39m
              [36m>[39m
                [0mLoading map…[0m
              [36m</p>[39m
            [36m</div>[39m
          [36m</div>[39m
          [36m<div[39m
            [33mclass[39m=[32m"flex-col overflow-y-auto border-l border-border bg-background w-full lg:w-[40%] hidden lg:flex"[39m
          [36m>[39m
            [36m<div[39m
              [33mclass[39m=[32m"group flex cursor-pointer gap-3 border-b border-border p-3 transition-colors last:border-0 hover:bg-accent"[39m
              [33mdata-listing-id[39m=[32m"1"[39m
            [36m>[39m
              [36m<div[39m
                [33mclass[39m=[32m"relative h-16 w-20 shrink-0 overflow-hidden rounded-lg bg-muted"[39m
              [36m>[39m
                [36m<div[39m
                  [33mclass[39m=[32m"flex h-full w-full items-center justify-center text-2xl"[39m
                [36m>[39m
                  [0m🏢[0m
                [36m</div>[39m
              [36m</div>[39m
              [36m<div[39m
                [33mclass[39m=[32m"min-w-0 flex-1"[39m
              [36m>[39m
                [36m<a[39m
                  [33mclass[39m=[32m"text-sm font-semibold text-foreground line-clamp-1 hover:text-secondary transition-colors"[39m
                  [33mhref[39m=[32m"/listing/test-1"[39m
                [36m>[39m
                  [0mTest Biz 1[0m
                [36m</a>[39m
                [36m<div[39m
                  [33mclass[39m=[32m"mt-1 flex items-center gap-1.5"[39m
                [36m/>[39m
              [36m</div>[39m
            [36m</div>[39m
            [36m<div[39m
              [33mclass[39m=[32m"group flex cursor-pointer gap-3 border-b border-border p-3 transition-colors last:border-0 hover:bg-accent"[39m
              [33mdata-listing-id[39m=[32m"2"[39m
            [36m>[39m
              [36m<div[39m
                [33mclass[39m=[32m"relative h-16 w-20 shrink-0 overflow-hidden rounded-lg bg-muted"[39m
              [36m>[39m
                [36m<div[39m
                  [33mclass[39m=[32m"flex h-full w-full items-center justify-center text-2xl"[39m
                [36m>[39m
                  [0m🏢[0m
                [36m</div>[39m
              [36m</div>[39m
              [36m<div[39m
                [33mclass[39m=[32m"min-w-0 flex-1"[39m
              [36m>[39m
                [36m<a[39m
                  [33mclass[39m=[32m"text-sm font-semibold text-foreground line-clamp-1 hover:text-secondary transition-colors"[39m
                  [33mhref[39m=[32m"/listing/test-2"[39m
                [36m>[39m
                  [0mFeatured Biz[0m
                [36m</a>[39m
                [36m<div[39m
                  [33mclass[39m=[32m"mt-1 flex items-center gap-1.5"[39m
                [36m>[39m
                  [36m<span[39m
                    [33mclass[39m=[32m"rounded-full bg-orange-100 px-1.5 py-0.5 text-[10px] font-medium text-orange-700 dark:bg-orange-950/40 dark:text-orange-400"[39m
                  [36m>[39m
                    [0mFeatured[0m
                  [36m</span>[39m
                [36m</div>[39m
              [36m</div>[39m
            [36m</div>[39m
          [36m</div>[39m
        [36m</div>[39m
      [36m</div>[39m
    [36m</div>[39m
  [36m</body>[39m
[36m</html>[39m
[36m [2m❯[22m __vi_import_1__.waitFor.timeout tests/unit/components/public/search/SplitMapView.test.tsx:[2m55:61[22m[39m
    [90m 53| [39m        // Use waitFor to wait for the transition away from "Loading m…
    [90m 54| [39m        [35mawait[39m [34mwaitFor[39m(() [33m=>[39m {
    [90m 55| [39m            expect(screen.queryByText(/Loading map…/i)).not.toBeInTheD…
    [90m   | [39m                                                            [31m^[39m
    [90m 56| [39m        }[33m,[39m { timeout[33m:[39m [34m2000[39m })[33m;[39m
    [90m 57| [39m
[90m [2m❯[22m runWithExpensiveErrorDiagnosticsDisabled node_modules/@testing-library/dom/dist/config.js:[2m47:12[22m[39m
[90m [2m❯[22m checkCallback node_modules/@testing-library/dom/dist/wait-for.js:[2m124:77[22m[39m
[90m [2m❯[22m Timeout.checkRealTimersCallback node_modules/@testing-library/dom/dist/wait-for.js:[2m118:16[22m[39m

[31m[2m⎯⎯⎯⎯⎯⎯⎯⎯⎯⎯⎯⎯⎯⎯⎯⎯⎯⎯⎯⎯⎯⎯[34/45]⎯[22m[39m

[41m[1m FAIL [22m[49m tests/unit/components/public/search/SplitMapView.test.tsx[2m > [22mSplitMapView Component[2m > [22mdisplays 'No results' message when listings are empty
[31m[1mError[22m: [2mexpect([22m[31melement[31m[2m).not.toBeInTheDocument()[22m

[31mexpected document not to contain element, found <p
  class="text-sm text-muted-foreground"
>
  Loading map…
</p> instead[31m

Ignored nodes: comments, script, style
[36m<html>[31m
  [36m<head />[31m
  [36m<body>[31m
    [36m<div>[31m
      [36m<div[31m
        [33mclass[31m=[32m"flex flex-col"[31m
      [36m>[31m
        [36m<div[31m
          [33mclass[31m=[32m"flex border-b border-border lg:hidden"[31m
        [36m>[31m
          [36m<button[31m
            [33mclass[31m=[32m"flex flex-1 items-center justify-center gap-2 py-2.5 text-sm font-medium capitalize transition-colors border-b-2 border-secondary text-secondary"[31m
          [36m>[31m
            [36m<svg[31m
              [33maria-hidden[31m=[32m"true"[31m
              [33mclass[31m=[32m"lucide lucide-map-pin h-4 w-4"[31m
              [33mfill[31m=[32m"none"[31m
              [33mheight[31m=[32m"24"[31m
              [33mstroke[31m=[32m"currentColor"[31m
              [33mstroke-linecap[31m=[32m"round"[31m
              [33mstroke-linejoin[31m=[32m"round"[31m
              [33mstroke-width[31m=[32m"2"[31m
              [33mviewBox[31m=[32m"0 0 24 24"[31m
              [33mwidth[31m=[32m"24"[31m
              [33mxmlns[31m=[32m"http://www.w3.org/2000/svg"[31m
            [36m>[31m
              [36m<path[31m
                [33md[31m=[32m"M20 10c0 4.993-5.539 10.193-7.399 11.799a1 1 0 0 1-1.202 0C9.539 20.193 4 14.993 4 10a8 8 0 0 1 16 0"[31m
              [36m/>[31m
              [36m<circle[31m
                [33mcx[31m=[32m"12"[31m
                [33mcy[31m=[32m"10"[31m
                [33mr[31m=[32m"3"[31m
              [36m/>[31m
            [36m</svg>[31m
            [0mmap[0m
          [36m</button>[31m
          [36m<button[31m
            [33mclass[31m=[32m"flex flex-1 items-center justify-center gap-2 py-2.5 text-sm font-medium capitalize transition-colors text-muted-foreground hover:text-foreground"[31m
          [36m>[31m
            [36m<svg[31m
              [33maria-hidden[31m=[32m"true"[31m
              [33mclass[31m=[32m"lucide lucide-list h-4 w-4"[31m
              [33mfill[31m=[32m"none"[31m
              [33mheight[31m=[32m"24"[31m
              [33mstroke[31m=[32m"currentColor"[31m
              [33mstroke-linecap[31m=[32m"round"[31m
              [33mstroke-linejoin[31m=[32m"round"[31m
              [33mstroke-width[31m=[32m"2"[31m
              [33mviewBox[31m=[32m"0 0 24 24"[31m
              [33mwidth[31m=[32m"24"[31m
              [33mxmlns[31m=[32m"http://www.w3.org/2000/svg"[31m
            [36m>[31m
              [36m<path[31m
                [33md[31m=[32m"M3 5h.01"[31m
              [36m/>[31m
              [36m<path[31m
                [33md[31m=[32m"M3 12h.01"[31m
              [36m/>[31m
              [36m<path[31m
                [33md[31m=[32m"M3 19h.01"[31m
              [36m/>[31m
              [36m<path[31m
                [33md[31m=[32m"M8 5h13"[31m
              [36m/>[31m
              [36m<path[31m
                [33md[31m=[32m"M8 12h13"[31m
              [36m/>[31m
              [36m<path[31m
                [33md[31m=[32m"M8 19h13"[31m
              [36m/>[31m
            [36m</svg>[31m
            [0mlist[0m
          [36m</button>[31m
        [36m</div>[31m
        [36m<div[31m
          [33mclass[31m=[32m"flex h-[600px] gap-0 overflow-hidden rounded-xl border border-border lg:h-[680px]"[31m
        [36m>[31m
          [36m<div[31m
            [33mclass[31m=[32m"relative shrink-0 overflow-hidden w-full lg:w-[60%]"[31m
          [36m>[31m
            [36m<div[31m
              [33mclass[31m=[32m"flex h-full items-center justify-center bg-muted"[31m
            [36m>[31m
              [36m<p[31m
                [33mclass[31m=[32m"text-sm text-muted-foreground"[31m
              [36m>[31m
                [0mLoading map…[0m
              [36m</p>[31m
            [36m</div>[31m
          [36m</div>[31m
          [36m<div[31m
            [33mclass[31m=[32m"flex-col overflow-y-auto border-l border-border bg-background w-full lg:w-[40%] hidden lg:flex"[31m
          [36m>[31m
            [36m<div[31m
              [33mclass[31m=[32m"flex flex-1 items-center justify-center p-8 text-center"[31m
            [36m>[31m
              [36m<p[31m
                [33mclass[31m=[32m"text-sm text-muted-foreground"[31m
              [36m>[31m
                [0mNo results with map coordinates.[0m
              [36m</p>[31m
            [36m</div>[31m
          [36m</div>[31m
        [36m</div>[31m
      [36m</div>[31m
    [36m</div>[31m
  [36m</body>[31m
[36m</html>[31m[39m
[36m [2m❯[22m tests/unit/components/public/search/SplitMapView.test.tsx:[2m68:61[22m[39m
    [90m 66| [39m
    [90m 67| [39m        [35mawait[39m [34mwaitFor[39m(() [33m=>[39m {
    [90m 68| [39m            expect(screen.queryByText(/Loading map…/i)).not.toBeInTheD…
    [90m   | [39m                                                            [31m^[39m
    [90m 69| [39m        })[33m;[39m
    [90m 70| [39m
[90m [2m❯[22m runWithExpensiveErrorDiagnosticsDisabled node_modules/@testing-library/dom/dist/config.js:[2m47:12[22m[39m
[90m [2m❯[22m checkCallback node_modules/@testing-library/dom/dist/wait-for.js:[2m124:77[22m[39m
[90m [2m❯[22m Timeout.checkRealTimersCallback node_modules/@testing-library/dom/dist/wait-for.js:[2m118:16[22m[39m

[31m[2m⎯⎯⎯⎯⎯⎯⎯⎯⎯⎯⎯⎯⎯⎯⎯⎯⎯⎯⎯⎯⎯⎯[35/45]⎯[22m[39m

[41m[1m FAIL [22m[49m tests/unit/components/public/search/SplitMapView.test.tsx[2m > [22mSplitMapView Component[2m > [22mshows Featured badge for featured listings in the list view
[31m[1mError[22m[39m: [2mexpect([22m[31melement[39m[2m).not.toBeInTheDocument()[22m

[31mexpected document not to contain element, found <p
  class="text-sm text-muted-foreground"
>
  Loading map…
</p> instead[39m

Ignored nodes: comments, script, style
[36m<html>[39m
  [36m<head />[39m
  [36m<body>[39m
    [36m<div>[39m
      [36m<div[39m
        [33mclass[39m=[32m"flex flex-col"[39m
      [36m>[39m
        [36m<div[39m
          [33mclass[39m=[32m"flex border-b border-border lg:hidden"[39m
        [36m>[39m
          [36m<button[39m
            [33mclass[39m=[32m"flex flex-1 items-center justify-center gap-2 py-2.5 text-sm font-medium capitalize transition-colors border-b-2 border-secondary text-secondary"[39m
          [36m>[39m
            [36m<svg[39m
              [33maria-hidden[39m=[32m"true"[39m
              [33mclass[39m=[32m"lucide lucide-map-pin h-4 w-4"[39m
              [33mfill[39m=[32m"none"[39m
              [33mheight[39m=[32m"24"[39m
              [33mstroke[39m=[32m"currentColor"[39m
              [33mstroke-linecap[39m=[32m"round"[39m
              [33mstroke-linejoin[39m=[32m"round"[39m
              [33mstroke-width[39m=[32m"2"[39m
              [33mviewBox[39m=[32m"0 0 24 24"[39m
              [33mwidth[39m=[32m"24"[39m
              [33mxmlns[39m=[32m"http://www.w3.org/2000/svg"[39m
            [36m>[39m
              [36m<path[39m
                [33md[39m=[32m"M20 10c0 4.993-5.539 10.193-7.399 11.799a1 1 0 0 1-1.202 0C9.539 20.193 4 14.993 4 10a8 8 0 0 1 16 0"[39m
              [36m/>[39m
              [36m<circle[39m
                [33mcx[39m=[32m"12"[39m
                [33mcy[39m=[32m"10"[39m
                [33mr[39m=[32m"3"[39m
              [36m/>[39m
            [36m</svg>[39m
            [0mmap[0m
          [36m</button>[39m
          [36m<button[39m
            [33mclass[39m=[32m"flex flex-1 items-center justify-center gap-2 py-2.5 text-sm font-medium capitalize transition-colors text-muted-foreground hover:text-foreground"[39m
          [36m>[39m
            [36m<svg[39m
              [33maria-hidden[39m=[32m"true"[39m
              [33mclass[39m=[32m"lucide lucide-list h-4 w-4"[39m
              [33mfill[39m=[32m"none"[39m
              [33mheight[39m=[32m"24"[39m
              [33mstroke[39m=[32m"currentColor"[39m
              [33mstroke-linecap[39m=[32m"round"[39m
              [33mstroke-linejoin[39m=[32m"round"[39m
              [33mstroke-width[39m=[32m"2"[39m
              [33mviewBox[39m=[32m"0 0 24 24"[39m
              [33mwidth[39m=[32m"24"[39m
              [33mxmlns[39m=[32m"http://www.w3.org/2000/svg"[39m
            [36m>[39m
              [36m<path[39m
                [33md[39m=[32m"M3 5h.01"[39m
              [36m/>[39m
              [36m<path[39m
                [33md[39m=[32m"M3 12h.01"[39m
              [36m/>[39m
              [36m<path[39m
                [33md[39m=[32m"M3 19h.01"[39m
              [36m/>[39m
              [36m<path[39m
                [33md[39m=[32m"M8 5h13"[39m
              [36m/>[39m
              [36m<path[39m
                [33md[39m=[32m"M8 12h13"[39m
              [36m/>[39m
              [36m<path[39m
                [33md[39m=[32m"M8 19h13"[39m
              [36m/>[39m
            [36m</svg>[39m
            [0mlist[0m
          [36m</button>[39m
        [36m</div>[39m
        [36m<div[39m
          [33mclass[39m=[32m"flex h-[600px] gap-0 overflow-hidden rounded-xl border border-border lg:h-[680px]"[39m
        [36m>[39m
          [36m<div[39m
            [33mclass[39m=[32m"relative shrink-0 overflow-hidden w-full lg:w-[60%]"[39m
          [36m>[39m
            [36m<div[39m
              [33mclass[39m=[32m"flex h-full items-center justify-center bg-muted"[39m
            [36m>[39m
              [36m<p[39m
                [33mclass[39m=[32m"text-sm text-muted-foreground"[39m
              [36m>[39m
                [0mLoading map…[0m
              [36m</p>[39m
            [36m</div>[39m
          [36m</div>[39m
          [36m<div[39m
            [33mclass[39m=[32m"flex-col overflow-y-auto border-l border-border bg-background w-full lg:w-[40%] hidden lg:flex"[39m
          [36m>[39m
            [36m<div[39m
              [33mclass[39m=[32m"group flex cursor-pointer gap-3 border-b border-border p-3 transition-colors last:border-0 hover:bg-accent"[39m
              [33mdata-listing-id[39m=[32m"1"[39m
            [36m>[39m
              [36m<div[39m
                [33mclass[39m=[32m"relative h-16 w-20 shrink-0 overflow-hidden rounded-lg bg-muted"[39m
              [36m>[39m
                [36m<div[39m
                  [33mclass[39m=[32m"flex h-full w-full items-center justify-center text-2xl"[39m
                [36m>[39m
                  [0m🏢[0m
                [36m</div>[39m
              [36m</div>[39m
              [36m<div[39m
                [33mclass[39m=[32m"min-w-0 flex-1"[39m
              [36m>[39m
                [36m<a[39m
                  [33mclass[39m=[32m"text-sm font-semibold text-foreground line-clamp-1 hover:text-secondary transition-colors"[39m
                  [33mhref[39m=[32m"/listing/test-1"[39m
                [36m>[39m
                  [0mTest Biz 1[0m
                [36m</a>[39m
                [36m<div[39m
                  [33mclass[39m=[32m"mt-1 flex items-center gap-1.5"[39m
                [36m/>[39m
              [36m</div>[39m
            [36m</div>[39m
            [36m<div[39m
              [33mclass[39m=[32m"group flex cursor-pointer gap-3 border-b border-border p-3 transition-colors last:border-0 hover:bg-accent"[39m
              [33mdata-listing-id[39m=[32m"2"[39m
            [36m>[39m
              [36m<div[39m
                [33mclass[39m=[32m"relative h-16 w-20 shrink-0 overflow-hidden rounded-lg bg-muted"[39m
              [36m>[39m
                [36m<div[39m
                  [33mclass[39m=[32m"flex h-full w-full items-center justify-center text-2xl"[39m
                [36m>[39m
                  [0m🏢[0m
                [36m</div>[39m
              [36m</div>[39m
              [36m<div[39m
                [33mclass[39m=[32m"min-w-0 flex-1"[39m
              [36m>[39m
                [36m<a[39m
                  [33mclass[39m=[32m"text-sm font-semibold text-foreground line-clamp-1 hover:text-secondary transition-colors"[39m
                  [33mhref[39m=[32m"/listing/test-2"[39m
                [36m>[39m
                  [0mFeatured Biz[0m
                [36m</a>[39m
                [36m<div[39m
                  [33mclass[39m=[32m"mt-1 flex items-center gap-1.5"[39m
                [36m>[39m
                  [36m<span[39m
                    [33mclass[39m=[32m"rounded-full bg-orange-100 px-1.5 py-0.5 text-[10px] font-medium text-orange-700 dark:bg-orange-950/40 dark:text-orange-400"[39m
                  [36m>[39m
                    [0mFeatured[0m
                  [36m</span>[39m
                [36m</div>[39m
              [36m</div>[39m
            [36m</div>[39m
          [36m</div>[39m
        [36m</div>[39m
      [36m</div>[39m
    [36m</div>[39m
  [36m</body>[39m
[36m</html>[39m
[36m [2m❯[22m tests/unit/components/public/search/SplitMapView.test.tsx:[2m78:61[22m[39m
    [90m 76| [39m
    [90m 77| [39m        [35mawait[39m [34mwaitFor[39m(() [33m=>[39m {
    [90m 78| [39m            expect(screen.queryByText(/Loading map…/i)).not.toBeInTheD…
    [90m   | [39m                                                            [31m^[39m
    [90m 79| [39m        })[33m;[39m
    [90m 80| [39m
[90m [2m❯[22m runWithExpensiveErrorDiagnosticsDisabled node_modules/@testing-library/dom/dist/config.js:[2m47:12[22m[39m
[90m [2m❯[22m checkCallback node_modules/@testing-library/dom/dist/wait-for.js:[2m124:77[22m[39m
[90m [2m❯[22m Timeout.checkRealTimersCallback node_modules/@testing-library/dom/dist/wait-for.js:[2m118:16[22m[39m

[31m[2m⎯⎯⎯⎯⎯⎯⎯⎯⎯⎯⎯⎯⎯⎯⎯⎯⎯⎯⎯⎯⎯⎯[36/45]⎯[22m[39m

[31m⎯⎯⎯⎯⎯⎯[39m[1m[41m Unhandled Errors [49m[22m[31m⎯⎯⎯⎯⎯⎯[39m
[31m[1m
Vitest caught 3 unhandled errors during the test run.
This might cause false positive tests. Resolve unhandled errors to make sure your tests are not affected.[22m[39m

[31m⎯⎯⎯⎯[39m[1m[41m Unhandled Rejection [49m[22m[31m⎯⎯⎯⎯⎯[39m
[31m[1mError[22m: [vitest] No "useMapEvents" export is defined on the "react-leaflet" mock. Did you forget to return it from "vi.mock"?
If you need to partially mock a module, you can use "importOriginal" helper inside:
[39m
vi.mock(import("react-leaflet"), async (importOriginal) => {
  const actual = await importOriginal()
  return {
    ...actual,
    // your mocked methods
  }
})

[90m [2m❯[22m VitestMocker.createError ../../../Vawn%20Harvey/Desktop/galapo/node_modules/vitest/dist/chunks/startModuleRunner.DEj0jb3e.js:[2m311:17[22m[39m
[90m [2m❯[22m Object.get ../../../Vawn%20Harvey/Desktop/galapo/node_modules/vitest/dist/chunks/startModuleRunner.DEj0jb3e.js:[2m384:16[22m[39m
[36m [2m❯[22m components/public/search/SplitMapView.tsx:[2m118:34[22m[39m
    [90m116| [39m                [33mL[39m[33m:[39m [33mL[39m[33m.[39m[35mdefault[39m [33m??[39m [33mL[39m[33m,[39m
    [90m117| [39m                useMap[33m:[39m rl[33m.[39museMap[33m,[39m
    [90m118| [39m                useMapEvents[33m:[39m rl[33m.[39museMapEvents[33m,[39m
    [90m   | [39m                                 [31m^[39m
    [90m119| [39m            })[33m;[39m
    [90m120| [39m        })[33m;[39m
[90m [2m❯[22m processTicksAndRejections node:internal/process/task_queues:[2m103:5[22m[39m

[31mThis error originated in "[1mtests/unit/components/public/search/SplitMapView.test.tsx[22m" test file. It doesn't mean the error was thrown inside the file itself, but while it was running.[39m
[31mThe latest test that might've caused the error is "[1mrenders loading state initially then results[22m". It might mean one of the following:
- The error was thrown, while Vitest was running this test.
- If the error occurred after the test had been completed, this was the last documented test before it was thrown.[39m

[31m⎯⎯⎯⎯[39m[1m[41m Unhandled Rejection [49m[22m[31m⎯⎯⎯⎯⎯[39m
[31m[1mError[22m: [vitest] No "useMapEvents" export is defined on the "react-leaflet" mock. Did you forget to return it from "vi.mock"?
If you need to partially mock a module, you can use "importOriginal" helper inside:
[39m
vi.mock(import("react-leaflet"), async (importOriginal) => {
  const actual = await importOriginal()
  return {
    ...actual,
    // your mocked methods
  }
})

[90m [2m❯[22m VitestMocker.createError ../../../Vawn%20Harvey/Desktop/galapo/node_modules/vitest/dist/chunks/startModuleRunner.DEj0jb3e.js:[2m311:17[22m[39m
[90m [2m❯[22m Object.get ../../../Vawn%20Harvey/Desktop/galapo/node_modules/vitest/dist/chunks/startModuleRunner.DEj0jb3e.js:[2m384:16[22m[39m
[36m [2m❯[22m components/public/search/SplitMapView.tsx:[2m118:34[22m[39m
    [90m116| [39m                [33mL[39m[33m:[39m [33mL[39m[33m.[39m[35mdefault[39m [33m??[39m [33mL[39m[33m,[39m
    [90m117| [39m                useMap[33m:[39m rl[33m.[39museMap[33m,[39m
    [90m118| [39m                useMapEvents[33m:[39m rl[33m.[39museMapEvents[33m,[39m
    [90m   | [39m                                 [31m^[39m
    [90m119| [39m            })[33m;[39m
    [90m120| [39m        })[33m;[39m

[31mThis error originated in "[1mtests/unit/components/public/search/SplitMapView.test.tsx[22m" test file. It doesn't mean the error was thrown inside the file itself, but while it was running.[39m
[31mThe latest test that might've caused the error is "[1mdisplays 'No results' message when listings are empty[22m". It might mean one of the following:
- The error was thrown, while Vitest was running this test.
- If the error occurred after the test had been completed, this was the last documented test before it was thrown.[39m

[31m⎯⎯⎯⎯[39m[1m[41m Unhandled Rejection [49m[22m[31m⎯⎯⎯⎯⎯[39m
[31m[1mError[22m: [vitest] No "useMapEvents" export is defined on the "react-leaflet" mock. Did you forget to return it from "vi.mock"?
If you need to partially mock a module, you can use "importOriginal" helper inside:
[39m
vi.mock(import("react-leaflet"), async (importOriginal) => {
  const actual = await importOriginal()
  return {
    ...actual,
    // your mocked methods
  }
})

[90m [2m❯[22m VitestMocker.createError ../../../Vawn%20Harvey/Desktop/galapo/node_modules/vitest/dist/chunks/startModuleRunner.DEj0jb3e.js:[2m311:17[22m[39m
[90m [2m❯[22m Object.get ../../../Vawn%20Harvey/Desktop/galapo/node_modules/vitest/dist/chunks/startModuleRunner.DEj0jb3e.js:[2m384:16[22m[39m
[36m [2m❯[22m components/public/search/SplitMapView.tsx:[2m118:34[22m[39m
    [90m116| [39m                [33mL[39m[33m:[39m [33mL[39m[33m.[39m[35mdefault[39m [33m??[39m [33mL[39m[33m,[39m
    [90m117| [39m                useMap[33m:[39m rl[33m.[39museMap[33m,[39m
    [90m118| [39m                useMapEvents[33m:[39m rl[33m.[39museMapEvents[33m,[39m
    [90m   | [39m                                 [31m^[39m
    [90m119| [39m            })[33m;[39m
    [90m120| [39m        })[33m;[39m

[31mThis error originated in "[1mtests/unit/components/public/search/SplitMapView.test.tsx[22m" test file. It doesn't mean the error was thrown inside the file itself, but while it was running.[39m
[31mThe latest test that might've caused the error is "[1mshows Featured badge for featured listings in the list view[22m". It might mean one of the following:
- The error was thrown, while Vitest was running this test.
- If the error occurred after the test had been completed, this was the last documented test before it was thrown.[39m
[31m⎯⎯⎯⎯⎯⎯⎯⎯⎯⎯⎯⎯⎯⎯⎯⎯⎯⎯⎯⎯⎯⎯⎯⎯⎯⎯⎯⎯⎯⎯[39m


[2m Test Files [22m [1m[31m20 failed[39m[22m[2m | [22m[1m[32m42 passed[39m[22m[90m (62)[39m
[2m      Tests [22m [1m[31m43 failed[39m[22m[2m | [22m[1m[32m289 passed[39m[22m[90m (332)[39m
[2m     Errors [22m [1m[31m3 errors[39m[22m
[2m   Start at [22m 14:58:24
[2m   Duration [22m 122.53s[2m (transform 10.29s, setup 81.18s, import 36.78s, tests 33.07s, environment 169.87s)[22m

